Archive member included because of file (symbol)

../../../ecrobot/../ecrobot/libecrobot.a(ecrobot_HiTechnic.o)
                              build/unit/BalancerUnit.o (ecrobot_get_gyro_sensor)
../../../ecrobot/../ecrobot/libecrobot.a(ecrobot_interface.o)
                              build/unit/BalancerUnit.o (ecrobot_set_motor_rev)
../../../ecrobot/../ecrobot/libecrobot.a(colorsensor.o)
                              ../../../ecrobot/../ecrobot/libecrobot.a(ecrobot_interface.o) (colorsensor_init)
../../../ecrobot/../ecrobot/libecrobot.a(uart.oram)
                              build/config/at91sam7s-gnu/irq.oram (uart_isr_C_0)
../../../ecrobot/../ecrobot/libecrobot.a(systick.oram)
                              build/syslib/at91sam7s-gnu/lego_nxt/hw_sys_timer.oram (systick_low_priority_C)
../../../ecrobot/../ecrobot/libecrobot.a(byte_fifo.oram)
                              ../../../ecrobot/../ecrobot/libecrobot.a(uart.oram) (byte_fifo_put)
../../../ecrobot/../ecrobot/libecrobot.a(aic.oram)
                              ../../../ecrobot/../ecrobot/libecrobot.a(uart.oram) (aic_set_vector)
../../../ecrobot/../ecrobot/libecrobot.a(udp.oram)
                              build/config/at91sam7s-gnu/irq.oram (udp_isr_C)
../../../ecrobot/../ecrobot/libecrobot.a(twi.oram)
                              build/config/at91sam7s-gnu/irq.oram (twi_isr_C)
../../../ecrobot/../ecrobot/libecrobot.a(nxt_spi.oram)
                              build/config/at91sam7s-gnu/irq.oram (spi_isr_C)
../../../ecrobot/../ecrobot/libecrobot.a(nxt_motors.oram)
                              build/unit/BalancerUnit.o (nxt_motor_get_count)
../../../ecrobot/../ecrobot/libecrobot.a(data_abort.oram)
                              build/ecrobot_init.o (data_abort_C)
../../../ecrobot/../ecrobot/libecrobot.a(display.oram)
                              build/ecrobot_base.o (display_update)
../../../ecrobot/../ecrobot/libecrobot.a(i2c.oram)
                              build/config/at91sam7s-gnu/irq.oram (i2c_timer_isr_C)
../../../ecrobot/../ecrobot/libecrobot.a(sound.oram)
                              ../../../ecrobot/../ecrobot/libecrobot.a(ecrobot_interface.o) (sound_get_time)
../../../ecrobot/../ecrobot/libecrobot.a(bt.oram)
                              build/ecrobot_bluetooth.o (bt_send)
../../../ecrobot/../ecrobot/libecrobot.a(nxt_avr.oram)
                              build/ecrobot_base.o (nxt_avr_power_down)
../../../ecrobot/../ecrobot/libecrobot.a(sensors.oram)
                              ../../../ecrobot/../ecrobot/libecrobot.a(ecrobot_interface.o) (unset_digi0)
../../../ecrobot/../ecrobot/libecrobot.a(sensors1.oram)
                              ../../../ecrobot/../ecrobot/libecrobot.a(colorsensor.o) (sensor_pins)
../../../ecrobot/../ecrobot/libecrobot.a(nxt_lcd.oram)
                              ../../../ecrobot/../ecrobot/libecrobot.a(display.oram) (nxt_lcd_force_update)
../../../ecrobot/../ecrobot/libecrobot.a(flash_loader.oram)
                              build/ecrobot_base.o (set_flash_request)
../../../ecrobot/../ecrobot/libecrobot.a(interrupts.oram)
                              ../../../ecrobot/../ecrobot/libecrobot.a(uart.oram) (interrupts_get_and_disable)
../../../ecrobot/../ecrobot/libecrobot.a(nxtosek_splash.obmp)
                              build/ecrobot_base.o (nxtosek_splash_bmp_start)
../../../ecrobot/../ecrobot/libecrobot.a(ecrobot_usb.o)
                              ../../../ecrobot/../ecrobot/libecrobot.a(flash_loader.oram) (ecrobot_init_usb)
../../../ecrobot/../ecrobot/libecrobot.a(flashprog.oram)
                              ../../../ecrobot/../ecrobot/libecrobot.a(flash_loader.oram) (flash_write_page)
../../../ecrobot/../ecrobot/libnxtway_gs_balancer.a(balancer.o)
                              build/unit/BalancerUnit.o (balance_control)
/cygdrive/C/cygwin/GNUARM/bin/../lib/gcc/arm-elf/4.0.2/thumb/interwork/libgcc.a(_udivsi3.o)
                              build/ecrobot_base.o (__udivsi3)
/cygdrive/C/cygwin/GNUARM/bin/../lib/gcc/arm-elf/4.0.2/thumb/interwork/libgcc.a(_divsi3.o)
                              build/unit/TimerUnit.o (__divsi3)
/cygdrive/C/cygwin/GNUARM/bin/../lib/gcc/arm-elf/4.0.2/thumb/interwork/libgcc.a(_umodsi3.o)
                              ../../../ecrobot/../ecrobot/libecrobot.a(display.oram) (__umodsi3)
/cygdrive/C/cygwin/GNUARM/bin/../lib/gcc/arm-elf/4.0.2/thumb/interwork/libgcc.a(_modsi3.o)
                              ../../../ecrobot/../ecrobot/libecrobot.a(sound.oram) (__modsi3)
/cygdrive/C/cygwin/GNUARM/bin/../lib/gcc/arm-elf/4.0.2/thumb/interwork/libgcc.a(_dvmd_tls.o)
                              /cygdrive/C/cygwin/GNUARM/bin/../lib/gcc/arm-elf/4.0.2/thumb/interwork/libgcc.a(_udivsi3.o) (__div0)
/cygdrive/C/cygwin/GNUARM/bin/../lib/gcc/arm-elf/4.0.2/thumb/interwork/libgcc.a(_addsubdf3.o)
                              build/controller/CalibrateActions.o (__adddf3)
/cygdrive/C/cygwin/GNUARM/bin/../lib/gcc/arm-elf/4.0.2/thumb/interwork/libgcc.a(_muldivdf3.o)
[...]
Memory Configuration

Name             Origin             Length             Attributes
header_ram       0x001ffff0         0x00000010
vector_ram       0x00200000         0x00000040
ram              0x00200040         0x0000ffc0
*default*        0x00000000         0xffffffff

Linker script and memory map

LOAD build/kernel/alarm.o
LOAD build/kernel/event.o
LOAD build/kernel/interrupt.o
LOAD build/kernel/osctl.o
LOAD build/kernel/resource.o
LOAD build/kernel/task.o
LOAD build/kernel/task_manage.o
LOAD build/config/at91sam7s-gnu/cpu_config.o
LOAD build/config/at91sam7s-gnu/lego_nxt/sys_config.o
LOAD build/./kernel_cfg.o
LOAD build/syscalls.o
LOAD build/ecrobot_bluetooth.o
LOAD build/ecrobot_base.o
LOAD build/ecrobot.o
LOAD build/com/balancer_param.o
LOAD build/controller/Runner.o
LOAD build/controller/Monitor.o
LOAD build/controller/RunActions.o
LOAD build/controller/CalibrateActions.o
LOAD build/unit/BumperUnit.o
LOAD build/unit/LineMonitorUnit.o
LOAD build/unit/DisplayUnit.o
LOAD build/unit/HornUnit.o
LOAD build/unit/TimerUnit.o
LOAD build/unit/CommunicationUnit.o
LOAD build/unit/BalancerUnit.o
LOAD build/unit/BlockMonitorUnit.o
LOAD build/controller/initDevice.o
LOAD build/syslib/at91sam7s-gnu/lego_nxt/hw_sys_timer.oram
LOAD build/nxtvm/platform/nxt/vectors.o
LOAD build/config/at91sam7s-gnu/debug.o
LOAD build/config/at91sam7s-gnu/lego_nxt/sys_support.o
LOAD build/nxt_binary_header.o
LOAD build/nxt_entry_point.o
LOAD build/ecrobot_init.o
LOAD build/config/at91sam7s-gnu/cpu_support.oram
LOAD build/config/at91sam7s-gnu/irq.oram
LOAD ../../../ecrobot/../c++/liblejososek.a
LOAD ../../../ecrobot/../ecrobot/libecrobot.a
LOAD ../../../ecrobot/../ecrobot/libnxtway_gs_balancer.a
LOAD /cygdrive/C/cygwin/GNUARM/bin/../lib/gcc/arm-elf/4.0.2/../../../../arm-elf/lib/thumb/interwork/libstdc++.a
LOAD /cygdrive/C/cygwin/GNUARM/bin/../lib/gcc/arm-elf/4.0.2/../../../../arm-elf/lib/thumb/interwork/libm.a
LOAD /cygdrive/C/cygwin/GNUARM/bin/../lib/gcc/arm-elf/4.0.2/thumb/interwork/libgcc.a
LOAD /cygdrive/C/cygwin/GNUARM/bin/../lib/gcc/arm-elf/4.0.2/../../../../arm-elf/lib/thumb/interwork/libc.a
LOAD /cygdrive/C/cygwin/GNUARM/bin/../lib/gcc/arm-elf/4.0.2/thumb/interwork/libgcc.a
                0x00200000                RAM_BASE = 0x200000
                0x00010000                RAM_SIZE = 0x10000

.header         0x001ffff0       0x10
 *nxt_binary_header.o(*.text *.text.*)
 .text          0x001ffff0       0x10 build/nxt_binary_header.o
                0x00200000                . = ALIGN (0x10)

.vectors        0x00200000       0x40
 vectors.o(*.text *.text.*)
 .text          0x00200000       0x38 build/nxtvm/platform/nxt/vectors.o
                0x00200040                . = ALIGN (0x10)
 *fill*         0x00200038        0x8 00
                0x00200000                __vectors_ram_start__ = ADDR (.vectors)
                0x00200040                __vectors_ram_end__ = (ADDR (.vectors) + SIZEOF (.vectors))
                0x00200000                __vectors_load_start__ = LOADADDR (.vectors)
                0x00200040                __vectors_load_end__ = (LOADADDR (.vectors) + SIZEOF (.vectors))

.entry          0x00200040       0x40
 *nxt_entry_point.o(*.text *.text.*)
 .text          0x00200040       0x38 build/nxt_entry_point.o
                0x00200040                NXT_Entry_Point
                0x00200080                . = ALIGN (0x10)
 *fill*         0x00200078        0x8 00

.init           0x00200080      0x280
 *ecrobot_init.o(*.text *.text.*)
 .text          0x00200080      0x280 build/ecrobot_init.o
                0x002001ec                undef_handler
                0x002001f4                prefetch_abort_handler
                0x002001f8                data_abort_handler
                0x002001f0                swi_handler
                0x00200080                start
                0x00200214                reserved_handler
                0x00200300                . = ALIGN (0x10)

.ram_text       0x00200300     0x35d0
                0x00200300                . = ALIGN (0x10)
 *.oram(*.text *.text.* *.glue*)
 .text.systick_isr_C1
                0x00200300       0x28 build/syslib/at91sam7s-gnu/lego_nxt/hw_sys_timer.oram
                0x00200300                systick_isr_C1
 *fill*         0x00200328        0x8 00
 .text          0x00200330      0x230 build/config/at91sam7s-gnu/cpu_support.oram
                0x00200510                enable_int
                0x002003b0                start_dispatch
                0x00200370                activate_r
                0x00200508                disable_int
                0x00200330                dispatch
                0x002004dc                int_return
                0x0020046c                _interrupt
                0x002003a0                exit_and_dispatch
                0x00200518                nop
 .text          0x00200560      0x2c0 build/config/at91sam7s-gnu/irq.oram
                0x00200560                default_isr
                0x002006ec                uart_isr_entry_0
                0x0020066c                twi_isr_entry
                0x0020072c                uart_isr_entry_1
                0x0020062c                spi_isr_entry
                0x002005ac                systick_low_priority_entry
                0x0020076c                nxt_motor_isr_entry
                0x002007ac                i2c_timer_isr_entry
                0x00200560                default_fiq
                0x00200564                systick_isr_entry
                0x00200560                spurious_isr
                0x002006ac                sound_isr_entry
                0x002005ec                udp_isr_entry
 .text.uart_process_isr
                0x00200820       0x88 ../../../ecrobot/../ecrobot/libecrobot.a(uart.oram)
 .text.uart_isr_C_0
                0x002008a8        0xc ../../../ecrobot/../ecrobot/libecrobot.a(uart.oram)
                0x002008a8                uart_isr_C_0
 .text.uart_isr_C_1
                0x002008b4        0xc ../../../ecrobot/../ecrobot/libecrobot.a(uart.oram)
                0x002008b4                uart_isr_C_1
 .text.systick_low_priority_C
                0x002008c0       0x1c ../../../ecrobot/../ecrobot/libecrobot.a(systick.oram)
                0x002008c0                systick_low_priority_C
 .text.systick_isr_C
                0x002008dc       0x24 ../../../ecrobot/../ecrobot/libecrobot.a(systick.oram)
                0x002008dc                systick_isr_C
 .text.systick_get_ms
                0x00200900        0xc ../../../ecrobot/../ecrobot/libecrobot.a(systick.oram)
                0x00200900                systick_get_ms
 .text.systick_wait_ms
                0x0020090c       0x1c ../../../ecrobot/../ecrobot/libecrobot.a(systick.oram)
                0x0020090c                systick_wait_ms
 .text.systick_wait_ns
                0x00200928       0x1c ../../../ecrobot/../ecrobot/libecrobot.a(systick.oram)
                0x00200928                systick_wait_ns
 .text.systick_init
                0x00200944       0x58 ../../../ecrobot/../ecrobot/libecrobot.a(systick.oram)
                0x00200944                systick_init
 .text.systick_suspend
                0x0020099c        0xc ../../../ecrobot/../ecrobot/libecrobot.a(systick.oram)
                0x0020099c                systick_suspend
 .text.systick_resume
                0x002009a8        0xc ../../../ecrobot/../ecrobot/libecrobot.a(systick.oram)
                0x002009a8                systick_resume
 .text.byte_fifo_put
                0x002009b4       0x58 ../../../ecrobot/../ecrobot/libecrobot.a(byte_fifo.oram)
                0x002009b4                byte_fifo_put
 .text.byte_fifo_get
                0x00200a0c       0x2c ../../../ecrobot/../ecrobot/libecrobot.a(byte_fifo.oram)
                0x00200a0c                byte_fifo_get
 .text.aic_initialise
                0x00200a38       0x5c ../../../ecrobot/../ecrobot/libecrobot.a(aic.oram)
                0x00200a38                aic_initialise
 .text.aic_set_vector
                0x00200a94       0x30 ../../../ecrobot/../ecrobot/libecrobot.a(aic.oram)
                0x00200a94                aic_set_vector
 .text.aic_mask_on
                0x00200ac4       0x24 ../../../ecrobot/../ecrobot/libecrobot.a(aic.oram)
                0x00200ac4                aic_mask_on
 .text.aic_mask_off
                0x00200ae8       0x24 ../../../ecrobot/../ecrobot/libecrobot.a(aic.oram)
                0x00200ae8                aic_mask_off
 .text.aic_clear
                0x00200b0c       0x24 ../../../ecrobot/../ecrobot/libecrobot.a(aic.oram)
                0x00200b0c                aic_clear
 .text.reset    0x00200b30       0x4c ../../../ecrobot/../ecrobot/libecrobot.a(udp.oram)
 .text.udp_send_null
                0x00200b7c       0x2c ../../../ecrobot/../ecrobot/libecrobot.a(udp.oram)
 .text.udp_send_stall
                0x00200ba8       0x2c ../../../ecrobot/../ecrobot/libecrobot.a(udp.oram)
 .text.udp_send_control
                0x00200bd4       0x60 ../../../ecrobot/../ecrobot/libecrobot.a(udp.oram)
 .text.udp_isr_C
                0x00200c34      0x7d0 ../../../ecrobot/../ecrobot/libecrobot.a(udp.oram)
                0x00200c34                udp_isr_C
 .text.twi_status
                0x00201404       0x20 ../../../ecrobot/../ecrobot/libecrobot.a(twi.oram)
                0x00201404                twi_status
 .text.twi_isr_C
                0x00201424       0xc4 ../../../ecrobot/../ecrobot/libecrobot.a(twi.oram)
                0x00201424                twi_isr_C
 .text.twi_reset
                0x002014e8       0xb4 ../../../ecrobot/../ecrobot/libecrobot.a(twi.oram)
                0x002014e8                twi_reset
 .text.twi_init
                0x0020159c       0x4c ../../../ecrobot/../ecrobot/libecrobot.a(twi.oram)
                0x0020159c                twi_init
 .text.twi_start_read
                0x002015e8       0x60 ../../../ecrobot/../ecrobot/libecrobot.a(twi.oram)
                0x002015e8                twi_start_read
 .text.twi_start_write
                0x00201648       0x64 ../../../ecrobot/../ecrobot/libecrobot.a(twi.oram)
                0x00201648                twi_start_write
 .text.spi_set_mode
                0x002016ac       0x40 ../../../ecrobot/../ecrobot/libecrobot.a(nxt_spi.oram)
 .text.spi_isr_C
                0x002016ec       0x8c ../../../ecrobot/../ecrobot/libecrobot.a(nxt_spi.oram)
                0x002016ec                spi_isr_C
 .text.nxt_spi_init
                0x00201778      0x12c ../../../ecrobot/../ecrobot/libecrobot.a(nxt_spi.oram)
                0x00201778                nxt_spi_init
 .text.nxt_spi_write
                0x002018a4       0x44 ../../../ecrobot/../ecrobot/libecrobot.a(nxt_spi.oram)
                0x002018a4                nxt_spi_write
 .text.nxt_spi_set_display
                0x002018e8       0x10 ../../../ecrobot/../ecrobot/libecrobot.a(nxt_spi.oram)
                0x002018e8                nxt_spi_set_display
 .text.nxt_spi_refresh
                0x002018f8       0x24 ../../../ecrobot/../ecrobot/libecrobot.a(nxt_spi.oram)
                0x002018f8                nxt_spi_refresh
 .text.nxt_motor_get_count
                0x0020191c       0x14 ../../../ecrobot/../ecrobot/libecrobot.a(nxt_motors.oram)
                0x0020191c                nxt_motor_get_count
 .text.nxt_motor_set_count
                0x00201930       0x10 ../../../ecrobot/../ecrobot/libecrobot.a(nxt_motors.oram)
                0x00201930                nxt_motor_set_count
 .text.nxt_motor_set_speed
                0x00201940       0x34 ../../../ecrobot/../ecrobot/libecrobot.a(nxt_motors.oram)
                0x00201940                nxt_motor_set_speed
 .text.nxt_motor_1kHz_process
                0x00201974       0x28 ../../../ecrobot/../ecrobot/libecrobot.a(nxt_motors.oram)
                0x00201974                nxt_motor_1kHz_process
 .text.nxt_motor_quad_decode
                0x0020199c       0x30 ../../../ecrobot/../ecrobot/libecrobot.a(nxt_motors.oram)
                0x0020199c                nxt_motor_quad_decode
 .text.nxt_motor_isr_C
                0x002019cc       0x88 ../../../ecrobot/../ecrobot/libecrobot.a(nxt_motors.oram)
                0x002019cc                nxt_motor_isr_C
 .text.nxt_motor_init
                0x00201a54       0x68 ../../../ecrobot/../ecrobot/libecrobot.a(nxt_motors.oram)
                0x00201a54                nxt_motor_init
 .text.data_abort_C
                0x00201abc       0x7c ../../../ecrobot/../ecrobot/libecrobot.a(data_abort.oram)
                0x00201abc                data_abort_C
 .text.display_update
                0x00201b38       0x14 ../../../ecrobot/../ecrobot/libecrobot.a(display.oram)
                0x00201b38                display_update
 .text.display_force_update
                0x00201b4c        0xc ../../../ecrobot/../ecrobot/libecrobot.a(display.oram)
                0x00201b4c                display_force_update
 .text.display_clear
                0x00201b58       0x24 ../../../ecrobot/../ecrobot/libecrobot.a(display.oram)
                0x00201b58                display_clear
 .text.display_goto_xy
                0x00201b7c       0x14 ../../../ecrobot/../ecrobot/libecrobot.a(display.oram)
                0x00201b7c                display_goto_xy
 .text.display_char
                0x00201b90       0x60 ../../../ecrobot/../ecrobot/libecrobot.a(display.oram)
                0x00201b90                display_char
 .text.display_string
                0x00201bf0       0x3c ../../../ecrobot/../ecrobot/libecrobot.a(display.oram)
                0x00201bf0                display_string
 .text.display_hex
                0x00201c2c       0x50 ../../../ecrobot/../ecrobot/libecrobot.a(display.oram)
                0x00201c2c                display_hex
 .text.display_unsigned_worker
                0x00201c7c       0x70 ../../../ecrobot/../ecrobot/libecrobot.a(display.oram)
 .text.display_unsigned
                0x00201cec        0xc ../../../ecrobot/../ecrobot/libecrobot.a(display.oram)
                0x00201cec                display_unsigned
 .text.display_bitmap_copy
                0x00201cf8       0x5c ../../../ecrobot/../ecrobot/libecrobot.a(display.oram)
                0x00201cf8                display_bitmap_copy
 .text.display_init
                0x00201d54       0x50 ../../../ecrobot/../ecrobot/libecrobot.a(display.oram)
                0x00201d54                display_init
 .text.i2c_timer_isr_C
                0x00201da4      0x314 ../../../ecrobot/../ecrobot/libecrobot.a(i2c.oram)
                0x00201da4                i2c_timer_isr_C
 .text.i2c_disable
                0x002020b8       0x20 ../../../ecrobot/../ecrobot/libecrobot.a(i2c.oram)
                0x002020b8                i2c_disable
 .text.i2c_enable
                0x002020d8       0x40 ../../../ecrobot/../ecrobot/libecrobot.a(i2c.oram)
                0x002020d8                i2c_enable
 .text.i2c_init
                0x00202118       0xa4 ../../../ecrobot/../ecrobot/libecrobot.a(i2c.oram)
                0x00202118                i2c_init
 .text.set_vol  0x002021bc       0xa4 ../../../ecrobot/../ecrobot/libecrobot.a(sound.oram)
 .text.sound_fill_sample_buffer
                0x00202260       0xe4 ../../../ecrobot/../ecrobot/libecrobot.a(sound.oram)
                0x00202260                sound_fill_sample_buffer
 .text.sound_freq_vol
                0x00202344      0x1e4 ../../../ecrobot/../ecrobot/libecrobot.a(sound.oram)
                0x00202344                sound_freq_vol
 .text.sound_init
                0x00202528       0xa0 ../../../ecrobot/../ecrobot/libecrobot.a(sound.oram)
                0x00202528                sound_init
 .text.sound_isr_C
                0x002025c8      0x144 ../../../ecrobot/../ecrobot/libecrobot.a(sound.oram)
                0x002025c8                sound_isr_C
 .text.bt_init  0x0020270c      0x1c0 ../../../ecrobot/../ecrobot/libecrobot.a(bt.oram)
                0x0020270c                bt_init
 .text.bt_send  0x002028cc       0x5c ../../../ecrobot/../ecrobot/libecrobot.a(bt.oram)
                0x002028cc                bt_send
 .text.bt_write
                0x00202928       0x70 ../../../ecrobot/../ecrobot/libecrobot.a(bt.oram)
                0x00202928                bt_write
 .text.bt_pending
                0x00202998       0x50 ../../../ecrobot/../ecrobot/libecrobot.a(bt.oram)
                0x00202998                bt_pending
 .text.bt_clear_arm7_cmd
                0x002029e8       0x10 ../../../ecrobot/../ecrobot/libecrobot.a(bt.oram)
                0x002029e8                bt_clear_arm7_cmd
 .text.bt_set_arm7_cmd
                0x002029f8       0x10 ../../../ecrobot/../ecrobot/libecrobot.a(bt.oram)
                0x002029f8                bt_set_arm7_cmd
 .text.bt_receive
                0x00202a08      0x160 ../../../ecrobot/../ecrobot/libecrobot.a(bt.oram)
                0x00202a08                bt_receive
 .text.bt_reset
                0x00202b68       0x84 ../../../ecrobot/../ecrobot/libecrobot.a(bt.oram)
                0x00202b68                bt_reset
 .text.nxt_avr_power_down
                0x00202bec       0x10 ../../../ecrobot/../ecrobot/libecrobot.a(nxt_avr.oram)
                0x00202bec                nxt_avr_power_down
 .text.nxt_avr_link_init
                0x00202bfc       0x20 ../../../ecrobot/../ecrobot/libecrobot.a(nxt_avr.oram)
                0x00202bfc                nxt_avr_link_init
 .text.nxt_avr_init
                0x00202c1c       0x6c ../../../ecrobot/../ecrobot/libecrobot.a(nxt_avr.oram)
                0x00202c1c                nxt_avr_init
 .text.nxt_avr_1kHz_update
                0x00202c88      0x1cc ../../../ecrobot/../ecrobot/libecrobot.a(nxt_avr.oram)
                0x00202c88                nxt_avr_1kHz_update
 .text.buttons_get
                0x00202e54        0xc ../../../ecrobot/../ecrobot/libecrobot.a(nxt_avr.oram)
                0x00202e54                buttons_get
 .text.battery_voltage
                0x00202e60       0x28 ../../../ecrobot/../ecrobot/libecrobot.a(nxt_avr.oram)
                0x00202e60                battery_voltage
 .text.sensor_adc
                0x00202e88       0x20 ../../../ecrobot/../ecrobot/libecrobot.a(nxt_avr.oram)
                0x00202e88                sensor_adc
 .text.nxt_avr_set_motor
                0x00202ea8       0x34 ../../../ecrobot/../ecrobot/libecrobot.a(nxt_avr.oram)
                0x00202ea8                nxt_avr_set_motor
 .text.nxt_avr_set_input_power
                0x00202edc       0x3c ../../../ecrobot/../ecrobot/libecrobot.a(nxt_avr.oram)
                0x00202edc                nxt_avr_set_input_power
 .text.unset_digi0
                0x00202f18       0x44 ../../../ecrobot/../ecrobot/libecrobot.a(sensors.oram)
                0x00202f18                unset_digi0
 .text.unset_digi1
                0x00202f5c       0x44 ../../../ecrobot/../ecrobot/libecrobot.a(sensors.oram)
                0x00202f5c                unset_digi1
 .text.init_sensors
                0x00202fa0       0x4c ../../../ecrobot/../ecrobot/libecrobot.a(sensors.oram)
                0x00202fa0                init_sensors
 .text.set_digi0
                0x00202fec       0x44 ../../../ecrobot/../ecrobot/libecrobot.a(sensors.oram)
                0x00202fec                set_digi0
 .text.nxt_lcd_command
                0x00203030       0x18 ../../../ecrobot/../ecrobot/libecrobot.a(nxt_lcd.oram)
                0x00203030                nxt_lcd_command
 .text.nxt_lcd_set_col
                0x00203048       0x24 ../../../ecrobot/../ecrobot/libecrobot.a(nxt_lcd.oram)
                0x00203048                nxt_lcd_set_col
 .text.nxt_lcd_set_multiplex_rate
                0x0020306c       0x18 ../../../ecrobot/../ecrobot/libecrobot.a(nxt_lcd.oram)
                0x0020306c                nxt_lcd_set_multiplex_rate
 .text.nxt_lcd_set_page_address
                0x00203084       0x18 ../../../ecrobot/../ecrobot/libecrobot.a(nxt_lcd.oram)
                0x00203084                nxt_lcd_set_page_address
 .text.nxt_lcd_set_pot
                0x0020309c       0x1c ../../../ecrobot/../ecrobot/libecrobot.a(nxt_lcd.oram)
                0x0020309c                nxt_lcd_set_pot
 .text.nxt_lcd_set_ram_address_control
                0x002030b8       0x18 ../../../ecrobot/../ecrobot/libecrobot.a(nxt_lcd.oram)
                0x002030b8                nxt_lcd_set_ram_address_control
 .text.nxt_lcd_enable
                0x002030d0       0x14 ../../../ecrobot/../ecrobot/libecrobot.a(nxt_lcd.oram)
                0x002030d0                nxt_lcd_enable
 .text.nxt_lcd_set_map_control
                0x002030e4       0x18 ../../../ecrobot/../ecrobot/libecrobot.a(nxt_lcd.oram)
                0x002030e4                nxt_lcd_set_map_control
 .text.nxt_lcd_reset
                0x002030fc        0xc ../../../ecrobot/../ecrobot/libecrobot.a(nxt_lcd.oram)
                0x002030fc                nxt_lcd_reset
 .text.nxt_lcd_set_bias_ratio
                0x00203108       0x18 ../../../ecrobot/../ecrobot/libecrobot.a(nxt_lcd.oram)
                0x00203108                nxt_lcd_set_bias_ratio
 .text.nxt_lcd_force_update
                0x00203120       0x30 ../../../ecrobot/../ecrobot/libecrobot.a(nxt_lcd.oram)
                0x00203120                nxt_lcd_force_update
 .text.nxt_lcd_update
                0x00203150        0xc ../../../ecrobot/../ecrobot/libecrobot.a(nxt_lcd.oram)
                0x00203150                nxt_lcd_update
 .text.nxt_lcd_power_up
                0x0020315c       0x48 ../../../ecrobot/../ecrobot/libecrobot.a(nxt_lcd.oram)
                0x0020315c                nxt_lcd_power_up
 .text.nxt_lcd_power_down
                0x002031a4        0xc ../../../ecrobot/../ecrobot/libecrobot.a(nxt_lcd.oram)
                0x002031a4                nxt_lcd_power_down
 .text.nxt_lcd_init
                0x002031b0       0x18 ../../../ecrobot/../ecrobot/libecrobot.a(nxt_lcd.oram)
                0x002031b0                nxt_lcd_init
 .text.verify_flash_page
                0x002031c8       0x34 ../../../ecrobot/../ecrobot/libecrobot.a(flash_loader.oram)
 .text.set_flash_request
                0x002031fc       0x38 ../../../ecrobot/../ecrobot/libecrobot.a(flash_loader.oram)
                0x002031fc                set_flash_request
 .text.nxt_device_init
                0x00203234       0x38 ../../../ecrobot/../ecrobot/libecrobot.a(flash_loader.oram)
                0x00203234                nxt_device_init
 .text          0x0020326c       0x68 ../../../ecrobot/../ecrobot/libecrobot.a(interrupts.oram)
                0x002032c4                fiq_enable
                0x0020326c                interrupts_get_and_disable
                0x002032a0                fiq_get_and_disable
                0x00203290                interrupts_enable
 .text.flash_write_page
                0x002032d4       0xc0 ../../../ecrobot/../ecrobot/libecrobot.a(flashprog.oram)
                0x002032d4                flash_write_page
                0x002033a0                . = ALIGN (0x10)
 *fill*         0x00203394        0xc 00
 *.oram(*.rodata *.rodata.*)
 .rodata.ld     0x002033a0        0x4 ../../../ecrobot/../ecrobot/libecrobot.a(udp.oram)
 .rodata.cfd    0x002033a4       0x20 ../../../ecrobot/../ecrobot/libecrobot.a(udp.oram)
 .rodata.dd     0x002033c4       0x12 ../../../ecrobot/../ecrobot/libecrobot.a(udp.oram)
 *fill*         0x002033d6        0x2 00
 .rodata.str1.4
                0x002033d8       0x22 ../../../ecrobot/../ecrobot/libecrobot.a(data_abort.oram)
                                 0x24 (size before relaxing)
 .rodata.font   0x002033fa      0x280 ../../../ecrobot/../ecrobot/libecrobot.a(display.oram)
 *fill*         0x0020367a        0x2 00
 .rodata.str1.4
                0x0020367c       0x76 ../../../ecrobot/../ecrobot/libecrobot.a(display.oram)
                                 0x78 (size before relaxing)
 *fill*         0x002036f2        0x2 00
 .rodata.i2c_pin
                0x002036f4       0x20 ../../../ecrobot/../ecrobot/libecrobot.a(i2c.oram)
 .rodata.i2c_timer_isr_C
                0x00203714       0x38 ../../../ecrobot/../ecrobot/libecrobot.a(i2c.oram)
 .rodata.logvol
                0x0020374c        0xc ../../../ecrobot/../ecrobot/libecrobot.a(sound.oram)
                0x0020374c                logvol
 .rodata.silence
                0x00203758       0x40 ../../../ecrobot/../ecrobot/libecrobot.a(sound.oram)
                0x00203758                silence
 .rodata.sine   0x00203798       0x10 ../../../ecrobot/../ecrobot/libecrobot.a(sound.oram)
                0x00203798                sine
 .rodata.sample_pattern
                0x002037a8       0x84 ../../../ecrobot/../ecrobot/libecrobot.a(sound.oram)
                0x002037a8                sample_pattern
 .rodata        0x0020382c        0xc ../../../ecrobot/../ecrobot/libecrobot.a(sound.oram)
 .rodata.avr_brainwash_string
                0x00203838       0x30 ../../../ecrobot/../ecrobot/libecrobot.a(nxt_avr.oram)
                0x00203838                avr_brainwash_string
 .rodata.nxt_avr_1kHz_update
                0x00203868       0x14 ../../../ecrobot/../ecrobot/libecrobot.a(nxt_avr.oram)
 .rodata.C.33.1823
                0x0020387c       0x10 ../../../ecrobot/../ecrobot/libecrobot.a(sensors.oram)
 .rodata.C.37.1857
                0x0020388c       0x10 ../../../ecrobot/../ecrobot/libecrobot.a(sensors.oram)
 .rodata.C.31.1806
                0x0020389c       0x10 ../../../ecrobot/../ecrobot/libecrobot.a(sensors.oram)
 .rodata.str1.4
                0x002038ac       0x23 ../../../ecrobot/../ecrobot/libecrobot.a(flash_loader.oram)
                                 0x24 (size before relaxing)
                0x002038d0                . = ALIGN (0x10)
 *fill*         0x002038cf        0x1 00
                0x00200300                __ramtext_ram_start__ = ADDR (.ram_text)
                0x002038d0                __ramtext_ram_end__ = (ADDR (.ram_text) + SIZEOF (.ram_text))
                0x00200300                __ramtext_load_start__ = LOADADDR (.ram_text)
                0x002038d0                __ramtext_load_end__ = (__ramtext_load_start__ + SIZEOF (.ram_text))

.wav_data       0x002038d0        0x0
 *.owav(*.data *.data.*)
                0x002038d0                . = ALIGN (0x10)

.bmp_data       0x002038d0      0x440
 *.obmp(*.data *.data.*)
 .data          0x002038d0      0x43e ../../../ecrobot/../ecrobot/libecrobot.a(nxtosek_splash.obmp)
                0x002038d0                nxtosek_splash_bmp_start
                0x00203d0e                nxtosek_splash_bmp_end
                0x00203d10                . = ALIGN (0x10)
 *fill*         0x00203d0e        0x2 00

.spr_data       0x00203d10        0x0
 *.ospr(*.data *.data.*)
                0x00203d10                . = ALIGN (0x10)

.data           0x00203d10       0x90
 *(*.data *.data.*)
 .data.bt_status
                0x00203d10        0x1 build/ecrobot_bluetooth.o
 *fill*         0x00203d11        0x3 00
 .data.K_THETADOT
                0x00203d14        0x4 build/com/balancer_param.o
                0x00203d14                K_THETADOT
 .data.K_PHIDOT
                0x00203d18        0x4 build/com/balancer_param.o
                0x00203d18                K_PHIDOT
 .data.K_I      0x00203d1c        0x4 build/com/balancer_param.o
                0x00203d1c                K_I
 .data.K_F      0x00203d20       0x10 build/com/balancer_param.o
                0x00203d20                K_F
 .data.A_R      0x00203d30        0x4 build/com/balancer_param.o
                0x00203d30                A_R
 .data.A_D      0x00203d34        0x4 build/com/balancer_param.o
                0x00203d34                A_D
 .data.TU_interval
                0x00203d38        0x4 build/unit/TimerUnit.o
 .data.distance_state
                0x00203d3c       0x10 ../../../ecrobot/../ecrobot/libecrobot.a(ecrobot_interface.o)
 .data.deviceStatus
                0x00203d4c        0x1 ../../../ecrobot/../ecrobot/libecrobot.a(ecrobot_interface.o)
 .data.named    0x00203d4d       0x22 ../../../ecrobot/../ecrobot/libecrobot.a(udp.oram)
 .data.snd      0x00203d6f       0x1a ../../../ecrobot/../ecrobot/libecrobot.a(udp.oram)
 *fill*         0x00203d89        0x3 00
 .data.configured
                0x00203d8c        0x4 ../../../ecrobot/../ecrobot/libecrobot.a(udp.oram)
 .data.mode     0x00203d90        0x1 ../../../ecrobot/../ecrobot/libecrobot.a(nxt_spi.oram)
                0x00203d90                mode
 *fill*         0x00203d91        0x3 00
 .bss.data      0x00203d94        0x4 ../../../ecrobot/../ecrobot/libecrobot.a(nxt_spi.oram)
                0x00203d94                data
 .data.display_auto_update
                0x00203d98        0x4 ../../../ecrobot/../ecrobot/libecrobot.a(display.oram)
                0x00203d98                display_auto_update
 .data.display_buffer
                0x00203d9c        0x4 ../../../ecrobot/../ecrobot/libecrobot.a(display.oram)
                0x00203da0                . = ALIGN (0x10)
                0x00203d10                __data_ram_start__ = ADDR (.data)
                0x00203da0                __data_ram_end__ = (ADDR (.data) + SIZEOF (.data))
                0x00203d10                __data_load_start__ = LOADADDR (.data)
                0x00203da0                __data_load_end__ = (__data_load_start__ + SIZEOF (.data))

.text           0x00203da0     0x3700
                0x00203da0                . = ALIGN (0x10)
 *(*.text *.text.* *.glue*)
 .text.enqueue_alarm
                0x00203da0       0x90 build/kernel/alarm.o
 .text.alarm_initialize
                0x00203e30       0x98 build/kernel/alarm.o
                0x00203e30                alarm_initialize
 .text.SignalCounter
                0x00203ec8      0x134 build/kernel/alarm.o
                0x00203ec8                SignalCounter
 .text.StartOS  0x00203ffc       0x58 build/kernel/osctl.o
                0x00203ffc                StartOS
 .text.ShutdownOS
                0x00204054       0x4c build/kernel/osctl.o
                0x00204054                ShutdownOS
 .text.call_pretaskhook
                0x002040a0       0x24 build/kernel/osctl.o
                0x002040a0                call_pretaskhook
 .text.call_errorhook
                0x002040c4       0x78 build/kernel/osctl.o
                0x002040c4                call_errorhook
 .text.call_posttaskhook
                0x0020413c       0x24 build/kernel/osctl.o
                0x0020413c                call_posttaskhook
 .text.search_schedtsk
                0x00204160       0x94 build/kernel/task.o
                0x00204160                search_schedtsk
 .text.make_runnable
                0x002041f4       0xac build/kernel/task.o
                0x002041f4                make_runnable
 .text.make_active
                0x002042a0       0x78 build/kernel/task.o
                0x002042a0                make_active
 .text.task_initialize
                0x00204318       0x90 build/kernel/task.o
                0x00204318                task_initialize
 .text.ActivateTask
                0x002043a8       0x8c build/kernel/task_manage.o
                0x002043a8                ActivateTask
 .text.TerminateTask
                0x00204434       0x74 build/kernel/task_manage.o
                0x00204434                TerminateTask
 .text.cpu_initialize
                0x002044a8        0x4 build/config/at91sam7s-gnu/cpu_config.o
                0x002044a8                cpu_initialize
 .text.cpu_terminate
                0x002044ac        0x4 build/config/at91sam7s-gnu/cpu_config.o
                0x002044ac                cpu_terminate
 .text.sys_initialize
                0x002044b0        0x4 build/config/at91sam7s-gnu/lego_nxt/sys_config.o
                0x002044b0                sys_initialize
 .text.sys_exit
                0x002044b4        0x4 build/config/at91sam7s-gnu/lego_nxt/sys_config.o
                0x002044b4                sys_exit
 .text._activate_alarm_task_balance
                0x002044b8        0xc build/./kernel_cfg.o
 .text._activate_alarm_task_action
                0x002044c4        0xc build/./kernel_cfg.o
 .text._activate_alarm_task_display
                0x002044d0        0xc build/./kernel_cfg.o
 .text.object_initialize
                0x002044dc       0x10 build/./kernel_cfg.o
                0x002044dc                object_initialize
 .text.close_bt_stream
                0x002044ec       0x2c build/ecrobot_bluetooth.o
 .text.ecrobot_send_bt_packet
                0x00204518       0x54 build/ecrobot_bluetooth.o
                0x00204518                ecrobot_send_bt_packet
 .text.ecrobot_read_bt_packet
                0x0020456c       0x4c build/ecrobot_bluetooth.o
                0x0020456c                ecrobot_read_bt_packet
 .text.send_bt_command
                0x002045b8       0x40 build/ecrobot_bluetooth.o
 .text.ecrobot_term_bt_connection
                0x002045f8       0x48 build/ecrobot_bluetooth.o
                0x002045f8                ecrobot_term_bt_connection
 .text.read_bt_command
                0x00204640       0x5c build/ecrobot_bluetooth.o
 .text.open_bt_stream
                0x0020469c       0x50 build/ecrobot_bluetooth.o
 .text.ecrobot_get_bt_device_address
                0x002046ec       0x6c build/ecrobot_bluetooth.o
                0x002046ec                ecrobot_get_bt_device_address
 .text.ecrobot_init_bt_master
                0x00204758      0x108 build/ecrobot_bluetooth.o
                0x00204758                ecrobot_init_bt_master
 .text.ecrobot_init_bt_slave
                0x00204860      0x12c build/ecrobot_bluetooth.o
                0x00204860                ecrobot_init_bt_slave
 .text.init_OS_flag
                0x0020498c        0xc build/ecrobot_base.o
                0x0020498c                init_OS_flag
 .text.set_OS_flag
                0x00204998        0xc build/ecrobot_base.o
                0x00204998                set_OS_flag
 .text.get_OS_flag
                0x002049a4        0xc build/ecrobot_base.o
                0x002049a4                get_OS_flag
 .text.cpp_constructor
                0x002049b0       0x28 build/ecrobot_base.o
                0x002049b0                cpp_constructor
 .text.cpp_destructor
                0x002049d8       0x28 build/ecrobot_base.o
                0x002049d8                cpp_destructor
 .text.execution_mode
                0x00204a00       0x24 build/ecrobot_base.o
                0x00204a00                execution_mode
 .text.show_main_screen
                0x00204a24       0x48 build/ecrobot_base.o
                0x00204a24                show_main_screen
 .text.display_status_bar
                0x00204a6c       0x5c build/ecrobot_base.o
                0x00204a6c                display_status_bar
 .text.restart_NXT
                0x00204ac8       0x2c build/ecrobot_base.o
                0x00204ac8                restart_NXT
 .text.shutdown_NXT
                0x00204af4       0x2c build/ecrobot_base.o
                0x00204af4                shutdown_NXT
 .text.check_NXT_buttons
                0x00204b20       0x38 build/ecrobot_base.o
                0x00204b20                check_NXT_buttons
 .text.show_bd_addr
                0x00204b58       0x44 build/ecrobot_base.o
                0x00204b58                show_bd_addr
 .text.show_bd_addr_err
                0x00204b9c       0x3c build/ecrobot_base.o
                0x00204b9c                show_bd_addr_err
 .text.add_status_info
                0x00204bd8       0x68 build/ecrobot_base.o
                0x00204bd8                add_status_info
 .text.show_splash_screen
                0x00204c40       0x90 build/ecrobot_base.o
                0x00204c40                show_splash_screen
 .text.main     0x00204cd0      0x10c build/ecrobot.o
                0x00204cd0                main
 .text.RN_post  0x00204ddc       0x10 build/controller/Runner.o
                0x00204ddc                RN_post
 .text.RN_get_state
                0x00204dec        0xc build/controller/Runner.o
                0x00204dec                RN_get_state
 .text.RN_pre   0x00204df8       0x18 build/controller/Runner.o
                0x00204df8                RN_pre
 .text.RN_calibrate
                0x00204e10       0x18 build/controller/Runner.o
                0x00204e10                RN_calibrate
 .text.RN_rady  0x00204e28       0x18 build/controller/Runner.o
                0x00204e28                RN_rady
 .text.RN_run   0x00204e40       0x1c build/controller/Runner.o
                0x00204e40                RN_run
 .text.RN_do_run
                0x00204e5c       0x2c build/controller/Runner.o
                0x00204e5c                RN_do_run
 .text.TaskMainActionTask
                0x00204e88       0x10 build/controller/Runner.o
                0x00204e88                TaskMainActionTask
 .text.M_inform
                0x00204e98       0xc0 build/controller/Monitor.o
                0x00204e98                M_inform
 .text.TaskMainDisplayTask
                0x00204f58       0x10 build/controller/Monitor.o
                0x00204f58                TaskMainDisplayTask
 .text.RA_post  0x00204f68       0x10 build/controller/RunActions.o
                0x00204f68                RA_post
 .text.RA_get_state
                0x00204f78        0xc build/controller/RunActions.o
                0x00204f78                RA_get_state
 .text.RA_is_exit
                0x00204f84       0x14 build/controller/RunActions.o
                0x00204f84                RA_is_exit
 .text.RA_linetrace_P
                0x00204f98       0x68 build/controller/RunActions.o
                0x00204f98                RA_linetrace_P
 .text.RA_stop  0x00205000        0xc build/controller/RunActions.o
                0x00205000                RA_stop
 .text.RA_turn_right
                0x0020500c       0x14 build/controller/RunActions.o
                0x0020500c                RA_turn_right
 .text.RA_pre   0x00205020       0x2c build/controller/RunActions.o
                0x00205020                RA_pre
 .text.RA_watch_block_tracing
                0x0020504c       0x3c build/controller/RunActions.o
                0x0020504c                RA_watch_block_tracing
 .text.RA_turn  0x00205088       0x24 build/controller/RunActions.o
                0x00205088                RA_turn
 .text.RA_turn_in_white
                0x002050ac       0x28 build/controller/RunActions.o
                0x002050ac                RA_turn_in_white
 .text.RA_watch_goal_tracing
                0x002050d4       0x30 build/controller/RunActions.o
                0x002050d4                RA_watch_goal_tracing
 .text.RA_wait_pre_start_conf
                0x00205104       0x20 build/controller/RunActions.o
                0x00205104                RA_wait_pre_start_conf
 .text.RA_wait_start_conf
                0x00205124       0x20 build/controller/RunActions.o
                0x00205124                RA_wait_start_conf
 .text.RA_do_running
                0x00205144       0x40 build/controller/RunActions.o
                0x00205144                RA_do_running
 .text.CA_pre   0x00205184       0x10 build/controller/CalibrateActions.o
                0x00205184                CA_pre
 .text.CA_post  0x00205194       0x10 build/controller/CalibrateActions.o
                0x00205194                CA_post
 .text.CA_set_threshold
                0x002051a4       0xb4 build/controller/CalibrateActions.o
                0x002051a4                CA_set_threshold
 .text.BU_is_touched
                0x00205258        0xc build/unit/BumperUnit.o
                0x00205258                BU_is_touched
 .text.BU_is_clicked
                0x00205264       0x38 build/unit/BumperUnit.o
                0x00205264                BU_is_clicked
 .text.LMU_set_threshold
                0x0020529c        0xc build/unit/LineMonitorUnit.o
                0x0020529c                LMU_set_threshold
 .text.LMU_get_threshold
                0x002052a8        0xc build/unit/LineMonitorUnit.o
                0x002052a8                LMU_get_threshold
 .text.LMU_set_white_value
                0x002052b4        0xc build/unit/LineMonitorUnit.o
                0x002052b4                LMU_set_white_value
 .text.LMU_get_white_value
                0x002052c0        0xc build/unit/LineMonitorUnit.o
                0x002052c0                LMU_get_white_value
 .text.LMU_set_gray_value
                0x002052cc        0xc build/unit/LineMonitorUnit.o
                0x002052cc                LMU_set_gray_value
 .text.LMU_get_gray_value
                0x002052d8        0xc build/unit/LineMonitorUnit.o
                0x002052d8                LMU_get_gray_value
 .text.LMU_set_black_value
                0x002052e4        0xc build/unit/LineMonitorUnit.o
                0x002052e4                LMU_set_black_value
 .text.LMU_get_black_value
                0x002052f0        0xc build/unit/LineMonitorUnit.o
                0x002052f0                LMU_get_black_value
 .text.LMU_is_line_value
                0x002052fc        0xc build/unit/LineMonitorUnit.o
                0x002052fc                LMU_is_line_value
 .text.LMU_pre  0x00205308        0xc build/unit/LineMonitorUnit.o
                0x00205308                LMU_pre
 .text.LMU_post
                0x00205314        0xc build/unit/LineMonitorUnit.o
                0x00205314                LMU_post
 .text.DU_show_string
                0x00205320       0x18 build/unit/DisplayUnit.o
                0x00205320                DU_show_string
 .text.DU_show_number
                0x00205338       0x1c build/unit/DisplayUnit.o
                0x00205338                DU_show_number
 .text.HU_ok_sound
                0x00205354       0x48 build/unit/HornUnit.o
                0x00205354                HU_ok_sound
 .text.AlarmMainCountTimer
                0x0020539c       0x4c build/unit/TimerUnit.o
                0x0020539c                AlarmMainCountTimer
 .text.CU_set_sendMSG
                0x002053e8        0xc build/unit/CommunicationUnit.o
                0x002053e8                CU_set_sendMSG
 .text.CU_set_recvMSG
                0x002053f4        0xc build/unit/CommunicationUnit.o
                0x002053f4                CU_set_recvMSG
 .text.CU_set_mode
                0x00205400       0x28 build/unit/CommunicationUnit.o
                0x00205400                CU_set_mode
 .text.CU_send_mail
                0x00205428       0x28 build/unit/CommunicationUnit.o
                0x00205428                CU_send_mail
 .text.CU_is_received
                0x00205450       0x34 build/unit/CommunicationUnit.o
                0x00205450                CU_is_received
 .text.CU_pre   0x00205484       0x2c build/unit/CommunicationUnit.o
                0x00205484                CU_pre
 .text.CU_post  0x002054b0        0xc build/unit/CommunicationUnit.o
                0x002054b0                CU_post
 .text.BLNU_pre
                0x002054bc       0x24 build/unit/BalancerUnit.o
                0x002054bc                BLNU_pre
 .text.BLNU_post
                0x002054e0        0x4 build/unit/BalancerUnit.o
                0x002054e0                BLNU_post
 .text.BLNU_forward
                0x002054e4       0x24 build/unit/BalancerUnit.o
                0x002054e4                BLNU_forward
 .text.BLNU_backward
                0x00205508       0x28 build/unit/BalancerUnit.o
                0x00205508                BLNU_backward
 .text.BLNU_turn_right
                0x00205530       0x24 build/unit/BalancerUnit.o
                0x00205530                BLNU_turn_right
 .text.BLNU_turn
                0x00205554        0xc build/unit/BalancerUnit.o
                0x00205554                BLNU_turn
 .text.BLNU_stop
                0x00205560       0x14 build/unit/BalancerUnit.o
                0x00205560                BLNU_stop
 .text.BLNU_set_gyro_offset
                0x00205574       0x14 build/unit/BalancerUnit.o
                0x00205574                BLNU_set_gyro_offset
 .text.BLNU_angle_turn_right
                0x00205588       0xb0 build/unit/BalancerUnit.o
                0x00205588                BLNU_angle_turn_right
 .text.BLNU_balance_control
                0x00205638       0xf4 build/unit/BalancerUnit.o
                0x00205638                BLNU_balance_control
 .text.BLNU_balance_start
                0x0020572c        0xc build/unit/BalancerUnit.o
                0x0020572c                BLNU_balance_start
 .text.TaskMainBalanceTask
                0x00205738       0x1c build/unit/BalancerUnit.o
                0x00205738                TaskMainBalanceTask
 .text.BMU_set_threshold
                0x00205754        0xc build/unit/BlockMonitorUnit.o
                0x00205754                BMU_set_threshold
 .text.BMU_pre  0x00205760        0xc build/unit/BlockMonitorUnit.o
                0x00205760                BMU_pre
 .text.BMU_post
                0x0020576c        0xc build/unit/BlockMonitorUnit.o
                0x0020576c                BMU_post
 .text.ecrobot_device_initialize
                0x00205778        0xc build/controller/initDevice.o
                0x00205778                ecrobot_device_initialize
 .text.ecrobot_device_terminate
                0x00205784        0xc build/controller/initDevice.o
                0x00205784                ecrobot_device_terminate
 .text.StartupHook
                0x00205790        0x4 build/controller/initDevice.o
                0x00205790                StartupHook
 .text.ShutdownHook
                0x00205794        0x4 build/controller/initDevice.o
                0x00205794                ShutdownHook
 .text.PreTaskHook
                0x00205798        0x4 build/controller/initDevice.o
                0x00205798                PreTaskHook
 .text.PostTaskHook
                0x0020579c        0x4 build/controller/initDevice.o
                0x0020579c                PostTaskHook
 .text.ErrorHook
                0x002057a0        0x4 build/controller/initDevice.o
                0x002057a0                ErrorHook
 .text.user_1ms_isr_type2
                0x002057a4       0x1c build/controller/initDevice.o
                0x002057a4                user_1ms_isr_type2
 .text.ecrobot_get_gyro_sensor
                0x002057c0       0x14 ../../../ecrobot/../ecrobot/libecrobot.a(ecrobot_HiTechnic.o)
                0x002057c0                ecrobot_get_gyro_sensor
 .text.ecrobot_set_motor_rev
                0x002057d4       0x10 ../../../ecrobot/../ecrobot/libecrobot.a(ecrobot_interface.o)
                0x002057d4                ecrobot_set_motor_rev
 .text.ecrobot_set_light_sensor_active
                0x002057e4       0x10 ../../../ecrobot/../ecrobot/libecrobot.a(ecrobot_interface.o)
                0x002057e4                ecrobot_set_light_sensor_active
 .text.ecrobot_set_light_sensor_inactive
                0x002057f4       0x10 ../../../ecrobot/../ecrobot/libecrobot.a(ecrobot_interface.o)
                0x002057f4                ecrobot_set_light_sensor_inactive
 .text.ecrobot_get_light_sensor
                0x00205804       0x14 ../../../ecrobot/../ecrobot/libecrobot.a(ecrobot_interface.o)
                0x00205804                ecrobot_get_light_sensor
 .text.ecrobot_get_touch_sensor
                0x00205818       0x20 ../../../ecrobot/../ecrobot/libecrobot.a(ecrobot_interface.o)
                0x00205818                ecrobot_get_touch_sensor
 .text.ecrobot_init_i2c
                0x00205838       0x2c ../../../ecrobot/../ecrobot/libecrobot.a(ecrobot_interface.o)
                0x00205838                ecrobot_init_i2c
 .text.ecrobot_init_sonar_sensor
                0x00205864       0x10 ../../../ecrobot/../ecrobot/libecrobot.a(ecrobot_interface.o)
                0x00205864                ecrobot_init_sonar_sensor
 .text.ecrobot_term_sonar_sensor
                0x00205874       0x20 ../../../ecrobot/../ecrobot/libecrobot.a(ecrobot_interface.o)
                0x00205874                ecrobot_term_sonar_sensor
 .text.ecrobot_get_battery_voltage
                0x00205894        0xc ../../../ecrobot/../ecrobot/libecrobot.a(ecrobot_interface.o)
                0x00205894                ecrobot_get_battery_voltage
 .text.ecrobot_get_button_state
                0x002058a0        0xc ../../../ecrobot/../ecrobot/libecrobot.a(ecrobot_interface.o)
                0x002058a0                ecrobot_get_button_state
 .text.ecrobot_init_nxtstate
                0x002058ac       0x28 ../../../ecrobot/../ecrobot/libecrobot.a(ecrobot_interface.o)
                0x002058ac                ecrobot_init_nxtstate
 .text.ecrobot_poll_nxtstate
                0x002058d4       0x64 ../../../ecrobot/../ecrobot/libecrobot.a(ecrobot_interface.o)
                0x002058d4                ecrobot_poll_nxtstate
 .text.ecrobot_setDeviceInitialized
                0x00205938       0x18 ../../../ecrobot/../ecrobot/libecrobot.a(ecrobot_interface.o)
                0x00205938                ecrobot_setDeviceInitialized
 .text.ecrobot_initDeviceStatus
                0x00205950        0xc ../../../ecrobot/../ecrobot/libecrobot.a(ecrobot_interface.o)
                0x00205950                ecrobot_initDeviceStatus
 .text.ecrobot_bmp2lcd
                0x0020595c      0x1c8 ../../../ecrobot/../ecrobot/libecrobot.a(ecrobot_interface.o)
                0x0020595c                ecrobot_bmp2lcd
 .text.ecrobot_sound_tone
                0x00205b24        0xc ../../../ecrobot/../ecrobot/libecrobot.a(ecrobot_interface.o)
                0x00205b24                ecrobot_sound_tone
 .text.balance_control
                0x00205b30      0x254 ../../../ecrobot/../ecrobot/libnxtway_gs_balancer.a(balancer.o)
                0x00205b30                balance_control
 .text.balance_init
                0x00205d84       0x30 ../../../ecrobot/../ecrobot/libnxtway_gs_balancer.a(balancer.o)
                0x00205d84                balance_init
 .text          0x00205db4       0x8c /cygdrive/C/cygwin/GNUARM/bin/../lib/gcc/arm-elf/4.0.2/thumb/interwork/libgcc.a(_udivsi3.o)
                0x00205db4                __udivsi3
                0x00205e30                __aeabi_uidivmod
 .text          0x00205e40       0xa4 /cygdrive/C/cygwin/GNUARM/bin/../lib/gcc/arm-elf/4.0.2/thumb/interwork/libgcc.a(_divsi3.o)
                0x00205e40                __divsi3
                0x00205ed4                __aeabi_idivmod
 .text          0x00205ee4       0xc8 /cygdrive/C/cygwin/GNUARM/bin/../lib/gcc/arm-elf/4.0.2/thumb/interwork/libgcc.a(_umodsi3.o)
                0x00205ee4                __umodsi3
 .text          0x00205fac       0xd8 /cygdrive/C/cygwin/GNUARM/bin/../lib/gcc/arm-elf/4.0.2/thumb/interwork/libgcc.a(_modsi3.o)
                0x00205fac                __modsi3
 .text          0x00206084        0x4 /cygdrive/C/cygwin/GNUARM/bin/../lib/gcc/arm-elf/4.0.2/thumb/interwork/libgcc.a(_dvmd_tls.o)
                0x00206084                __aeabi_ldiv0
                0x00206084                __div0
                0x00206084                __aeabi_idiv0
 .text          0x00206088      0x430 /cygdrive/C/cygwin/GNUARM/bin/../lib/gcc/arm-elf/4.0.2/thumb/interwork/libgcc.a(_addsubdf3.o)
                0x0020644c                __floatdidf
                0x002063cc                __floatsidf
                0x002063a4                __aeabi_ui2d
                0x00206088                __aeabi_drsub
                0x002063f8                __extendsfdf2
                0x00206094                __adddf3
                0x002063a4                __floatunsidf
                0x00206094                __aeabi_dadd
                0x00206438                __aeabi_ul2d
                0x00206090                __aeabi_dsub
                0x00206438                __floatundidf
                0x002063cc                __aeabi_i2d
                0x0020644c                __aeabi_l2d
                0x002063f8                __aeabi_f2d
                0x00206090                __subdf3
 .text          0x002064b8      0x49c /cygdrive/C/cygwin/GNUARM/bin/../lib/gcc/arm-elf/4.0.2/thumb/interwork/libgcc.a(_muldivdf3.o)
                0x00206748                __aeabi_ddiv
                0x002064b8                __aeabi_dmul
                0x00206748                __divdf3
                0x002064b8                __muldf3
 .text          0x00206954       0x5c /cygdrive/C/cygwin/GNUARM/bin/../lib/gcc/arm-elf/4.0.2/thumb/interwork/libgcc.a(_fixdfsi.o)
                0x00206954                __fixdfsi
                0x00206954                __aeabi_d2iz
 .text          0x002069b0      0x2ac /cygdrive/C/cygwin/GNUARM/bin/../lib/gcc/arm-elf/4.0.2/thumb/interwork/libgcc.a(_addsubsf3.o)
                0x002069bc                __aeabi_fadd
                0x002069b8                __subsf3
                0x00206b80                __aeabi_i2f
                0x002069b8                __aeabi_fsub
                0x00206bb0                __floatdisf
                0x00206b80                __floatsisf
                0x00206ba0                __floatundisf
                0x00206b78                __aeabi_ui2f
                0x00206bb0                __aeabi_l2f
                0x00206ba0                __aeabi_ul2f
                0x002069b0                __aeabi_frsub
                0x00206b78                __floatunsisf
                0x002069bc                __addsf3
 .text          0x00206c5c      0x2f8 /cygdrive/C/cygwin/GNUARM/bin/../lib/gcc/arm-elf/4.0.2/thumb/interwork/libgcc.a(_muldivsf3.o)
                0x00206df4                __divsf3
                0x00206df4                __aeabi_fdiv
                0x00206c5c                __mulsf3
                0x00206c5c                __aeabi_fmul
 .text          0x00206f54      0x110 /cygdrive/C/cygwin/GNUARM/bin/../lib/gcc/arm-elf/4.0.2/thumb/interwork/libgcc.a(_cmpsf2.o)
                0x0020704c                __aeabi_fcmpgt
                0x00206f5c                __lesf2
                0x00206f64                __nesf2
                0x00207034                __aeabi_fcmpge
                0x00206f54                __gtsf2
                0x0020701c                __aeabi_fcmple
                0x00206f64                __eqsf2
                0x00206f64                __cmpsf2
                0x00206f5c                __ltsf2
                0x00206fd4                __aeabi_cfcmple
                0x00206f54                __gesf2
                0x00206fec                __aeabi_fcmpeq
                0x00206fc4                __aeabi_cfrcmple
                0x00207004                __aeabi_fcmplt
                0x00206fd4                __aeabi_cfcmpeq
 .text          0x00207064       0x5c /cygdrive/C/cygwin/GNUARM/bin/../lib/gcc/arm-elf/4.0.2/thumb/interwork/libgcc.a(_fixsfsi.o)
                0x00207064                __fixsfsi
                0x00207064                __aeabi_f2iz
 .text          0x002070c0       0x68 /cygdrive/C/cygwin/GNUARM/bin/../lib/gcc/arm-elf/4.0.2/../../../../arm-elf/lib/thumb/interwork/libc.a(memcpy.o)
                0x002070c0                memcpy
 .text          0x00207128       0x68 /cygdrive/C/cygwin/GNUARM/bin/../lib/gcc/arm-elf/4.0.2/../../../../arm-elf/lib/thumb/interwork/libc.a(memset.o)
                0x00207128                memset
 .text          0x00207190       0x60 /cygdrive/C/cygwin/GNUARM/bin/../lib/gcc/arm-elf/4.0.2/../../../../arm-elf/lib/thumb/interwork/libc.a(strcpy.o)
                0x00207190                strcpy
 .text          0x002071f0       0x48 /cygdrive/C/cygwin/GNUARM/bin/../lib/gcc/arm-elf/4.0.2/../../../../arm-elf/lib/thumb/interwork/libc.a(strlen.o)
                0x002071f0                strlen
 .glue_7        0x00207238       0x30 /cygdrive/C/cygwin/GNUARM/bin/../lib/gcc/arm-elf/4.0.2/../../../../arm-elf/lib/thumb/interwork/libc.a(strncpy.o)
                0x00207250                __call_posttaskhook_from_arm
                0x00207239                __ecrobot_debug1_from_arm
                0x00207245                __ecrobot_debug2_from_arm
                0x0020725c                __call_pretaskhook_from_arm
 .glue_7t       0x00207268       0xc0 /cygdrive/C/cygwin/GNUARM/bin/../lib/gcc/arm-elf/4.0.2/../../../../arm-elf/lib/thumb/interwork/libc.a(strncpy.o)
                0x00207294                __start_change_to_arm
                0x00207300                __interrupts_get_and_disable_from_thumb
                0x00207320                ____lesf2_from_thumb
                0x002072f9                ____gtdf2_from_thumb
                0x00207288                __exit_and_dispatch_from_thumb
                0x00207318                ____divsf3_from_thumb
                0x002072f4                ____gesf2_change_to_arm
                0x002072bc                ____fixsfsi_change_to_arm
                0x002072ec                ____addsf3_change_to_arm
                0x002072b8                ____fixsfsi_from_thumb
                0x00207298                ____floatsisf_from_thumb
                0x0020728c                __exit_and_dispatch_change_to_arm
                0x00207268                __disable_int_from_thumb
                0x002072f0                ____gesf2_from_thumb
                0x00207280                __start_dispatch_from_thumb
                0x002072a8                ____ltsf2_from_thumb
                0x002072d8                ____fixdfsi_from_thumb
                0x00207324                ____lesf2_change_to_arm
                0x00207290                __start_from_thumb
                0x002072cc                ____muldf3_change_to_arm
                0x0020731c                ____divsf3_change_to_arm
                0x002072dc                ____fixdfsi_change_to_arm
                0x00207270                __enable_int_from_thumb
                0x00207278                __dispatch_from_thumb
                0x0020730c                __interrupts_enable_change_to_arm
                0x002072b0                ____gtsf2_from_thumb
                0x00207304                __interrupts_get_and_disable_change_to_arm
                0x0020727c                __dispatch_change_to_arm
                0x002072a4                ____mulsf3_change_to_arm
                0x002072d4                ____adddf3_change_to_arm
                0x002072fc                ____gtdf2_change_to_arm
                0x002072c0                ____floatsidf_from_thumb
                0x0020729c                ____floatsisf_change_to_arm
                0x00207311                __display_bios_status_from_thumb
                0x002072e0                ____subsf3_from_thumb
                0x002072d0                ____adddf3_from_thumb
                0x002072b4                ____gtsf2_change_to_arm
                0x0020726c                __disable_int_change_to_arm
                0x002072ac                ____ltsf2_change_to_arm
                0x002072a0                ____mulsf3_from_thumb
                0x002072e8                ____addsf3_from_thumb
                0x002072c8                ____muldf3_from_thumb
                0x002072e4                ____subsf3_change_to_arm
                0x00207274                __enable_int_change_to_arm
                0x002072c4                ____floatsidf_change_to_arm
                0x00207308                __interrupts_enable_from_thumb
                0x00207314                __display_bios_status_change_to_arm
                0x00207284                __start_dispatch_change_to_arm
                0x00207330                . = ALIGN (0x10)
 *fill*         0x00207328        0x8 00
 *(*.rodata *.rodata.*)
 .rodata.search_table.966
                0x00207330        0xf build/kernel/task.o
 *fill*         0x0020733f        0x1 00
 .rodata.alminib_cycle
                0x00207340       0x10 build/./kernel_cfg.o
                0x00207340                alminib_cycle
 .rodata.alminib_almval
                0x00207350       0x10 build/./kernel_cfg.o
                0x00207350                alminib_almval
 .rodata.alminib_autosta
                0x00207360        0x4 build/./kernel_cfg.o
                0x00207360                alminib_autosta
 .rodata.alminib_cback
                0x00207364       0x10 build/./kernel_cfg.o
                0x00207364                alminib_cback
 .rodata.alminib_cntid
                0x00207374        0x4 build/./kernel_cfg.o
                0x00207374                alminib_cntid
 .rodata.cntinib_tickbase
                0x00207378        0x4 build/./kernel_cfg.o
                0x00207378                cntinib_tickbase
 .rodata.cntinib_maxval2
                0x0020737c        0x4 build/./kernel_cfg.o
                0x0020737c                cntinib_maxval2
 .rodata.cntinib_maxval
                0x00207380        0x4 build/./kernel_cfg.o
                0x00207380                cntinib_maxval
 .rodata.SysTimerCnt
                0x00207384        0x1 build/./kernel_cfg.o
                0x00207384                SysTimerCnt
 *fill*         0x00207385        0x1 00
 .rodata.tinib_stksz
                0x00207386        0x6 build/./kernel_cfg.o
                0x00207386                tinib_stksz
 .rodata.tinib_stk
                0x0020738c        0xc build/./kernel_cfg.o
                0x0020738c                tinib_stk
 .rodata.tinib_task
                0x00207398        0xc build/./kernel_cfg.o
                0x00207398                tinib_task
 .rodata.tinib_autoact
                0x002073a4        0x3 build/./kernel_cfg.o
                0x002073a4                tinib_autoact
 .rodata.tinib_maxact
                0x002073a7        0x3 build/./kernel_cfg.o
                0x002073a7                tinib_maxact
 .rodata.tinib_exepri
                0x002073aa        0x3 build/./kernel_cfg.o
                0x002073aa                tinib_exepri
 .rodata.tinib_inipri
                0x002073ad        0x3 build/./kernel_cfg.o
                0x002073ad                tinib_inipri
 .rodata.tnum_exttask
                0x002073b0        0x1 build/./kernel_cfg.o
                0x002073b0                tnum_exttask
 .rodata.tnum_task
                0x002073b1        0x1 build/./kernel_cfg.o
                0x002073b1                tnum_task
 .rodata.tnum_counter
                0x002073b2        0x1 build/./kernel_cfg.o
                0x002073b2                tnum_counter
 .rodata.tnum_alarm
                0x002073b3        0x1 build/./kernel_cfg.o
                0x002073b3                tnum_alarm
 .rodata.exec_addr
                0x002073b4        0x4 build/ecrobot_base.o
                0x002073b4                exec_addr
 .rodata.str1.4
                0x002073b8       0x80 build/ecrobot_base.o
 .rodata.BATTERY_OFFSET
                0x00207438        0x4 build/com/balancer_param.o
                0x00207438                BATTERY_OFFSET
 .rodata.BATTERY_GAIN
                0x0020743c        0x4 build/com/balancer_param.o
                0x0020743c                BATTERY_GAIN
 .rodata.str1.4
                0x00207440       0x30 build/controller/Monitor.o
 .rodata.bd_addr
                0x00207470        0x7 build/controller/RunActions.o
 *fill*         0x00207477        0x1 00
 .rodata.RA_do_running
                0x00207478       0x18 build/controller/RunActions.o
 .rodata.CU_pass
                0x00207490        0xc build/unit/CommunicationUnit.o
                0x00207490                CU_pass
                0x002074a0                . = ALIGN (0x10)
 *fill*         0x0020749c        0x4 00
 *(*.gnu.linkonce.* .gcc_except_table)
                0x002074a0                . = ALIGN (0x10)

.tors           0x002074a0        0x0
                0x002074a0                . = ALIGN (0x10)
                0x002074a0                __ctor_begin = .
 *(*.ctors*)
                0x002074a0                __ctor_end = .
                0x002074a0                . = ALIGN (0x10)
                0x002074a0                __dtor_begin = .
 *(*.dtors*)
                0x002074a0                __dtor_end = .
                0x002074a0                . = ALIGN (0x10)

.bss            0x002074a0     0x1848
 *(*.bss *.bss.*)
 .bss.ready_primap
                0x002074a0        0x2 build/kernel/task.o
 .bss.ready_queue_last
                0x002074a2       0x10 build/kernel/task.o
 .bss.ready_queue_first
                0x002074b2       0x10 build/kernel/task.o
 *fill*         0x002074c2        0x2 00
 .bss._stack_DisplayTask
                0x002074c4      0x200 build/./kernel_cfg.o
 .bss._stack_ActionTask
                0x002076c4      0x200 build/./kernel_cfg.o
 .bss._stack_BalanceTask
                0x002078c4      0x200 build/./kernel_cfg.o
 .bss.receiveBuf
                0x00207ac4       0x80 build/ecrobot_bluetooth.o
 .bss.sendBuf   0x00207b44      0x100 build/ecrobot_bluetooth.o
 .bss.handle    0x00207c44        0x1 build/ecrobot_bluetooth.o
 *fill*         0x00207c45        0x3 00
 .bss.status_bar_position
                0x00207c48        0x4 build/ecrobot_base.o
 .bss.last_act_time.2745
                0x00207c4c        0x4 build/ecrobot_base.o
 .bss.lcd.2674  0x00207c50      0x320 build/ecrobot_base.o
 .bss.OS_flag   0x00207f70        0x4 build/ecrobot_base.o
 .bss.status_bar
                0x00207f74       0x10 build/ecrobot_base.o
 .bss.RN_state  0x00207f84        0x4 build/controller/Runner.o
 .bss.RA_state.3195
                0x00207f88        0x4 build/controller/Monitor.o
 .bss.RN_state.3194
                0x00207f8c        0x4 build/controller/Monitor.o
 .bss.RA_state  0x00207f90        0x4 build/controller/RunActions.o
 .bss.click_state
                0x00207f94        0x4 build/unit/BumperUnit.o
 .bss.LMU_gray_value
                0x00207f98        0x4 build/unit/LineMonitorUnit.o
 .bss.LMU_threshold
                0x00207f9c        0x4 build/unit/LineMonitorUnit.o
 .bss.LMU_black_value
                0x00207fa0        0x4 build/unit/LineMonitorUnit.o
 .bss.LMU_white_value
                0x00207fa4        0x4 build/unit/LineMonitorUnit.o
 .bss.TU_timerResult
                0x00207fa8        0x4 build/unit/TimerUnit.o
 .bss.TU_timeOut
                0x00207fac        0x4 build/unit/TimerUnit.o
 .bss.TU_timerCount
                0x00207fb0        0x4 build/unit/TimerUnit.o
 .bss.TU_timerStart
                0x00207fb4        0x4 build/unit/TimerUnit.o
 .bss.CU_mode   0x00207fb8        0x4 build/unit/CommunicationUnit.o
 .bss.CU_recvMSG
                0x00207fbc        0x4 build/unit/CommunicationUnit.o
 .bss.CU_sendMSG
                0x00207fc0        0x4 build/unit/CommunicationUnit.o
 .bss.bd_addr   0x00207fc4        0x7 build/unit/CommunicationUnit.o
 *fill*         0x00207fcb        0x1 00
 .bss.BLNU_balance_startflg
                0x00207fcc        0x4 build/unit/BalancerUnit.o
 .bss.BLNU_gyro_offset
                0x00207fd0        0x4 build/unit/BalancerUnit.o
 .bss.BLNU_cmd_turn
                0x00207fd4        0x1 build/unit/BalancerUnit.o
 .bss.BLNU_cmd_forward
                0x00207fd5        0x1 build/unit/BalancerUnit.o
 *fill*         0x00207fd6        0x2 00
 .bss.finish_motor_rev
                0x00207fd8        0x4 build/unit/BalancerUnit.o
 .bss.start_r_motor_rev
                0x00207fdc        0x4 build/unit/BalancerUnit.o
 .bss.start_l_motor_rev
                0x00207fe0        0x4 build/unit/BalancerUnit.o
 .bss.BLNU_motor_angle_control
                0x00207fe4        0x4 build/unit/BalancerUnit.o
 .bss.BMU_threshold
                0x00207fe8        0x4 build/unit/BlockMonitorUnit.o
 .bss.buttons_i
                0x00207fec        0x4 ../../../ecrobot/../ecrobot/libecrobot.a(ecrobot_interface.o)
 .bss.buttons_states
                0x00207ff0       0x14 ../../../ecrobot/../ecrobot/libecrobot.a(ecrobot_interface.o)
 .bss.ecrobot_inputs
                0x00208004        0x8 ../../../ecrobot/../ecrobot/libecrobot.a(ecrobot_interface.o)
 .bss.systick_ms
                0x0020800c        0x4 ../../../ecrobot/../ecrobot/libecrobot.a(systick.oram)
 .bss.delayedEnable
                0x00208010        0x1 ../../../ecrobot/../ecrobot/libecrobot.a(udp.oram)
 *fill*         0x00208011        0x3 00
 .bss.outCnt    0x00208014        0x4 ../../../ecrobot/../ecrobot/libecrobot.a(udp.oram)
 .bss.outPtr    0x00208018        0x4 ../../../ecrobot/../ecrobot/libecrobot.a(udp.oram)
 .bss.newAddress
                0x0020801c        0x4 ../../../ecrobot/../ecrobot/libecrobot.a(udp.oram)
 .bss.currentRxBank
                0x00208020        0x4 ../../../ecrobot/../ecrobot/libecrobot.a(udp.oram)
 .bss.currentFeatures
                0x00208024        0x4 ../../../ecrobot/../ecrobot/libecrobot.a(udp.oram)
 .bss.currentConfig
                0x00208028        0x1 ../../../ecrobot/../ecrobot/libecrobot.a(udp.oram)
 *fill*         0x00208029        0x3 00
 .bss.twi_mask  0x0020802c        0x4 ../../../ecrobot/../ecrobot/libecrobot.a(twi.oram)
 .bss.twi_ptr   0x00208030        0x4 ../../../ecrobot/../ecrobot/libecrobot.a(twi.oram)
 .bss.twi_pending
                0x00208034        0x4 ../../../ecrobot/../ecrobot/libecrobot.a(twi.oram)
 .bss.twi_state
                0x00208038        0x4 ../../../ecrobot/../ecrobot/libecrobot.a(twi.oram)
 .bss.page      0x0020803c        0x1 ../../../ecrobot/../ecrobot/libecrobot.a(nxt_spi.oram)
                0x0020803c                page
 .bss.dirty     0x0020803d        0x1 ../../../ecrobot/../ecrobot/libecrobot.a(nxt_spi.oram)
                0x0020803d                dirty
 *fill*         0x0020803e        0x2 00
 .bss.display   0x00208040        0x4 ../../../ecrobot/../ecrobot/libecrobot.a(nxt_spi.oram)
                0x00208040                display
 .bss.interrupts_this_period
                0x00208044        0x4 ../../../ecrobot/../ecrobot/libecrobot.a(nxt_motors.oram)
 .bss.nxt_motor_initialised
                0x00208048        0x4 ../../../ecrobot/../ecrobot/libecrobot.a(nxt_motors.oram)
 .bss.motor     0x0020804c       0x30 ../../../ecrobot/../ecrobot/libecrobot.a(nxt_motors.oram)
 .bss.display_tick
                0x0020807c        0x4 ../../../ecrobot/../ecrobot/libecrobot.a(display.oram)
                0x0020807c                display_tick
 .bss.display_array
                0x00208080      0x388 ../../../ecrobot/../ecrobot/libecrobot.a(display.oram)
 .bss.i2c_int_count
                0x00208408        0x4 ../../../ecrobot/../ecrobot/libecrobot.a(i2c.oram)
 .bss.i2c_port  0x0020840c      0x170 ../../../ecrobot/../ecrobot/libecrobot.a(i2c.oram)
 .bss.sound_mode
                0x0020857c        0x1 ../../../ecrobot/../ecrobot/libecrobot.a(sound.oram)
                0x0020857c                sound_mode
 *fill*         0x0020857d        0x3 00
 .bss.in_buf_idx
                0x00208580        0x4 ../../../ecrobot/../ecrobot/libecrobot.a(bt.oram)
 .bss.buf_ptr   0x00208584        0x4 ../../../ecrobot/../ecrobot/libecrobot.a(bt.oram)
 .bss.out_buf   0x00208588      0x200 ../../../ecrobot/../ecrobot/libecrobot.a(bt.oram)
 .bss.out_buf_ptr
                0x00208788        0x1 ../../../ecrobot/../ecrobot/libecrobot.a(bt.oram)
 .bss.in_buf_in_ptr
                0x00208789        0x1 ../../../ecrobot/../ecrobot/libecrobot.a(bt.oram)
 .bss.in_buf    0x0020878a      0x100 ../../../ecrobot/../ecrobot/libecrobot.a(bt.oram)
 *fill*         0x0020888a        0x2 00
 .bss.link_state
                0x0020888c        0x4 ../../../ecrobot/../ecrobot/libecrobot.a(nxt_avr.oram)
 .bss.update_count
                0x00208890        0x4 ../../../ecrobot/../ecrobot/libecrobot.a(nxt_avr.oram)
 .bss.nxt_avr_stats
                0x00208894       0x14 ../../../ecrobot/../ecrobot/libecrobot.a(nxt_avr.oram)
 .bss.debounce_cnt
                0x002088a8        0x2 ../../../ecrobot/../ecrobot/libecrobot.a(nxt_avr.oram)
 .bss.debounce_state
                0x002088aa        0x2 ../../../ecrobot/../ecrobot/libecrobot.a(nxt_avr.oram)
 .bss.button_state
                0x002088ac        0x2 ../../../ecrobot/../ecrobot/libecrobot.a(nxt_avr.oram)
 .bss.prev_buttons
                0x002088ae        0x2 ../../../ecrobot/../ecrobot/libecrobot.a(nxt_avr.oram)
 .bss.from_buf  0x002088b0        0x4 ../../../ecrobot/../ecrobot/libecrobot.a(nxt_avr.oram)
 .bss.io_from_avr
                0x002088b4        0x4 ../../../ecrobot/../ecrobot/libecrobot.a(nxt_avr.oram)
 .bss.data_from_avr
                0x002088b8       0x1a ../../../ecrobot/../ecrobot/libecrobot.a(nxt_avr.oram)
 .bss.data_to_avr
                0x002088d2        0x9 ../../../ecrobot/../ecrobot/libecrobot.a(nxt_avr.oram)
 .bss.io_to_avr
                0x002088db        0x8 ../../../ecrobot/../ecrobot/libecrobot.a(nxt_avr.oram)
 *fill*         0x002088e3        0x1 00
 .bss.display   0x002088e4        0x4 ../../../ecrobot/../ecrobot/libecrobot.a(nxt_lcd.oram)
 .bss.ud_thetadot_cmd_lpf
                0x002088e8        0x4 ../../../ecrobot/../ecrobot/libnxtway_gs_balancer.a(balancer.o)
 .bss.ud_theta_ref
                0x002088ec        0x4 ../../../ecrobot/../ecrobot/libnxtway_gs_balancer.a(balancer.o)
 .bss.ud_theta_lpf
                0x002088f0        0x4 ../../../ecrobot/../ecrobot/libnxtway_gs_balancer.a(balancer.o)
 .bss.ud_psi    0x002088f4        0x4 ../../../ecrobot/../ecrobot/libnxtway_gs_balancer.a(balancer.o)
 .bss.ud_err_theta
                0x002088f8        0x4 ../../../ecrobot/../ecrobot/libnxtway_gs_balancer.a(balancer.o)
                0x00208900                . = ALIGN (0x10)
 *fill*         0x002088fc        0x4 00
                0x00208900                __bss_end__ = .
 COMMON         0x00208900        0x2 build/kernel/interrupt.o
                0x00208900                runisr
                0x00208901                sus_all_cnt
 *fill*         0x00208902        0x2 00
 COMMON         0x00208904       0x10 build/kernel/osctl.o
                0x00208904                callevel
                0x00208905                _errorhook_svcid
                0x00208906                appmode
                0x00208908                _errorhook_par1
                0x0020890c                _errorhook_par3
                0x00208910                _errorhook_par2
 COMMON         0x00208914        0x3 build/kernel/task.o
                0x00208914                runtsk
                0x00208915                schedtsk
                0x00208916                nextpri
 *fill*         0x00208917        0x1 00
 COMMON         0x00208918       0x60 build/./kernel_cfg.o
                0x00208918                tcb_waievt
                0x0020891c                rescb_prevpri
                0x0020891d                almcb_prev
                0x00208921                tcb_lastres
                0x00208924                almcb_almval
                0x00208934                tcxb_pc
                0x00208940                tcb_next
                0x00208943                tcb_curpri
                0x00208946                tcb_tstat
                0x00208949                isrcb_lastres
                0x0020894a                cntcb_almque
                0x0020894b                rescb_prevres
                0x0020894c                tcb_actcnt
                0x00208950                tcb_curevt
                0x00208954                almcb_cycle
                0x00208964                tcxb_sp
                0x00208970                almcb_next
                0x00208974                cntcb_curval
 COMMON         0x00208978        0x4 build/controller/RunActions.o
                0x00208978                i
 COMMON         0x0020897c       0x44 ../../../ecrobot/../ecrobot/libecrobot.a(uart.oram)
                0x0020897c                uart
 COMMON         0x002089c0        0x4 ../../../ecrobot/../ecrobot/libecrobot.a(data_abort.oram)
                0x002089c0                data_abort_pc
 COMMON         0x002089c4        0x8 ../../../ecrobot/../ecrobot/libecrobot.a(display.oram)
                0x002089c4                display_x
                0x002089c8                display_y
 COMMON         0x002089cc      0x31c ../../../ecrobot/../ecrobot/libecrobot.a(sound.oram)
                0x002089cc                sample
                0x002074a0                __bss_start__ = ADDR (.bss)
                0x00208ce8                __bss_end__ = (ADDR (.bss) + SIZEOF (.bss))
                0x00208ce8                PROVIDE (end, .)

.heap_area      0x00208ce8     0x6e90
                0x0020fb78                . = (. + (0x20fb78 - end))
 *fill*         0x00208ce8     0x6e90 00

.stack          0x0020fb78      0x488
                0x0020fbf8                . = (. + 0x80)
 *fill*         0x0020fb78       0x80 00
                0x0020fc00                . = ALIGN (0x10)
 *fill*         0x0020fbf8        0x8 00
                0x0020fc00                __irq_stack__ = .
                0x0020fc00                __system_stack_bottom__ = .
                0x00210000                . = (. + 0x400)
 *fill*         0x0020fc00      0x400 00
                0x00210000                . = ALIGN (0x10)
                0x00210000                __system_stack__ = .
                0x00210000                __system_stack_top__ = .
                0x0020fb78                __stack_start__ = ADDR (.stack)
                0x00210000                __stack_end__ = (ADDR (.stack) + SIZEOF (.stack))
OUTPUT(Runner1_rxe.elf elf32-littlearm)

.comment        0x00000000      0x45c
 .comment       0x00000000       0x12 build/kernel/alarm.o
 .comment       0x00000012       0x12 build/kernel/event.o
 .comment       0x00000024       0x12 build/kernel/interrupt.o
 .comment       0x00000036       0x12 build/kernel/osctl.o
 .comment       0x00000048       0x12 build/kernel/resource.o
 .comment       0x0000005a       0x12 build/kernel/task.o
 .comment       0x0000006c       0x12 build/kernel/task_manage.o
 .comment       0x0000007e       0x12 build/config/at91sam7s-gnu/cpu_config.o
 .comment       0x00000090       0x12 build/config/at91sam7s-gnu/lego_nxt/sys_config.o
 .comment       0x000000a2       0x12 build/./kernel_cfg.o
 .comment       0x000000b4       0x12 build/syscalls.o
 .comment       0x000000c6       0x12 build/ecrobot_bluetooth.o
 .comment       0x000000d8       0x12 build/ecrobot_base.o
 .comment       0x000000ea       0x12 build/ecrobot.o
 .comment       0x000000fc       0x12 build/com/balancer_param.o
 .comment       0x0000010e       0x12 build/controller/Runner.o
 .comment       0x00000120       0x12 build/controller/Monitor.o
 .comment       0x00000132       0x12 build/controller/RunActions.o
 .comment       0x00000144       0x12 build/controller/CalibrateActions.o
 .comment       0x00000156       0x12 build/unit/BumperUnit.o
 .comment       0x00000168       0x12 build/unit/LineMonitorUnit.o
 .comment       0x0000017a       0x12 build/unit/DisplayUnit.o
 .comment       0x0000018c       0x12 build/unit/HornUnit.o
 .comment       0x0000019e       0x12 build/unit/TimerUnit.o
 .comment       0x000001b0       0x12 build/unit/CommunicationUnit.o
 .comment       0x000001c2       0x12 build/unit/BalancerUnit.o
 .comment       0x000001d4       0x12 build/unit/BlockMonitorUnit.o
 .comment       0x000001e6       0x12 build/controller/initDevice.o
 .comment       0x000001f8       0x12 build/syslib/at91sam7s-gnu/lego_nxt/hw_sys_timer.oram
 .comment       0x0000020a       0x12 ../../../ecrobot/../ecrobot/libecrobot.a(ecrobot_HiTechnic.o)
 .comment       0x0000021c       0x12 ../../../ecrobot/../ecrobot/libecrobot.a(ecrobot_interface.o)
 .comment       0x0000022e       0x12 ../../../ecrobot/../ecrobot/libecrobot.a(colorsensor.o)
 .comment       0x00000240       0x12 ../../../ecrobot/../ecrobot/libecrobot.a(uart.oram)
 .comment       0x00000252       0x12 ../../../ecrobot/../ecrobot/libecrobot.a(systick.oram)
 .comment       0x00000264       0x12 ../../../ecrobot/../ecrobot/libecrobot.a(byte_fifo.oram)
 .comment       0x00000276       0x12 ../../../ecrobot/../ecrobot/libecrobot.a(aic.oram)
 .comment       0x00000288       0x12 ../../../ecrobot/../ecrobot/libecrobot.a(udp.oram)
 .comment       0x0000029a       0x12 ../../../ecrobot/../ecrobot/libecrobot.a(twi.oram)
 .comment       0x000002ac       0x12 ../../../ecrobot/../ecrobot/libecrobot.a(nxt_spi.oram)
 .comment       0x000002be       0x12 ../../../ecrobot/../ecrobot/libecrobot.a(nxt_motors.oram)
 .comment       0x000002d0       0x12 ../../../ecrobot/../ecrobot/libecrobot.a(data_abort.oram)
 .comment       0x000002e2       0x12 ../../../ecrobot/../ecrobot/libecrobot.a(display.oram)
 .comment       0x000002f4       0x12 ../../../ecrobot/../ecrobot/libecrobot.a(i2c.oram)
 .comment       0x00000306       0x12 ../../../ecrobot/../ecrobot/libecrobot.a(sound.oram)
 .comment       0x00000318       0x12 ../../../ecrobot/../ecrobot/libecrobot.a(bt.oram)
 .comment       0x0000032a       0x12 ../../../ecrobot/../ecrobot/libecrobot.a(nxt_avr.oram)
 .comment       0x0000033c       0x12 ../../../ecrobot/../ecrobot/libecrobot.a(sensors.oram)
 .comment       0x0000034e       0x12 ../../../ecrobot/../ecrobot/libecrobot.a(sensors1.oram)
 .comment       0x00000360       0x12 ../../../ecrobot/../ecrobot/libecrobot.a(nxt_lcd.oram)
 .comment       0x00000372       0x12 ../../../ecrobot/../ecrobot/libecrobot.a(flash_loader.oram)
 .comment       0x00000384       0x12 ../../../ecrobot/../ecrobot/libecrobot.a(ecrobot_usb.o)
 .comment       0x00000396       0x12 ../../../ecrobot/../ecrobot/libecrobot.a(flashprog.oram)
 .comment       0x000003a8       0x12 ../../../ecrobot/../ecrobot/libnxtway_gs_balancer.a(balancer.o)
 .comment       0x000003ba       0x12 /cygdrive/C/cygwin/GNUARM/bin/../lib/gcc/arm-elf/4.0.2/thumb/interwork/libgcc.a(_muldi3.o)
 .comment       0x000003cc       0x12 /cygdrive/C/cygwin/GNUARM/bin/../lib/gcc/arm-elf/4.0.2/thumb/interwork/libgcc.a(_divdi3.o)
 .comment       0x000003de       0x12 /cygdrive/C/cygwin/GNUARM/bin/../lib/gcc/arm-elf/4.0.2/thumb/interwork/libgcc.a(_clz.o)
 .comment       0x000003f0       0x12 /cygdrive/C/cygwin/GNUARM/bin/../lib/gcc/arm-elf/4.0.2/../../../../arm-elf/lib/thumb/interwork/libc.a(memcpy.o)
 .comment       0x00000402       0x12 /cygdrive/C/cygwin/GNUARM/bin/../lib/gcc/arm-elf/4.0.2/../../../../arm-elf/lib/thumb/interwork/libc.a(memset.o)
 .comment       0x00000414       0x12 /cygdrive/C/cygwin/GNUARM/bin/../lib/gcc/arm-elf/4.0.2/../../../../arm-elf/lib/thumb/interwork/libc.a(strcmp.o)
 .comment       0x00000426       0x12 /cygdrive/C/cygwin/GNUARM/bin/../lib/gcc/arm-elf/4.0.2/../../../../arm-elf/lib/thumb/interwork/libc.a(strcpy.o)
 .comment       0x00000438       0x12 /cygdrive/C/cygwin/GNUARM/bin/../lib/gcc/arm-elf/4.0.2/../../../../arm-elf/lib/thumb/interwork/libc.a(strlen.o)
 .comment       0x0000044a       0x12 /cygdrive/C/cygwin/GNUARM/bin/../lib/gcc/arm-elf/4.0.2/../../../../arm-elf/lib/thumb/interwork/libc.a(strncpy.o)

.debug_line     0x00000000      0xf17
 .debug_line    0x00000000       0x70 /cygdrive/C/cygwin/GNUARM/bin/../lib/gcc/arm-elf/4.0.2/thumb/interwork/libgcc.a(_udivsi3.o)
 .debug_line    0x00000070       0x7c /cygdrive/C/cygwin/GNUARM/bin/../lib/gcc/arm-elf/4.0.2/thumb/interwork/libgcc.a(_divsi3.o)
 .debug_line    0x000000ec       0x68 /cygdrive/C/cygwin/GNUARM/bin/../lib/gcc/arm-elf/4.0.2/thumb/interwork/libgcc.a(_umodsi3.o)
 .debug_line    0x00000154       0x71 /cygdrive/C/cygwin/GNUARM/bin/../lib/gcc/arm-elf/4.0.2/thumb/interwork/libgcc.a(_modsi3.o)
 .debug_line    0x000001c5       0x5a /cygdrive/C/cygwin/GNUARM/bin/../lib/gcc/arm-elf/4.0.2/thumb/interwork/libgcc.a(_dvmd_tls.o)
 .debug_line    0x0000021f      0x162 /cygdrive/C/cygwin/GNUARM/bin/../lib/gcc/arm-elf/4.0.2/thumb/interwork/libgcc.a(_addsubdf3.o)
 .debug_line    0x00000381      0x177 /cygdrive/C/cygwin/GNUARM/bin/../lib/gcc/arm-elf/4.0.2/thumb/interwork/libgcc.a(_muldivdf3.o)
 .debug_line    0x000004f8       0xa4 /cygdrive/C/cygwin/GNUARM/bin/../lib/gcc/arm-elf/4.0.2/thumb/interwork/libgcc.a(_cmpdf2.o)
 .debug_line    0x0000059c       0x6f /cygdrive/C/cygwin/GNUARM/bin/../lib/gcc/arm-elf/4.0.2/thumb/interwork/libgcc.a(_fixdfsi.o)
 .debug_line    0x0000060b      0x110 /cygdrive/C/cygwin/GNUARM/bin/../lib/gcc/arm-elf/4.0.2/thumb/interwork/libgcc.a(_addsubsf3.o)
 .debug_line    0x0000071b      0x11a /cygdrive/C/cygwin/GNUARM/bin/../lib/gcc/arm-elf/4.0.2/thumb/interwork/libgcc.a(_muldivsf3.o)
 .debug_line    0x00000835       0x98 /cygdrive/C/cygwin/GNUARM/bin/../lib/gcc/arm-elf/4.0.2/thumb/interwork/libgcc.a(_cmpsf2.o)
 .debug_line    0x000008cd       0x6f /cygdrive/C/cygwin/GNUARM/bin/../lib/gcc/arm-elf/4.0.2/thumb/interwork/libgcc.a(_fixsfsi.o)
 .debug_line    0x0000093c       0x61 /cygdrive/C/cygwin/GNUARM/bin/../lib/gcc/arm-elf/4.0.2/thumb/interwork/libgcc.a(_muldi3.o)
 .debug_line    0x0000099d      0x122 /cygdrive/C/cygwin/GNUARM/bin/../lib/gcc/arm-elf/4.0.2/thumb/interwork/libgcc.a(_divdi3.o)
 .debug_line    0x00000abf       0x48 /cygdrive/C/cygwin/GNUARM/bin/../lib/gcc/arm-elf/4.0.2/thumb/interwork/libgcc.a(_clz.o)
 .debug_line    0x00000b07       0xc3 /cygdrive/C/cygwin/GNUARM/bin/../lib/gcc/arm-elf/4.0.2/../../../../arm-elf/lib/thumb/interwork/libc.a(memcpy.o)
 .debug_line    0x00000bca       0xd4 /cygdrive/C/cygwin/GNUARM/bin/../lib/gcc/arm-elf/4.0.2/../../../../arm-elf/lib/thumb/interwork/libc.a(memset.o)
 .debug_line    0x00000c9e       0x88 /cygdrive/C/cygwin/GNUARM/bin/../lib/gcc/arm-elf/4.0.2/../../../../arm-elf/lib/thumb/interwork/libc.a(strcmp.o)
 .debug_line    0x00000d26       0x80 /cygdrive/C/cygwin/GNUARM/bin/../lib/gcc/arm-elf/4.0.2/../../../../arm-elf/lib/thumb/interwork/libc.a(strcpy.o)
 .debug_line    0x00000da6       0xaf /cygdrive/C/cygwin/GNUARM/bin/../lib/gcc/arm-elf/4.0.2/../../../../arm-elf/lib/thumb/interwork/libc.a(strlen.o)
 .debug_line    0x00000e55       0xc2 /cygdrive/C/cygwin/GNUARM/bin/../lib/gcc/arm-elf/4.0.2/../../../../arm-elf/lib/thumb/interwork/libc.a(strncpy.o)

.debug_info     0x00000000     0x1587
 .debug_info    0x00000000       0x6a /cygdrive/C/cygwin/GNUARM/bin/../lib/gcc/arm-elf/4.0.2/thumb/interwork/libgcc.a(_udivsi3.o)
 .debug_info    0x0000006a       0x6a /cygdrive/C/cygwin/GNUARM/bin/../lib/gcc/arm-elf/4.0.2/thumb/interwork/libgcc.a(_divsi3.o)
 .debug_info    0x000000d4       0x6a /cygdrive/C/cygwin/GNUARM/bin/../lib/gcc/arm-elf/4.0.2/thumb/interwork/libgcc.a(_umodsi3.o)
 .debug_info    0x0000013e       0x6a /cygdrive/C/cygwin/GNUARM/bin/../lib/gcc/arm-elf/4.0.2/thumb/interwork/libgcc.a(_modsi3.o)
 .debug_info    0x000001a8       0x6a /cygdrive/C/cygwin/GNUARM/bin/../lib/gcc/arm-elf/4.0.2/thumb/interwork/libgcc.a(_dvmd_tls.o)
 .debug_info    0x00000212       0x69 /cygdrive/C/cygwin/GNUARM/bin/../lib/gcc/arm-elf/4.0.2/thumb/interwork/libgcc.a(_addsubdf3.o)
 .debug_info    0x0000027b       0x69 /cygdrive/C/cygwin/GNUARM/bin/../lib/gcc/arm-elf/4.0.2/thumb/interwork/libgcc.a(_muldivdf3.o)
 .debug_info    0x000002e4       0x69 /cygdrive/C/cygwin/GNUARM/bin/../lib/gcc/arm-elf/4.0.2/thumb/interwork/libgcc.a(_cmpdf2.o)
 .debug_info    0x0000034d       0x69 /cygdrive/C/cygwin/GNUARM/bin/../lib/gcc/arm-elf/4.0.2/thumb/interwork/libgcc.a(_fixdfsi.o)
 .debug_info    0x000003b6       0x69 /cygdrive/C/cygwin/GNUARM/bin/../lib/gcc/arm-elf/4.0.2/thumb/interwork/libgcc.a(_addsubsf3.o)
 .debug_info    0x0000041f       0x69 /cygdrive/C/cygwin/GNUARM/bin/../lib/gcc/arm-elf/4.0.2/thumb/interwork/libgcc.a(_muldivsf3.o)
 .debug_info    0x00000488       0x69 /cygdrive/C/cygwin/GNUARM/bin/../lib/gcc/arm-elf/4.0.2/thumb/interwork/libgcc.a(_cmpsf2.o)
 .debug_info    0x000004f1       0x69 /cygdrive/C/cygwin/GNUARM/bin/../lib/gcc/arm-elf/4.0.2/thumb/interwork/libgcc.a(_fixsfsi.o)
 .debug_info    0x0000055a      0x20e /cygdrive/C/cygwin/GNUARM/bin/../lib/gcc/arm-elf/4.0.2/thumb/interwork/libgcc.a(_muldi3.o)
 .debug_info    0x00000768      0x758 /cygdrive/C/cygwin/GNUARM/bin/../lib/gcc/arm-elf/4.0.2/thumb/interwork/libgcc.a(_divdi3.o)
 .debug_info    0x00000ec0       0xc9 /cygdrive/C/cygwin/GNUARM/bin/../lib/gcc/arm-elf/4.0.2/thumb/interwork/libgcc.a(_clz.o)
 .debug_info    0x00000f89      0x10d /cygdrive/C/cygwin/GNUARM/bin/../lib/gcc/arm-elf/4.0.2/../../../../arm-elf/lib/thumb/interwork/libc.a(memcpy.o)
 .debug_info    0x00001096      0x111 /cygdrive/C/cygwin/GNUARM/bin/../lib/gcc/arm-elf/4.0.2/../../../../arm-elf/lib/thumb/interwork/libc.a(memset.o)
 .debug_info    0x000011a7       0xd9 /cygdrive/C/cygwin/GNUARM/bin/../lib/gcc/arm-elf/4.0.2/../../../../arm-elf/lib/thumb/interwork/libc.a(strcmp.o)
 .debug_info    0x00001280      0x10c /cygdrive/C/cygwin/GNUARM/bin/../lib/gcc/arm-elf/4.0.2/../../../../arm-elf/lib/thumb/interwork/libc.a(strcpy.o)
 .debug_info    0x0000138c       0xd5 /cygdrive/C/cygwin/GNUARM/bin/../lib/gcc/arm-elf/4.0.2/../../../../arm-elf/lib/thumb/interwork/libc.a(strlen.o)
 .debug_info    0x00001461      0x126 /cygdrive/C/cygwin/GNUARM/bin/../lib/gcc/arm-elf/4.0.2/../../../../arm-elf/lib/thumb/interwork/libc.a(strncpy.o)

.debug_abbrev   0x00000000      0x701
 .debug_abbrev  0x00000000       0x14 /cygdrive/C/cygwin/GNUARM/bin/../lib/gcc/arm-elf/4.0.2/thumb/interwork/libgcc.a(_udivsi3.o)
 .debug_abbrev  0x00000014       0x14 /cygdrive/C/cygwin/GNUARM/bin/../lib/gcc/arm-elf/4.0.2/thumb/interwork/libgcc.a(_divsi3.o)
 .debug_abbrev  0x00000028       0x14 /cygdrive/C/cygwin/GNUARM/bin/../lib/gcc/arm-elf/4.0.2/thumb/interwork/libgcc.a(_umodsi3.o)
 .debug_abbrev  0x0000003c       0x14 /cygdrive/C/cygwin/GNUARM/bin/../lib/gcc/arm-elf/4.0.2/thumb/interwork/libgcc.a(_modsi3.o)
 .debug_abbrev  0x00000050       0x14 /cygdrive/C/cygwin/GNUARM/bin/../lib/gcc/arm-elf/4.0.2/thumb/interwork/libgcc.a(_dvmd_tls.o)
 .debug_abbrev  0x00000064       0x14 /cygdrive/C/cygwin/GNUARM/bin/../lib/gcc/arm-elf/4.0.2/thumb/interwork/libgcc.a(_addsubdf3.o)
 .debug_abbrev  0x00000078       0x14 /cygdrive/C/cygwin/GNUARM/bin/../lib/gcc/arm-elf/4.0.2/thumb/interwork/libgcc.a(_muldivdf3.o)
 .debug_abbrev  0x0000008c       0x14 /cygdrive/C/cygwin/GNUARM/bin/../lib/gcc/arm-elf/4.0.2/thumb/interwork/libgcc.a(_cmpdf2.o)
 .debug_abbrev  0x000000a0       0x14 /cygdrive/C/cygwin/GNUARM/bin/../lib/gcc/arm-elf/4.0.2/thumb/interwork/libgcc.a(_fixdfsi.o)
 .debug_abbrev  0x000000b4       0x14 /cygdrive/C/cygwin/GNUARM/bin/../lib/gcc/arm-elf/4.0.2/thumb/interwork/libgcc.a(_addsubsf3.o)
 .debug_abbrev  0x000000c8       0x14 /cygdrive/C/cygwin/GNUARM/bin/../lib/gcc/arm-elf/4.0.2/thumb/interwork/libgcc.a(_muldivsf3.o)
 .debug_abbrev  0x000000dc       0x14 /cygdrive/C/cygwin/GNUARM/bin/../lib/gcc/arm-elf/4.0.2/thumb/interwork/libgcc.a(_cmpsf2.o)
 .debug_abbrev  0x000000f0       0x14 /cygdrive/C/cygwin/GNUARM/bin/../lib/gcc/arm-elf/4.0.2/thumb/interwork/libgcc.a(_fixsfsi.o)
 .debug_abbrev  0x00000104       0xec /cygdrive/C/cygwin/GNUARM/bin/../lib/gcc/arm-elf/4.0.2/thumb/interwork/libgcc.a(_muldi3.o)
 .debug_abbrev  0x000001f0      0x174 /cygdrive/C/cygwin/GNUARM/bin/../lib/gcc/arm-elf/4.0.2/thumb/interwork/libgcc.a(_divdi3.o)
 .debug_abbrev  0x00000364       0x61 /cygdrive/C/cygwin/GNUARM/bin/../lib/gcc/arm-elf/4.0.2/thumb/interwork/libgcc.a(_clz.o)
 .debug_abbrev  0x000003c5       0x99 /cygdrive/C/cygwin/GNUARM/bin/../lib/gcc/arm-elf/4.0.2/../../../../arm-elf/lib/thumb/interwork/libc.a(memcpy.o)
 .debug_abbrev  0x0000045e       0x9a /cygdrive/C/cygwin/GNUARM/bin/../lib/gcc/arm-elf/4.0.2/../../../../arm-elf/lib/thumb/interwork/libc.a(memset.o)
 .debug_abbrev  0x000004f8       0x71 /cygdrive/C/cygwin/GNUARM/bin/../lib/gcc/arm-elf/4.0.2/../../../../arm-elf/lib/thumb/interwork/libc.a(strcmp.o)
 .debug_abbrev  0x00000569       0x80 /cygdrive/C/cygwin/GNUARM/bin/../lib/gcc/arm-elf/4.0.2/../../../../arm-elf/lib/thumb/interwork/libc.a(strcpy.o)
 .debug_abbrev  0x000005e9       0x8b /cygdrive/C/cygwin/GNUARM/bin/../lib/gcc/arm-elf/4.0.2/../../../../arm-elf/lib/thumb/interwork/libc.a(strlen.o)
 .debug_abbrev  0x00000674       0x8d /cygdrive/C/cygwin/GNUARM/bin/../lib/gcc/arm-elf/4.0.2/../../../../arm-elf/lib/thumb/interwork/libc.a(strncpy.o)

.debug_aranges  0x00000000      0x2a0
 .debug_aranges
                0x00000000       0x20 /cygdrive/C/cygwin/GNUARM/bin/../lib/gcc/arm-elf/4.0.2/thumb/interwork/libgcc.a(_udivsi3.o)
 .debug_aranges
                0x00000020       0x20 /cygdrive/C/cygwin/GNUARM/bin/../lib/gcc/arm-elf/4.0.2/thumb/interwork/libgcc.a(_divsi3.o)
 .debug_aranges
                0x00000040       0x20 /cygdrive/C/cygwin/GNUARM/bin/../lib/gcc/arm-elf/4.0.2/thumb/interwork/libgcc.a(_umodsi3.o)
 .debug_aranges
                0x00000060       0x20 /cygdrive/C/cygwin/GNUARM/bin/../lib/gcc/arm-elf/4.0.2/thumb/interwork/libgcc.a(_modsi3.o)
 .debug_aranges
                0x00000080       0x20 /cygdrive/C/cygwin/GNUARM/bin/../lib/gcc/arm-elf/4.0.2/thumb/interwork/libgcc.a(_dvmd_tls.o)
 .debug_aranges
                0x000000a0       0x20 /cygdrive/C/cygwin/GNUARM/bin/../lib/gcc/arm-elf/4.0.2/thumb/interwork/libgcc.a(_addsubdf3.o)
 .debug_aranges
                0x000000c0       0x20 /cygdrive/C/cygwin/GNUARM/bin/../lib/gcc/arm-elf/4.0.2/thumb/interwork/libgcc.a(_muldivdf3.o)
 .debug_aranges
                0x000000e0       0x20 /cygdrive/C/cygwin/GNUARM/bin/../lib/gcc/arm-elf/4.0.2/thumb/interwork/libgcc.a(_cmpdf2.o)
 .debug_aranges
                0x00000100       0x20 /cygdrive/C/cygwin/GNUARM/bin/../lib/gcc/arm-elf/4.0.2/thumb/interwork/libgcc.a(_fixdfsi.o)
 .debug_aranges
                0x00000120       0x20 /cygdrive/C/cygwin/GNUARM/bin/../lib/gcc/arm-elf/4.0.2/thumb/interwork/libgcc.a(_addsubsf3.o)
 .debug_aranges
                0x00000140       0x20 /cygdrive/C/cygwin/GNUARM/bin/../lib/gcc/arm-elf/4.0.2/thumb/interwork/libgcc.a(_muldivsf3.o)
 .debug_aranges
                0x00000160       0x20 /cygdrive/C/cygwin/GNUARM/bin/../lib/gcc/arm-elf/4.0.2/thumb/interwork/libgcc.a(_cmpsf2.o)
 .debug_aranges
                0x00000180       0x20 /cygdrive/C/cygwin/GNUARM/bin/../lib/gcc/arm-elf/4.0.2/thumb/interwork/libgcc.a(_fixsfsi.o)
 .debug_aranges
                0x000001a0       0x20 /cygdrive/C/cygwin/GNUARM/bin/../lib/gcc/arm-elf/4.0.2/thumb/interwork/libgcc.a(_muldi3.o)
 .debug_aranges
                0x000001c0       0x20 /cygdrive/C/cygwin/GNUARM/bin/../lib/gcc/arm-elf/4.0.2/thumb/interwork/libgcc.a(_divdi3.o)
 .debug_aranges
                0x000001e0       0x20 /cygdrive/C/cygwin/GNUARM/bin/../lib/gcc/arm-elf/4.0.2/../../../../arm-elf/lib/thumb/interwork/libc.a(memcpy.o)
 .debug_aranges
                0x00000200       0x20 /cygdrive/C/cygwin/GNUARM/bin/../lib/gcc/arm-elf/4.0.2/../../../../arm-elf/lib/thumb/interwork/libc.a(memset.o)
 .debug_aranges