Archive member included because of file (symbol)

../../../ecrobot/../ecrobot/libecrobot.a(ecrobot_HiTechnic.o)
                              build/unit/BalancerUnit.o (ecrobot_get_gyro_sensor)
../../../ecrobot/../ecrobot/libecrobot.a(ecrobot_interface.o)
                              build/unit/BalancerUnit.o (ecrobot_set_motor_rev)
../../../ecrobot/../ecrobot/libecrobot.a(uart.oram)
                              build/config/at91sam7s-gnu/irq.oram (uart_isr_C_0)
../../../ecrobot/../ecrobot/libecrobot.a(systick.oram)
                              build/syslib/at91sam7s-gnu/lego_nxt/hw_sys_timer.oram (systick_low_priority_C)
../../../ecrobot/../ecrobot/libecrobot.a(byte_fifo.oram)
                              ../../../ecrobot/../ecrobot/libecrobot.a(uart.oram) (byte_fifo_put)
../../../ecrobot/../ecrobot/libecrobot.a(aic.oram)
                              ../../../ecrobot/../ecrobot/libecrobot.a(uart.oram) (aic_set_vector)
../../../ecrobot/../ecrobot/libecrobot.a(udp.oram)
                              build/config/at91sam7s-gnu/irq.oram (udp_isr_C)
../../../ecrobot/../ecrobot/libecrobot.a(twi.oram)
                              build/config/at91sam7s-gnu/irq.oram (twi_isr_C)
../../../ecrobot/../ecrobot/libecrobot.a(nxt_spi.oram)
                              build/config/at91sam7s-gnu/irq.oram (spi_isr_C)
../../../ecrobot/../ecrobot/libecrobot.a(nxt_motors.oram)
                              build/unit/BalancerUnit.o (nxt_motor_get_count)
../../../ecrobot/../ecrobot/libecrobot.a(data_abort.oram)
                              build/ecrobot_init.o (data_abort_C)
../../../ecrobot/../ecrobot/libecrobot.a(display.oram)
                              build/ecrobot_base.o (display_update)
../../../ecrobot/../ecrobot/libecrobot.a(i2c.oram)
                              build/config/at91sam7s-gnu/irq.oram (i2c_timer_isr_C)
../../../ecrobot/../ecrobot/libecrobot.a(sound.oram)
                              ../../../ecrobot/../ecrobot/libecrobot.a(ecrobot_interface.o) (sound_get_time)
../../../ecrobot/../ecrobot/libecrobot.a(bt.oram)
                              build/ecrobot_bluetooth.o (bt_send)
../../../ecrobot/../ecrobot/libecrobot.a(nxt_avr.oram)
                              build/ecrobot_base.o (nxt_avr_power_down)
../../../ecrobot/../ecrobot/libecrobot.a(sensors.oram)
                              ../../../ecrobot/../ecrobot/libecrobot.a(ecrobot_interface.o) (unset_digi0)
../../../ecrobot/../ecrobot/libecrobot.a(nxt_lcd.oram)
                              ../../../ecrobot/../ecrobot/libecrobot.a(display.oram) (nxt_lcd_force_update)
../../../ecrobot/../ecrobot/libecrobot.a(flash_loader.oram)
                              build/ecrobot.o (set_flash_request)
../../../ecrobot/../ecrobot/libecrobot.a(interrupts.oram)
                              ../../../ecrobot/../ecrobot/libecrobot.a(uart.oram) (interrupts_get_and_disable)
../../../ecrobot/../ecrobot/libecrobot.a(nxtosek_splash.obmp)
                              build/ecrobot_base.o (nxtosek_splash_bmp_start)
../../../ecrobot/../ecrobot/libecrobot.a(ecrobot_usb.o)
                              ../../../ecrobot/../ecrobot/libecrobot.a(flash_loader.oram) (ecrobot_init_usb)
../../../ecrobot/../ecrobot/libecrobot.a(flashprog.oram)
                              ../../../ecrobot/../ecrobot/libecrobot.a(flash_loader.oram) (flash_write_page)
../../../ecrobot/../ecrobot/libnxtway_gs_balancer.a(balancer.o)
                              build/unit/BalancerUnit.o (balance_control)
/cygdrive/C/cygwin/GNUARM/bin/../lib/gcc/arm-elf/4.0.2/thumb/interwork/libgcc.a(_udivsi3.o)
                              build/ecrobot_base.o (__udivsi3)
/cygdrive/C/cygwin/GNUARM/bin/../lib/gcc/arm-elf/4.0.2/thumb/interwork/libgcc.a(_divsi3.o)
                              build/unit/TimerUnit.o (__divsi3)
/cygdrive/C/cygwin/GNUARM/bin/../lib/gcc/arm-elf/4.0.2/thumb/interwork/libgcc.a(_umodsi3.o)
                              ../../../ecrobot/../ecrobot/libecrobot.a(display.oram) (__umodsi3)
/cygdrive/C/cygwin/GNUARM/bin/../lib/gcc/arm-elf/4.0.2/thumb/interwork/libgcc.a(_modsi3.o)
                              ../../../ecrobot/../ecrobot/libecrobot.a(sound.oram) (__modsi3)
/cygdrive/C/cygwin/GNUARM/bin/../lib/gcc/arm-elf/4.0.2/thumb/interwork/libgcc.a(_dvmd_tls.o)
                              /cygdrive/C/cygwin/GNUARM/bin/../lib/gcc/arm-elf/4.0.2/thumb/interwork/libgcc.a(_udivsi3.o) (__div0)
/cygdrive/C/cygwin/GNUARM/bin/../lib/gcc/arm-elf/4.0.2/thumb/interwork/libgcc.a(_addsubdf3.o)
                              build/controller/CalibrateActions.o (__adddf3)
/cygdrive/C/cygwin/GNUARM/bin/../lib/gcc/arm-elf/4.0.2/thumb/interwork/libgcc.a(_muldivdf3.o)
                              build/controller/CalibrateActions.o (__muldf3)
/cygdrive/C/cygwin/GNUARM/bin/../lib/gcc/arm-elf/4.0.2/thumb/interwork/libgcc.a(_fixdfsi.o)
                              build/controller/CalibrateActions.o (__fixdfsi)
/cygdrive/C/cygwin/GNUARM/bin/../lib/gcc/arm-elf/4.0.2/thumb/interwork/libgcc.a(_addsubsf3.o)
[...]
Memory Configuration

Name             Origin             Length             Attributes
rom              0x00108000         0x00038000
vector_ram       0x00200000         0x00000040
ram              0x00200040         0x0000ffc0
*default*        0x00000000         0xffffffff

Linker script and memory map

LOAD build/kernel/alarm.o
LOAD build/kernel/event.o
LOAD build/kernel/interrupt.o
LOAD build/kernel/osctl.o
LOAD build/kernel/resource.o
LOAD build/kernel/task.o
LOAD build/kernel/task_manage.o
LOAD build/config/at91sam7s-gnu/cpu_config.o
LOAD build/config/at91sam7s-gnu/lego_nxt/sys_config.o
LOAD build/./kernel_cfg.o
LOAD build/syscalls.o
LOAD build/ecrobot_bluetooth.o
LOAD build/ecrobot_base.o
LOAD build/ecrobot.o
LOAD build/com/balancer_param.o
LOAD build/controller/Runner.o
LOAD build/controller/Monitor.o
LOAD build/controller/RunActions.o
LOAD build/controller/CalibrateActions.o
LOAD build/unit/BumperUnit.o
LOAD build/unit/LineMonitorUnit.o
LOAD build/unit/DisplayUnit.o
LOAD build/unit/HornUnit.o
LOAD build/unit/TimerUnit.o
LOAD build/unit/CommunicationUnit.o
LOAD build/unit/BalancerUnit.o
LOAD build/unit/BlockMonitorUnit.o
LOAD build/controller/initDevice.o
LOAD build/syslib/at91sam7s-gnu/lego_nxt/hw_sys_timer.oram
LOAD build/nxtvm/platform/nxt/vectors.o
LOAD build/config/at91sam7s-gnu/debug.o
LOAD build/config/at91sam7s-gnu/lego_nxt/sys_support.o
LOAD build/nxt_binary_header.o
LOAD build/nxt_entry_point.o
LOAD build/ecrobot_init.o
LOAD build/config/at91sam7s-gnu/cpu_support.oram
LOAD build/config/at91sam7s-gnu/irq.oram
LOAD ../../../ecrobot/../c++/liblejososek.a
LOAD ../../../ecrobot/../ecrobot/libecrobot.a
LOAD ../../../ecrobot/../ecrobot/libnxtway_gs_balancer.a
LOAD /cygdrive/C/cygwin/GNUARM/bin/../lib/gcc/arm-elf/4.0.2/../../../../arm-elf/lib/thumb/interwork/libstdc++.a
LOAD /cygdrive/C/cygwin/GNUARM/bin/../lib/gcc/arm-elf/4.0.2/../../../../arm-elf/lib/thumb/interwork/libm.a
LOAD /cygdrive/C/cygwin/GNUARM/bin/../lib/gcc/arm-elf/4.0.2/thumb/interwork/libgcc.a
LOAD /cygdrive/C/cygwin/GNUARM/bin/../lib/gcc/arm-elf/4.0.2/../../../../arm-elf/lib/thumb/interwork/libc.a
LOAD /cygdrive/C/cygwin/GNUARM/bin/../lib/gcc/arm-elf/4.0.2/thumb/interwork/libgcc.a
                0x00108000                ROM_BASE = 0x108000
                0x00038000                ROM_SIZE = 0x38000
                0x00200000                RAM_BASE = 0x200000
                0x00010000                RAM_SIZE = 0x10000

.vectors        0x00200000       0x40 load address 0x00108000
 vectors.o(*.text *.text.*)
 .text          0x00200000       0x38 build/nxtvm/platform/nxt/vectors.o
                0x00200040                . = ALIGN (0x10)
 *fill*         0x00200038        0x8 00
                0x00200000                __vectors_ram_start__ = ADDR (.vectors)
                0x00200040                __vectors_ram_end__ = (ADDR (.vectors) + SIZEOF (.vectors))
                0x00108000                __vectors_load_start__ = LOADADDR (.vectors)
                0x00108040                __vectors_load_end__ = (LOADADDR (.vectors) + SIZEOF (.vectors))

.init           0x00108040      0x280
 *ecrobot_init.o(*.text *.text.*)
 .text          0x00108040      0x280 build/ecrobot_init.o
                0x001081ac                undef_handler
                0x001081b4                prefetch_abort_handler
                0x001081b8                data_abort_handler
                0x001081b0                swi_handler
                0x00108040                start
                0x001081d4                reserved_handler
                0x001082c0                . = ALIGN (0x10)

.ram_text       0x00200040     0x3590 load address 0x001082c0
                0x00200040                . = ALIGN (0x10)
 *.oram(*.text *.text.* *.glue*)
 .text.systick_isr_C1
                0x00200040       0x28 build/syslib/at91sam7s-gnu/lego_nxt/hw_sys_timer.oram
                0x00200040                systick_isr_C1
 *fill*         0x00200068        0x8 00
 .text          0x00200070      0x230 build/config/at91sam7s-gnu/cpu_support.oram
                0x00200250                enable_int
                0x002000f0                start_dispatch
                0x002000b0                activate_r
                0x00200248                disable_int
                0x00200070                dispatch
                0x0020021c                int_return
                0x002001ac                _interrupt
                0x002000e0                exit_and_dispatch
                0x00200258                nop
 .text          0x002002a0      0x2c0 build/config/at91sam7s-gnu/irq.oram
                0x002002a0                default_isr
                0x0020042c                uart_isr_entry_0
                0x002003ac                twi_isr_entry
                0x0020046c                uart_isr_entry_1
                0x0020036c                spi_isr_entry
                0x002002ec                systick_low_priority_entry
                0x002004ac                nxt_motor_isr_entry
                0x002004ec                i2c_timer_isr_entry
                0x002002a0                default_fiq
                0x002002a4                systick_isr_entry
                0x002002a0                spurious_isr
                0x002003ec                sound_isr_entry
                0x0020032c                udp_isr_entry
 .text.uart_process_isr
                0x00200560       0x88 ../../../ecrobot/../ecrobot/libecrobot.a(uart.oram)
 .text.uart_isr_C_0
                0x002005e8        0xc ../../../ecrobot/../ecrobot/libecrobot.a(uart.oram)
                0x002005e8                uart_isr_C_0
 .text.uart_isr_C_1
                0x002005f4        0xc ../../../ecrobot/../ecrobot/libecrobot.a(uart.oram)
                0x002005f4                uart_isr_C_1
 .text.systick_low_priority_C
                0x00200600       0x1c ../../../ecrobot/../ecrobot/libecrobot.a(systick.oram)
                0x00200600                systick_low_priority_C
 .text.systick_isr_C
                0x0020061c       0x24 ../../../ecrobot/../ecrobot/libecrobot.a(systick.oram)
                0x0020061c                systick_isr_C
 .text.systick_get_ms
                0x00200640        0xc ../../../ecrobot/../ecrobot/libecrobot.a(systick.oram)
                0x00200640                systick_get_ms
 .text.systick_wait_ms
                0x0020064c       0x1c ../../../ecrobot/../ecrobot/libecrobot.a(systick.oram)
                0x0020064c                systick_wait_ms
 .text.systick_wait_ns
                0x00200668       0x1c ../../../ecrobot/../ecrobot/libecrobot.a(systick.oram)
                0x00200668                systick_wait_ns
 .text.systick_init
                0x00200684       0x58 ../../../ecrobot/../ecrobot/libecrobot.a(systick.oram)
                0x00200684                systick_init
 .text.systick_suspend
                0x002006dc        0xc ../../../ecrobot/../ecrobot/libecrobot.a(systick.oram)
                0x002006dc                systick_suspend
 .text.systick_resume
                0x002006e8        0xc ../../../ecrobot/../ecrobot/libecrobot.a(systick.oram)
                0x002006e8                systick_resume
 .text.byte_fifo_put
                0x002006f4       0x58 ../../../ecrobot/../ecrobot/libecrobot.a(byte_fifo.oram)
                0x002006f4                byte_fifo_put
 .text.byte_fifo_get
                0x0020074c       0x2c ../../../ecrobot/../ecrobot/libecrobot.a(byte_fifo.oram)
                0x0020074c                byte_fifo_get
 .text.aic_initialise
                0x00200778       0x5c ../../../ecrobot/../ecrobot/libecrobot.a(aic.oram)
                0x00200778                aic_initialise
 .text.aic_set_vector
                0x002007d4       0x30 ../../../ecrobot/../ecrobot/libecrobot.a(aic.oram)
                0x002007d4                aic_set_vector
 .text.aic_mask_on
                0x00200804       0x24 ../../../ecrobot/../ecrobot/libecrobot.a(aic.oram)
                0x00200804                aic_mask_on
 .text.aic_mask_off
                0x00200828       0x24 ../../../ecrobot/../ecrobot/libecrobot.a(aic.oram)
                0x00200828                aic_mask_off
 .text.aic_clear
                0x0020084c       0x24 ../../../ecrobot/../ecrobot/libecrobot.a(aic.oram)
                0x0020084c                aic_clear
 .text.reset    0x00200870       0x4c ../../../ecrobot/../ecrobot/libecrobot.a(udp.oram)
 .text.udp_send_null
                0x002008bc       0x2c ../../../ecrobot/../ecrobot/libecrobot.a(udp.oram)
 .text.udp_send_stall
                0x002008e8       0x2c ../../../ecrobot/../ecrobot/libecrobot.a(udp.oram)
 .text.udp_send_control
                0x00200914       0x60 ../../../ecrobot/../ecrobot/libecrobot.a(udp.oram)
 .text.udp_isr_C
                0x00200974      0x7d0 ../../../ecrobot/../ecrobot/libecrobot.a(udp.oram)
                0x00200974                udp_isr_C
 .text.twi_status
                0x00201144       0x20 ../../../ecrobot/../ecrobot/libecrobot.a(twi.oram)
                0x00201144                twi_status
 .text.twi_isr_C
                0x00201164       0xc4 ../../../ecrobot/../ecrobot/libecrobot.a(twi.oram)
                0x00201164                twi_isr_C
 .text.twi_reset
                0x00201228       0xb4 ../../../ecrobot/../ecrobot/libecrobot.a(twi.oram)
                0x00201228                twi_reset
 .text.twi_init
                0x002012dc       0x4c ../../../ecrobot/../ecrobot/libecrobot.a(twi.oram)
                0x002012dc                twi_init
 .text.twi_start_read
                0x00201328       0x60 ../../../ecrobot/../ecrobot/libecrobot.a(twi.oram)
                0x00201328                twi_start_read
 .text.twi_start_write
                0x00201388       0x64 ../../../ecrobot/../ecrobot/libecrobot.a(twi.oram)
                0x00201388                twi_start_write
 .text.spi_set_mode
                0x002013ec       0x40 ../../../ecrobot/../ecrobot/libecrobot.a(nxt_spi.oram)
 .text.spi_isr_C
                0x0020142c       0x8c ../../../ecrobot/../ecrobot/libecrobot.a(nxt_spi.oram)
                0x0020142c                spi_isr_C
 .text.nxt_spi_init
                0x002014b8      0x12c ../../../ecrobot/../ecrobot/libecrobot.a(nxt_spi.oram)
                0x002014b8                nxt_spi_init
 .text.nxt_spi_write
                0x002015e4       0x44 ../../../ecrobot/../ecrobot/libecrobot.a(nxt_spi.oram)
                0x002015e4                nxt_spi_write
 .text.nxt_spi_set_display
                0x00201628       0x10 ../../../ecrobot/../ecrobot/libecrobot.a(nxt_spi.oram)
                0x00201628                nxt_spi_set_display
 .text.nxt_spi_refresh
                0x00201638       0x24 ../../../ecrobot/../ecrobot/libecrobot.a(nxt_spi.oram)
                0x00201638                nxt_spi_refresh
 .text.nxt_motor_get_count
                0x0020165c       0x14 ../../../ecrobot/../ecrobot/libecrobot.a(nxt_motors.oram)
                0x0020165c                nxt_motor_get_count
 .text.nxt_motor_set_count
                0x00201670       0x10 ../../../ecrobot/../ecrobot/libecrobot.a(nxt_motors.oram)
                0x00201670                nxt_motor_set_count
 .text.nxt_motor_set_speed
                0x00201680       0x34 ../../../ecrobot/../ecrobot/libecrobot.a(nxt_motors.oram)
                0x00201680                nxt_motor_set_speed
 .text.nxt_motor_1kHz_process
                0x002016b4       0x28 ../../../ecrobot/../ecrobot/libecrobot.a(nxt_motors.oram)
                0x002016b4                nxt_motor_1kHz_process
 .text.nxt_motor_quad_decode
                0x002016dc       0x30 ../../../ecrobot/../ecrobot/libecrobot.a(nxt_motors.oram)
                0x002016dc                nxt_motor_quad_decode
 .text.nxt_motor_isr_C
                0x0020170c       0x88 ../../../ecrobot/../ecrobot/libecrobot.a(nxt_motors.oram)
                0x0020170c                nxt_motor_isr_C
 .text.nxt_motor_init
                0x00201794       0x68 ../../../ecrobot/../ecrobot/libecrobot.a(nxt_motors.oram)
                0x00201794                nxt_motor_init
 .text.data_abort_C
                0x002017fc       0x7c ../../../ecrobot/../ecrobot/libecrobot.a(data_abort.oram)
                0x002017fc                data_abort_C
 .text.display_update
                0x00201878       0x14 ../../../ecrobot/../ecrobot/libecrobot.a(display.oram)
                0x00201878                display_update
 .text.display_force_update
                0x0020188c        0xc ../../../ecrobot/../ecrobot/libecrobot.a(display.oram)
                0x0020188c                display_force_update
 .text.display_clear
                0x00201898       0x24 ../../../ecrobot/../ecrobot/libecrobot.a(display.oram)
                0x00201898                display_clear
 .text.display_goto_xy
                0x002018bc       0x14 ../../../ecrobot/../ecrobot/libecrobot.a(display.oram)
                0x002018bc                display_goto_xy
 .text.display_char
                0x002018d0       0x60 ../../../ecrobot/../ecrobot/libecrobot.a(display.oram)
                0x002018d0                display_char
 .text.display_string
                0x00201930       0x3c ../../../ecrobot/../ecrobot/libecrobot.a(display.oram)
                0x00201930                display_string
 .text.display_hex
                0x0020196c       0x50 ../../../ecrobot/../ecrobot/libecrobot.a(display.oram)
                0x0020196c                display_hex
 .text.display_unsigned_worker
                0x002019bc       0x70 ../../../ecrobot/../ecrobot/libecrobot.a(display.oram)
 .text.display_unsigned
                0x00201a2c        0xc ../../../ecrobot/../ecrobot/libecrobot.a(display.oram)
                0x00201a2c                display_unsigned
 .text.display_bitmap_copy
                0x00201a38       0x5c ../../../ecrobot/../ecrobot/libecrobot.a(display.oram)
                0x00201a38                display_bitmap_copy
 .text.display_init
                0x00201a94       0x50 ../../../ecrobot/../ecrobot/libecrobot.a(display.oram)
                0x00201a94                display_init
 .text.i2c_timer_isr_C
                0x00201ae4      0x314 ../../../ecrobot/../ecrobot/libecrobot.a(i2c.oram)
                0x00201ae4                i2c_timer_isr_C
 .text.i2c_disable
                0x00201df8       0x20 ../../../ecrobot/../ecrobot/libecrobot.a(i2c.oram)
                0x00201df8                i2c_disable
 .text.i2c_init
                0x00201e18       0xa4 ../../../ecrobot/../ecrobot/libecrobot.a(i2c.oram)
                0x00201e18                i2c_init
 .text.set_vol  0x00201ebc       0xa4 ../../../ecrobot/../ecrobot/libecrobot.a(sound.oram)
 .text.sound_fill_sample_buffer
                0x00201f60       0xe4 ../../../ecrobot/../ecrobot/libecrobot.a(sound.oram)
                0x00201f60                sound_fill_sample_buffer
 .text.sound_freq_vol
                0x00202044      0x1e4 ../../../ecrobot/../ecrobot/libecrobot.a(sound.oram)
                0x00202044                sound_freq_vol
 .text.sound_init
                0x00202228       0xa0 ../../../ecrobot/../ecrobot/libecrobot.a(sound.oram)
                0x00202228                sound_init
 .text.sound_isr_C
                0x002022c8      0x144 ../../../ecrobot/../ecrobot/libecrobot.a(sound.oram)
                0x002022c8                sound_isr_C
 .text.bt_init  0x0020240c      0x1c0 ../../../ecrobot/../ecrobot/libecrobot.a(bt.oram)
                0x0020240c                bt_init
 .text.bt_send  0x002025cc       0x5c ../../../ecrobot/../ecrobot/libecrobot.a(bt.oram)
                0x002025cc                bt_send
 .text.bt_write
                0x00202628       0x70 ../../../ecrobot/../ecrobot/libecrobot.a(bt.oram)
                0x00202628                bt_write
 .text.bt_pending
                0x00202698       0x50 ../../../ecrobot/../ecrobot/libecrobot.a(bt.oram)
                0x00202698                bt_pending
 .text.bt_clear_arm7_cmd
                0x002026e8       0x10 ../../../ecrobot/../ecrobot/libecrobot.a(bt.oram)
                0x002026e8                bt_clear_arm7_cmd
 .text.bt_set_arm7_cmd
                0x002026f8       0x10 ../../../ecrobot/../ecrobot/libecrobot.a(bt.oram)
                0x002026f8                bt_set_arm7_cmd
 .text.bt_receive
                0x00202708      0x160 ../../../ecrobot/../ecrobot/libecrobot.a(bt.oram)
                0x00202708                bt_receive
 .text.bt_reset
                0x00202868       0x84 ../../../ecrobot/../ecrobot/libecrobot.a(bt.oram)
                0x00202868                bt_reset
 .text.nxt_avr_power_down
                0x002028ec       0x10 ../../../ecrobot/../ecrobot/libecrobot.a(nxt_avr.oram)
                0x002028ec                nxt_avr_power_down
 .text.nxt_avr_link_init
                0x002028fc       0x20 ../../../ecrobot/../ecrobot/libecrobot.a(nxt_avr.oram)
                0x002028fc                nxt_avr_link_init
 .text.nxt_avr_init
                0x0020291c       0x6c ../../../ecrobot/../ecrobot/libecrobot.a(nxt_avr.oram)
                0x0020291c                nxt_avr_init
 .text.nxt_avr_1kHz_update
                0x00202988      0x1cc ../../../ecrobot/../ecrobot/libecrobot.a(nxt_avr.oram)
                0x00202988                nxt_avr_1kHz_update
 .text.buttons_get
                0x00202b54        0xc ../../../ecrobot/../ecrobot/libecrobot.a(nxt_avr.oram)
                0x00202b54                buttons_get
 .text.battery_voltage
                0x00202b60       0x28 ../../../ecrobot/../ecrobot/libecrobot.a(nxt_avr.oram)
                0x00202b60                battery_voltage
 .text.sensor_adc
                0x00202b88       0x20 ../../../ecrobot/../ecrobot/libecrobot.a(nxt_avr.oram)
                0x00202b88                sensor_adc
 .text.nxt_avr_set_motor
                0x00202ba8       0x34 ../../../ecrobot/../ecrobot/libecrobot.a(nxt_avr.oram)
                0x00202ba8                nxt_avr_set_motor
 .text.nxt_avr_set_input_power
                0x00202bdc       0x3c ../../../ecrobot/../ecrobot/libecrobot.a(nxt_avr.oram)
                0x00202bdc                nxt_avr_set_input_power
 .text.unset_digi0
                0x00202c18       0x44 ../../../ecrobot/../ecrobot/libecrobot.a(sensors.oram)
                0x00202c18                unset_digi0
 .text.unset_digi1
                0x00202c5c       0x44 ../../../ecrobot/../ecrobot/libecrobot.a(sensors.oram)
                0x00202c5c                unset_digi1
 .text.init_sensors
                0x00202ca0       0x4c ../../../ecrobot/../ecrobot/libecrobot.a(sensors.oram)
                0x00202ca0                init_sensors
 .text.set_digi0
                0x00202cec       0x44 ../../../ecrobot/../ecrobot/libecrobot.a(sensors.oram)
                0x00202cec                set_digi0
 .text.nxt_lcd_command
                0x00202d30       0x18 ../../../ecrobot/../ecrobot/libecrobot.a(nxt_lcd.oram)
                0x00202d30                nxt_lcd_command
 .text.nxt_lcd_set_col
                0x00202d48       0x24 ../../../ecrobot/../ecrobot/libecrobot.a(nxt_lcd.oram)
                0x00202d48                nxt_lcd_set_col
 .text.nxt_lcd_set_multiplex_rate
                0x00202d6c       0x18 ../../../ecrobot/../ecrobot/libecrobot.a(nxt_lcd.oram)
                0x00202d6c                nxt_lcd_set_multiplex_rate
 .text.nxt_lcd_set_page_address
                0x00202d84       0x18 ../../../ecrobot/../ecrobot/libecrobot.a(nxt_lcd.oram)
                0x00202d84                nxt_lcd_set_page_address
 .text.nxt_lcd_set_pot
                0x00202d9c       0x1c ../../../ecrobot/../ecrobot/libecrobot.a(nxt_lcd.oram)
                0x00202d9c                nxt_lcd_set_pot
 .text.nxt_lcd_set_ram_address_control
                0x00202db8       0x18 ../../../ecrobot/../ecrobot/libecrobot.a(nxt_lcd.oram)
                0x00202db8                nxt_lcd_set_ram_address_control
 .text.nxt_lcd_enable
                0x00202dd0       0x14 ../../../ecrobot/../ecrobot/libecrobot.a(nxt_lcd.oram)
                0x00202dd0                nxt_lcd_enable
 .text.nxt_lcd_set_map_control
                0x00202de4       0x18 ../../../ecrobot/../ecrobot/libecrobot.a(nxt_lcd.oram)
                0x00202de4                nxt_lcd_set_map_control
 .text.nxt_lcd_reset
                0x00202dfc        0xc ../../../ecrobot/../ecrobot/libecrobot.a(nxt_lcd.oram)
                0x00202dfc                nxt_lcd_reset
 .text.nxt_lcd_set_bias_ratio
                0x00202e08       0x18 ../../../ecrobot/../ecrobot/libecrobot.a(nxt_lcd.oram)
                0x00202e08                nxt_lcd_set_bias_ratio
 .text.nxt_lcd_force_update
                0x00202e20       0x30 ../../../ecrobot/../ecrobot/libecrobot.a(nxt_lcd.oram)
                0x00202e20                nxt_lcd_force_update
 .text.nxt_lcd_update
                0x00202e50        0xc ../../../ecrobot/../ecrobot/libecrobot.a(nxt_lcd.oram)
                0x00202e50                nxt_lcd_update
 .text.nxt_lcd_power_up
                0x00202e5c       0x48 ../../../ecrobot/../ecrobot/libecrobot.a(nxt_lcd.oram)
                0x00202e5c                nxt_lcd_power_up
 .text.nxt_lcd_power_down
                0x00202ea4        0xc ../../../ecrobot/../ecrobot/libecrobot.a(nxt_lcd.oram)
                0x00202ea4                nxt_lcd_power_down
 .text.nxt_lcd_init
                0x00202eb0       0x18 ../../../ecrobot/../ecrobot/libecrobot.a(nxt_lcd.oram)
                0x00202eb0                nxt_lcd_init
 .text.verify_flash_page
                0x00202ec8       0x34 ../../../ecrobot/../ecrobot/libecrobot.a(flash_loader.oram)
 .text.set_flash_request
                0x00202efc       0x38 ../../../ecrobot/../ecrobot/libecrobot.a(flash_loader.oram)
                0x00202efc                set_flash_request
 .text.nxt_device_init
                0x00202f34       0x38 ../../../ecrobot/../ecrobot/libecrobot.a(flash_loader.oram)
                0x00202f34                nxt_device_init
 .text          0x00202f6c       0x68 ../../../ecrobot/../ecrobot/libecrobot.a(interrupts.oram)
                0x00202fc4                fiq_enable
                0x00202f6c                interrupts_get_and_disable
                0x00202fa0                fiq_get_and_disable
                0x00202f90                interrupts_enable
 .text.flash_write_page
                0x00202fd4       0xc0 ../../../ecrobot/../ecrobot/libecrobot.a(flashprog.oram)
                0x00202fd4                flash_write_page
                0x002030a0                . = ALIGN (0x10)
 *fill*         0x00203094        0xc 00
 *.oram(*.rodata *.rodata.*)
 .rodata.ld     0x002030a0        0x4 ../../../ecrobot/../ecrobot/libecrobot.a(udp.oram)
 .rodata.cfd    0x002030a4       0x20 ../../../ecrobot/../ecrobot/libecrobot.a(udp.oram)
 .rodata.dd     0x002030c4       0x12 ../../../ecrobot/../ecrobot/libecrobot.a(udp.oram)
 *fill*         0x002030d6        0x2 00
 .rodata.str1.4
                0x002030d8       0x22 ../../../ecrobot/../ecrobot/libecrobot.a(data_abort.oram)
                                 0x24 (size before relaxing)
 .rodata.font   0x002030fa      0x280 ../../../ecrobot/../ecrobot/libecrobot.a(display.oram)
 *fill*         0x0020337a        0x2 00
 .rodata.str1.4
                0x0020337c       0x76 ../../../ecrobot/../ecrobot/libecrobot.a(display.oram)
                                 0x78 (size before relaxing)
 *fill*         0x002033f2        0x2 00
 .rodata.i2c_pin
                0x002033f4       0x20 ../../../ecrobot/../ecrobot/libecrobot.a(i2c.oram)
 .rodata.i2c_timer_isr_C
                0x00203414       0x38 ../../../ecrobot/../ecrobot/libecrobot.a(i2c.oram)
 .rodata.logvol
                0x0020344c        0xc ../../../ecrobot/../ecrobot/libecrobot.a(sound.oram)
                0x0020344c                logvol
 .rodata.silence
                0x00203458       0x40 ../../../ecrobot/../ecrobot/libecrobot.a(sound.oram)
                0x00203458                silence
 .rodata.sine   0x00203498       0x10 ../../../ecrobot/../ecrobot/libecrobot.a(sound.oram)
                0x00203498                sine
 .rodata.sample_pattern
                0x002034a8       0x84 ../../../ecrobot/../ecrobot/libecrobot.a(sound.oram)
                0x002034a8                sample_pattern
 .rodata        0x0020352c        0xc ../../../ecrobot/../ecrobot/libecrobot.a(sound.oram)
 .rodata.avr_brainwash_string
                0x00203538       0x30 ../../../ecrobot/../ecrobot/libecrobot.a(nxt_avr.oram)
                0x00203538                avr_brainwash_string
 .rodata.nxt_avr_1kHz_update
                0x00203568       0x14 ../../../ecrobot/../ecrobot/libecrobot.a(nxt_avr.oram)
 .rodata.C.33.1823
                0x0020357c       0x10 ../../../ecrobot/../ecrobot/libecrobot.a(sensors.oram)
 .rodata.C.37.1857
                0x0020358c       0x10 ../../../ecrobot/../ecrobot/libecrobot.a(sensors.oram)
 .rodata.C.31.1806
                0x0020359c       0x10 ../../../ecrobot/../ecrobot/libecrobot.a(sensors.oram)
 .rodata.str1.4
                0x002035ac       0x23 ../../../ecrobot/../ecrobot/libecrobot.a(flash_loader.oram)
                                 0x24 (size before relaxing)
                0x002035d0                . = ALIGN (0x10)
 *fill*         0x002035cf        0x1 00
                0x00200040                __ramtext_ram_start__ = ADDR (.ram_text)
                0x002035d0                __ramtext_ram_end__ = (ADDR (.ram_text) + SIZEOF (.ram_text))
                0x001082c0                __ramtext_load_start__ = LOADADDR (.ram_text)
                0x0010b850                __ramtext_load_end__ = (__ramtext_load_start__ + SIZEOF (.ram_text))

.wav_data       0x0010b850        0x0
 *.owav(*.data *.data.*)
                0x0010b850                . = ALIGN (0x10)

.bmp_data       0x0010b850      0x440
 *.obmp(*.data *.data.*)
 .data          0x0010b850      0x43e ../../../ecrobot/../ecrobot/libecrobot.a(nxtosek_splash.obmp)
                0x0010b850                nxtosek_splash_bmp_start
                0x0010bc8e                nxtosek_splash_bmp_end
                0x0010bc90                . = ALIGN (0x10)
 *fill*         0x0010bc8e        0x2 00

.spr_data       0x0010bc90        0x0
 *.ospr(*.data *.data.*)
                0x0010bc90                . = ALIGN (0x10)

.data           0x002035d0       0x80 load address 0x0010bc90
 *(*.data *.data.*)
 .data.bt_status
                0x002035d0        0x1 build/ecrobot_bluetooth.o
 *fill*         0x002035d1        0x3 00
 .data.K_THETADOT
                0x002035d4        0x4 build/com/balancer_param.o
                0x002035d4                K_THETADOT
 .data.K_PHIDOT
                0x002035d8        0x4 build/com/balancer_param.o
                0x002035d8                K_PHIDOT
 .data.K_I      0x002035dc        0x4 build/com/balancer_param.o
                0x002035dc                K_I
 .data.K_F      0x002035e0       0x10 build/com/balancer_param.o
                0x002035e0                K_F
 .data.A_R      0x002035f0        0x4 build/com/balancer_param.o
                0x002035f0                A_R
 .data.A_D      0x002035f4        0x4 build/com/balancer_param.o
                0x002035f4                A_D
 .data.TU_interval
                0x002035f8        0x4 build/unit/TimerUnit.o
 .data.deviceStatus
                0x002035fc        0x1 ../../../ecrobot/../ecrobot/libecrobot.a(ecrobot_interface.o)
 .data.named    0x002035fd       0x22 ../../../ecrobot/../ecrobot/libecrobot.a(udp.oram)
 .data.snd      0x0020361f       0x1a ../../../ecrobot/../ecrobot/libecrobot.a(udp.oram)
 *fill*         0x00203639        0x3 00
 .data.configured
                0x0020363c        0x4 ../../../ecrobot/../ecrobot/libecrobot.a(udp.oram)
 .data.mode     0x00203640        0x1 ../../../ecrobot/../ecrobot/libecrobot.a(nxt_spi.oram)
                0x00203640                mode
 *fill*         0x00203641        0x3 00
 .bss.data      0x00203644        0x4 ../../../ecrobot/../ecrobot/libecrobot.a(nxt_spi.oram)
                0x00203644                data
 .data.display_auto_update
                0x00203648        0x4 ../../../ecrobot/../ecrobot/libecrobot.a(display.oram)
                0x00203648                display_auto_update
 .data.display_buffer
                0x0020364c        0x4 ../../../ecrobot/../ecrobot/libecrobot.a(display.oram)
                0x00203650                . = ALIGN (0x10)
                0x002035d0                __data_ram_start__ = ADDR (.data)
                0x00203650                __data_ram_end__ = (ADDR (.data) + SIZEOF (.data))
                0x0010bc90                __data_load_start__ = LOADADDR (.data)
                0x0010bd10                __data_load_end__ = (__data_load_start__ + SIZEOF (.data))

.text           0x0010bd10     0x34d0
                0x0010bd10                . = ALIGN (0x10)
 *(*.text *.text.* *.glue*)
 .text.enqueue_alarm
                0x0010bd10       0x90 build/kernel/alarm.o
 .text.alarm_initialize
                0x0010bda0       0x98 build/kernel/alarm.o
                0x0010bda0                alarm_initialize
 .text.SignalCounter
                0x0010be38      0x134 build/kernel/alarm.o
                0x0010be38                SignalCounter
 .text.StartOS  0x0010bf6c       0x58 build/kernel/osctl.o
                0x0010bf6c                StartOS
 .text.ShutdownOS
                0x0010bfc4       0x4c build/kernel/osctl.o
                0x0010bfc4                ShutdownOS
 .text.call_pretaskhook
                0x0010c010       0x24 build/kernel/osctl.o
                0x0010c010                call_pretaskhook
 .text.call_errorhook
                0x0010c034       0x78 build/kernel/osctl.o
                0x0010c034                call_errorhook
 .text.call_posttaskhook
                0x0010c0ac       0x24 build/kernel/osctl.o
                0x0010c0ac                call_posttaskhook
 .text.search_schedtsk
                0x0010c0d0       0x94 build/kernel/task.o
                0x0010c0d0                search_schedtsk
 .text.make_runnable
                0x0010c164       0xac build/kernel/task.o
                0x0010c164                make_runnable
 .text.make_active
                0x0010c210       0x78 build/kernel/task.o
                0x0010c210                make_active
 .text.task_initialize
                0x0010c288       0x90 build/kernel/task.o
                0x0010c288                task_initialize
 .text.ActivateTask
                0x0010c318       0x8c build/kernel/task_manage.o
                0x0010c318                ActivateTask
 .text.TerminateTask
                0x0010c3a4       0x74 build/kernel/task_manage.o
                0x0010c3a4                TerminateTask
 .text.cpu_initialize
                0x0010c418        0x4 build/config/at91sam7s-gnu/cpu_config.o
                0x0010c418                cpu_initialize
 .text.cpu_terminate
                0x0010c41c        0x4 build/config/at91sam7s-gnu/cpu_config.o
                0x0010c41c                cpu_terminate
 .text.sys_initialize
                0x0010c420        0x4 build/config/at91sam7s-gnu/lego_nxt/sys_config.o
                0x0010c420                sys_initialize
 .text.sys_exit
                0x0010c424        0x4 build/config/at91sam7s-gnu/lego_nxt/sys_config.o
                0x0010c424                sys_exit
 .text._activate_alarm_task_balance
                0x0010c428        0xc build/./kernel_cfg.o
 .text._activate_alarm_task_action
                0x0010c434        0xc build/./kernel_cfg.o
 .text._activate_alarm_task_display
                0x0010c440        0xc build/./kernel_cfg.o
 .text.object_initialize
                0x0010c44c       0x10 build/./kernel_cfg.o
                0x0010c44c                object_initialize
 .text.send_bt_command
                0x0010c45c       0x40 build/ecrobot_bluetooth.o
 .text.read_bt_command
                0x0010c49c       0x5c build/ecrobot_bluetooth.o
 .text.getLocalAddress
                0x0010c4f8       0x64 build/ecrobot_bluetooth.o
 .text.ecrobot_open_bt_stream
                0x0010c55c       0x44 build/ecrobot_bluetooth.o
 .text.ecrobot_init_bt_master
                0x0010c5a0      0x118 build/ecrobot_bluetooth.o
                0x0010c5a0                ecrobot_init_bt_master
 .text.ecrobot_init_bt_slave
                0x0010c6b8      0x12c build/ecrobot_bluetooth.o
                0x0010c6b8                ecrobot_init_bt_slave
 .text.ecrobot_term_bt_connection
                0x0010c7e4       0x48 build/ecrobot_bluetooth.o
                0x0010c7e4                ecrobot_term_bt_connection
 .text.ecrobot_send_bt_packet
                0x0010c82c       0x54 build/ecrobot_bluetooth.o
                0x0010c82c                ecrobot_send_bt_packet
 .text.ecrobot_read_bt_packet
                0x0010c880       0x4c build/ecrobot_bluetooth.o
                0x0010c880                ecrobot_read_bt_packet
 .text.init_OS_flag
                0x0010c8cc        0xc build/ecrobot_base.o
                0x0010c8cc                init_OS_flag
 .text.set_OS_flag
                0x0010c8d8        0xc build/ecrobot_base.o
                0x0010c8d8                set_OS_flag
 .text.get_OS_flag
                0x0010c8e4        0xc build/ecrobot_base.o
                0x0010c8e4                get_OS_flag
 .text.cpp_constructor
                0x0010c8f0       0x28 build/ecrobot_base.o
                0x0010c8f0                cpp_constructor
 .text.cpp_destructor
                0x0010c918       0x28 build/ecrobot_base.o
                0x0010c918                cpp_destructor
 .text.execution_mode
                0x0010c940       0x24 build/ecrobot_base.o
                0x0010c940                execution_mode
 .text.show_main_screen
                0x0010c964       0x48 build/ecrobot_base.o
                0x0010c964                show_main_screen
 .text.display_status_bar
                0x0010c9ac       0x5c build/ecrobot_base.o
                0x0010c9ac                display_status_bar
 .text.check_NXT_buttons
                0x0010ca08       0x7c build/ecrobot_base.o
                0x0010ca08                check_NXT_buttons
 .text.show_bd_addr
                0x0010ca84       0x44 build/ecrobot_base.o
                0x0010ca84                show_bd_addr
 .text.show_bd_addr_err
                0x0010cac8       0x3c build/ecrobot_base.o
                0x0010cac8                show_bd_addr_err
 .text.add_status_info
                0x0010cb04       0x68 build/ecrobot_base.o
                0x0010cb04                add_status_info
 .text.show_splash_screen
                0x0010cb6c       0x90 build/ecrobot_base.o
                0x0010cb6c                show_splash_screen
 .text.main     0x0010cbfc      0x108 build/ecrobot.o
                0x0010cbfc                main
 .text.RN_post  0x0010cd04       0x14 build/controller/Runner.o
                0x0010cd04                RN_post
 .text.RN_get_state
                0x0010cd18        0xc build/controller/Runner.o
                0x0010cd18                RN_get_state
 .text.RN_pre   0x0010cd24       0x28 build/controller/Runner.o
                0x0010cd24                RN_pre
 .text.RN_calibrate
                0x0010cd4c       0x18 build/controller/Runner.o
                0x0010cd4c                RN_calibrate
 .text.RN_ready
                0x0010cd64       0x50 build/controller/Runner.o
                0x0010cd64                RN_ready
 .text.RN_bump_ready
                0x0010cdb4       0x1c build/controller/Runner.o
                0x0010cdb4                RN_bump_ready
 .text.RN_takeover
                0x0010cdd0       0x30 build/controller/Runner.o
                0x0010cdd0                RN_takeover
 .text.RN_run   0x0010ce00       0x20 build/controller/Runner.o
                0x0010ce00                RN_run
 .text.RN_do_run
                0x0010ce20       0x3c build/controller/Runner.o
                0x0010ce20                RN_do_run
 .text.TaskMainActionTask
                0x0010ce5c       0x10 build/controller/Runner.o
                0x0010ce5c                TaskMainActionTask
 .text.M_inform
                0x0010ce6c       0x90 build/controller/Monitor.o
                0x0010ce6c                M_inform
 .text.TaskMainDisplayTask
                0x0010cefc       0x10 build/controller/Monitor.o
                0x0010cefc                TaskMainDisplayTask
 .text.RA_pre   0x0010cf0c        0x4 build/controller/RunActions.o
                0x0010cf0c                RA_pre
 .text.RA_post  0x0010cf10        0x4 build/controller/RunActions.o
                0x0010cf10                RA_post
 .text.RA_linetrace_P
                0x0010cf14       0x68 build/controller/RunActions.o
                0x0010cf14                RA_linetrace_P
 .text.RA_watch_goal_tracing
                0x0010cf7c        0xc build/controller/RunActions.o
                0x0010cf7c                RA_watch_goal_tracing
 .text.RA_stoppinglinetrace
                0x0010cf88        0xc build/controller/RunActions.o
                0x0010cf88                RA_stoppinglinetrace
 .text.RA_takeover
                0x0010cf94       0x50 build/controller/RunActions.o
                0x0010cf94                RA_takeover
 .text.RA_stop  0x0010cfe4        0xc build/controller/RunActions.o
                0x0010cfe4                RA_stop
 .text.CA_pre   0x0010cff0       0x10 build/controller/CalibrateActions.o
                0x0010cff0                CA_pre
 .text.CA_post  0x0010d000       0x10 build/controller/CalibrateActions.o
                0x0010d000                CA_post
 .text.CA_set_threshold
                0x0010d010       0xac build/controller/CalibrateActions.o
                0x0010d010                CA_set_threshold
 .text.BU_is_touched
                0x0010d0bc        0xc build/unit/BumperUnit.o
                0x0010d0bc                BU_is_touched
 .text.BU_is_clicked
                0x0010d0c8       0x38 build/unit/BumperUnit.o
                0x0010d0c8                BU_is_clicked
 .text.LMU_set_threshold
                0x0010d100        0xc build/unit/LineMonitorUnit.o
                0x0010d100                LMU_set_threshold
 .text.LMU_get_threshold
                0x0010d10c        0xc build/unit/LineMonitorUnit.o
                0x0010d10c                LMU_get_threshold
 .text.LMU_set_white_value
                0x0010d118        0xc build/unit/LineMonitorUnit.o
                0x0010d118                LMU_set_white_value
 .text.LMU_get_white_value
                0x0010d124        0xc build/unit/LineMonitorUnit.o
                0x0010d124                LMU_get_white_value
 .text.LMU_set_gray_value
                0x0010d130        0xc build/unit/LineMonitorUnit.o
                0x0010d130                LMU_set_gray_value
 .text.LMU_get_gray_value
                0x0010d13c        0xc build/unit/LineMonitorUnit.o
                0x0010d13c                LMU_get_gray_value
 .text.LMU_set_black_value
                0x0010d148        0xc build/unit/LineMonitorUnit.o
                0x0010d148                LMU_set_black_value
 .text.LMU_get_black_value
                0x0010d154        0xc build/unit/LineMonitorUnit.o
                0x0010d154                LMU_get_black_value
 .text.LMU_is_line_value
                0x0010d160        0xc build/unit/LineMonitorUnit.o
                0x0010d160                LMU_is_line_value
 .text.LMU_pre  0x0010d16c        0xc build/unit/LineMonitorUnit.o
                0x0010d16c                LMU_pre
 .text.LMU_post
                0x0010d178        0xc build/unit/LineMonitorUnit.o
                0x0010d178                LMU_post
 .text.DU_show_string
                0x0010d184       0x18 build/unit/DisplayUnit.o
                0x0010d184                DU_show_string
 .text.DU_show_number
                0x0010d19c       0x1c build/unit/DisplayUnit.o
                0x0010d19c                DU_show_number
 .text.HU_ok_sound
                0x0010d1b8       0x48 build/unit/HornUnit.o
                0x0010d1b8                HU_ok_sound
 .text.HU_warn_sound
                0x0010d200       0x30 build/unit/HornUnit.o
                0x0010d200                HU_warn_sound
 .text.TU_start
                0x0010d230       0x28 build/unit/TimerUnit.o
                0x0010d230                TU_start
 .text.TU_finish
                0x0010d258       0x24 build/unit/TimerUnit.o
                0x0010d258                TU_finish
 .text.TU_is_start
                0x0010d27c        0xc build/unit/TimerUnit.o
                0x0010d27c                TU_is_start
 .text.TU_is_timeout
                0x0010d288        0xc build/unit/TimerUnit.o
                0x0010d288                TU_is_timeout
 .text.AlarmMainCountTimer
                0x0010d294       0x4c build/unit/TimerUnit.o
                0x0010d294                AlarmMainCountTimer
 .text.CU_set_sendMSG
                0x0010d2e0        0xc build/unit/CommunicationUnit.o
                0x0010d2e0                CU_set_sendMSG
 .text.CU_set_recvMSG
                0x0010d2ec        0xc build/unit/CommunicationUnit.o
                0x0010d2ec                CU_set_recvMSG
 .text.CU_set_mode
                0x0010d2f8       0x28 build/unit/CommunicationUnit.o
                0x0010d2f8                CU_set_mode
 .text.CU_send_mail
                0x0010d320       0x28 build/unit/CommunicationUnit.o
                0x0010d320                CU_send_mail
 .text.CU_is_received
                0x0010d348       0x34 build/unit/CommunicationUnit.o
                0x0010d348                CU_is_received
 .text.CU_pre   0x0010d37c       0x2c build/unit/CommunicationUnit.o
                0x0010d37c                CU_pre
 .text.CU_post  0x0010d3a8        0xc build/unit/CommunicationUnit.o
                0x0010d3a8                CU_post
 .text.BLNU_pre
                0x0010d3b4       0x24 build/unit/BalancerUnit.o
                0x0010d3b4                BLNU_pre
 .text.BLNU_post
                0x0010d3d8        0x4 build/unit/BalancerUnit.o
                0x0010d3d8                BLNU_post
 .text.BLNU_forward
                0x0010d3dc       0x24 build/unit/BalancerUnit.o
                0x0010d3dc                BLNU_forward
 .text.BLNU_turn
                0x0010d400        0xc build/unit/BalancerUnit.o
                0x0010d400                BLNU_turn
 .text.BLNU_set_gyro_offset
                0x0010d40c       0x14 build/unit/BalancerUnit.o
                0x0010d40c                BLNU_set_gyro_offset
 .text.BLNU_balance_control
                0x0010d420       0xf4 build/unit/BalancerUnit.o
                0x0010d420                BLNU_balance_control
 .text.BLNU_balance_start
                0x0010d514        0xc build/unit/BalancerUnit.o
                0x0010d514                BLNU_balance_start
 .text.TaskMainBalanceTask
                0x0010d520       0x1c build/unit/BalancerUnit.o
                0x0010d520                TaskMainBalanceTask
 .text.ecrobot_device_initialize
                0x0010d53c        0xc build/controller/initDevice.o
                0x0010d53c                ecrobot_device_initialize
 .text.ecrobot_device_terminate
                0x0010d548        0xc build/controller/initDevice.o
                0x0010d548                ecrobot_device_terminate
 .text.StartupHook
                0x0010d554        0x4 build/controller/initDevice.o
                0x0010d554                StartupHook
 .text.ShutdownHook
                0x0010d558        0x4 build/controller/initDevice.o
                0x0010d558                ShutdownHook
 .text.PreTaskHook
                0x0010d55c        0x4 build/controller/initDevice.o
                0x0010d55c                PreTaskHook
 .text.PostTaskHook
                0x0010d560        0x4 build/controller/initDevice.o
                0x0010d560                PostTaskHook
 .text.ErrorHook
                0x0010d564        0x4 build/controller/initDevice.o
                0x0010d564                ErrorHook
 .text.user_1ms_isr_type2
                0x0010d568       0x1c build/controller/initDevice.o
                0x0010d568                user_1ms_isr_type2
 .text.ecrobot_get_gyro_sensor
                0x0010d584       0x14 ../../../ecrobot/../ecrobot/libecrobot.a(ecrobot_HiTechnic.o)
                0x0010d584                ecrobot_get_gyro_sensor
 .text.ecrobot_set_motor_rev
                0x0010d598       0x10 ../../../ecrobot/../ecrobot/libecrobot.a(ecrobot_interface.o)
                0x0010d598                ecrobot_set_motor_rev
 .text.ecrobot_set_light_sensor_active
                0x0010d5a8       0x10 ../../../ecrobot/../ecrobot/libecrobot.a(ecrobot_interface.o)
                0x0010d5a8                ecrobot_set_light_sensor_active
 .text.ecrobot_set_light_sensor_inactive
                0x0010d5b8       0x10 ../../../ecrobot/../ecrobot/libecrobot.a(ecrobot_interface.o)
                0x0010d5b8                ecrobot_set_light_sensor_inactive
 .text.ecrobot_get_light_sensor
                0x0010d5c8       0x14 ../../../ecrobot/../ecrobot/libecrobot.a(ecrobot_interface.o)
                0x0010d5c8                ecrobot_get_light_sensor
 .text.ecrobot_get_touch_sensor
                0x0010d5dc       0x20 ../../../ecrobot/../ecrobot/libecrobot.a(ecrobot_interface.o)
                0x0010d5dc                ecrobot_get_touch_sensor
 .text.ecrobot_get_battery_voltage
                0x0010d5fc        0xc ../../../ecrobot/../ecrobot/libecrobot.a(ecrobot_interface.o)
                0x0010d5fc                ecrobot_get_battery_voltage
 .text.ecrobot_get_button_state
                0x0010d608        0xc ../../../ecrobot/../ecrobot/libecrobot.a(ecrobot_interface.o)
                0x0010d608                ecrobot_get_button_state
 .text.ecrobot_init_nxtstate
                0x0010d614       0x28 ../../../ecrobot/../ecrobot/libecrobot.a(ecrobot_interface.o)
                0x0010d614                ecrobot_init_nxtstate
 .text.ecrobot_poll_nxtstate
                0x0010d63c       0x64 ../../../ecrobot/../ecrobot/libecrobot.a(ecrobot_interface.o)
                0x0010d63c                ecrobot_poll_nxtstate
 .text.ecrobot_setDeviceInitialized
                0x0010d6a0       0x14 ../../../ecrobot/../ecrobot/libecrobot.a(ecrobot_interface.o)
                0x0010d6a0                ecrobot_setDeviceInitialized
 .text.ecrobot_bmp2lcd
                0x0010d6b4      0x1c8 ../../../ecrobot/../ecrobot/libecrobot.a(ecrobot_interface.o)
                0x0010d6b4                ecrobot_bmp2lcd
 .text.ecrobot_sound_tone
                0x0010d87c        0xc ../../../ecrobot/../ecrobot/libecrobot.a(ecrobot_interface.o)
                0x0010d87c                ecrobot_sound_tone
 .text.balance_control
                0x0010d888      0x254 ../../../ecrobot/../ecrobot/libnxtway_gs_balancer.a(balancer.o)
                0x0010d888                balance_control
 .text.balance_init
                0x0010dadc       0x30 ../../../ecrobot/../ecrobot/libnxtway_gs_balancer.a(balancer.o)
                0x0010dadc                balance_init
 .text          0x0010db0c       0x8c /cygdrive/C/cygwin/GNUARM/bin/../lib/gcc/arm-elf/4.0.2/thumb/interwork/libgcc.a(_udivsi3.o)
                0x0010db0c                __udivsi3
                0x0010db88                __aeabi_uidivmod
 .text          0x0010db98       0xa4 /cygdrive/C/cygwin/GNUARM/bin/../lib/gcc/arm-elf/4.0.2/thumb/interwork/libgcc.a(_divsi3.o)
                0x0010db98                __divsi3
                0x0010dc2c                __aeabi_idivmod
 .text          0x0010dc3c       0xc8 /cygdrive/C/cygwin/GNUARM/bin/../lib/gcc/arm-elf/4.0.2/thumb/interwork/libgcc.a(_umodsi3.o)
                0x0010dc3c                __umodsi3
 .text          0x0010dd04       0xd8 /cygdrive/C/cygwin/GNUARM/bin/../lib/gcc/arm-elf/4.0.2/thumb/interwork/libgcc.a(_modsi3.o)
                0x0010dd04                __modsi3
 .text          0x0010dddc        0x4 /cygdrive/C/cygwin/GNUARM/bin/../lib/gcc/arm-elf/4.0.2/thumb/interwork/libgcc.a(_dvmd_tls.o)
                0x0010dddc                __aeabi_ldiv0
                0x0010dddc                __div0
                0x0010dddc                __aeabi_idiv0
 .text          0x0010dde0      0x430 /cygdrive/C/cygwin/GNUARM/bin/../lib/gcc/arm-elf/4.0.2/thumb/interwork/libgcc.a(_addsubdf3.o)
                0x0010e1a4                __floatdidf
                0x0010e124                __floatsidf
                0x0010e0fc                __aeabi_ui2d
                0x0010dde0                __aeabi_drsub
                0x0010e150                __extendsfdf2
                0x0010ddec                __adddf3
                0x0010e0fc                __floatunsidf
                0x0010ddec                __aeabi_dadd
                0x0010e190                __aeabi_ul2d
                0x0010dde8                __aeabi_dsub
                0x0010e190                __floatundidf
                0x0010e124                __aeabi_i2d
                0x0010e1a4                __aeabi_l2d
                0x0010e150                __aeabi_f2d
                0x0010dde8                __subdf3
 .text          0x0010e210      0x49c /cygdrive/C/cygwin/GNUARM/bin/../lib/gcc/arm-elf/4.0.2/thumb/interwork/libgcc.a(_muldivdf3.o)
                0x0010e4a0                __aeabi_ddiv
                0x0010e210                __aeabi_dmul
                0x0010e4a0                __divdf3
                0x0010e210                __muldf3
 .text          0x0010e6ac       0x5c /cygdrive/C/cygwin/GNUARM/bin/../lib/gcc/arm-elf/4.0.2/thumb/interwork/libgcc.a(_fixdfsi.o)
                0x0010e6ac                __fixdfsi
                0x0010e6ac                __aeabi_d2iz
 .text          0x0010e708      0x2ac /cygdrive/C/cygwin/GNUARM/bin/../lib/gcc/arm-elf/4.0.2/thumb/interwork/libgcc.a(_addsubsf3.o)
                0x0010e714                __aeabi_fadd
                0x0010e710                __subsf3
                0x0010e8d8                __aeabi_i2f
                0x0010e710                __aeabi_fsub
                0x0010e908                __floatdisf
                0x0010e8d8                __floatsisf
                0x0010e8f8                __floatundisf
                0x0010e8d0                __aeabi_ui2f
                0x0010e908                __aeabi_l2f
                0x0010e8f8                __aeabi_ul2f
                0x0010e708                __aeabi_frsub
                0x0010e8d0                __floatunsisf
                0x0010e714                __addsf3
 .text          0x0010e9b4      0x2f8 /cygdrive/C/cygwin/GNUARM/bin/../lib/gcc/arm-elf/4.0.2/thumb/interwork/libgcc.a(_muldivsf3.o)
                0x0010eb4c                __divsf3
                0x0010eb4c                __aeabi_fdiv
                0x0010e9b4                __mulsf3
                0x0010e9b4                __aeabi_fmul
 .text          0x0010ecac      0x110 /cygdrive/C/cygwin/GNUARM/bin/../lib/gcc/arm-elf/4.0.2/thumb/interwork/libgcc.a(_cmpsf2.o)
                0x0010eda4                __aeabi_fcmpgt
                0x0010ecb4                __lesf2
                0x0010ecbc                __nesf2
                0x0010ed8c                __aeabi_fcmpge
                0x0010ecac                __gtsf2
                0x0010ed74                __aeabi_fcmple
                0x0010ecbc                __eqsf2
                0x0010ecbc                __cmpsf2
                0x0010ecb4                __ltsf2
                0x0010ed2c                __aeabi_cfcmple
                0x0010ecac                __gesf2
                0x0010ed44                __aeabi_fcmpeq
                0x0010ed1c                __aeabi_cfrcmple
                0x0010ed5c                __aeabi_fcmplt
                0x0010ed2c                __aeabi_cfcmpeq
 .text          0x0010edbc       0x5c /cygdrive/C/cygwin/GNUARM/bin/../lib/gcc/arm-elf/4.0.2/thumb/interwork/libgcc.a(_fixsfsi.o)
                0x0010edbc                __fixsfsi
                0x0010edbc                __aeabi_f2iz
 .text          0x0010ee18       0x68 /cygdrive/C/cygwin/GNUARM/bin/../lib/gcc/arm-elf/4.0.2/../../../../arm-elf/lib/thumb/interwork/libc.a(memcpy.o)
                0x0010ee18                memcpy
 .text          0x0010ee80       0x68 /cygdrive/C/cygwin/GNUARM/bin/../lib/gcc/arm-elf/4.0.2/../../../../arm-elf/lib/thumb/interwork/libc.a(memset.o)
                0x0010ee80                memset
 .text          0x0010eee8       0x60 /cygdrive/C/cygwin/GNUARM/bin/../lib/gcc/arm-elf/4.0.2/../../../../arm-elf/lib/thumb/interwork/libc.a(strcpy.o)
                0x0010eee8                strcpy
 .text          0x0010ef48       0x48 /cygdrive/C/cygwin/GNUARM/bin/../lib/gcc/arm-elf/4.0.2/../../../../arm-elf/lib/thumb/interwork/libc.a(strlen.o)
                0x0010ef48                strlen
 .glue_7        0x0010ef90       0x30 /cygdrive/C/cygwin/GNUARM/bin/../lib/gcc/arm-elf/4.0.2/../../../../arm-elf/lib/thumb/interwork/libc.a(strncpy.o)
                0x0010efa8                __call_posttaskhook_from_arm
                0x0010ef91                __ecrobot_debug1_from_arm
                0x0010ef9d                __ecrobot_debug2_from_arm
                0x0010efb4                __call_pretaskhook_from_arm
 .glue_7t       0x0010efc0       0xb8 /cygdrive/C/cygwin/GNUARM/bin/../lib/gcc/arm-elf/4.0.2/../../../../arm-elf/lib/thumb/interwork/libc.a(strncpy.o)
                0x0010efec                __start_change_to_arm
                0x0010f050                __interrupts_get_and_disable_from_thumb
                0x0010f070                ____lesf2_from_thumb
                0x0010efe0                __exit_and_dispatch_from_thumb
                0x0010f068                ____divsf3_from_thumb
                0x0010f04c                ____gesf2_change_to_arm
                0x0010f014                ____fixsfsi_change_to_arm
                0x0010f044                ____addsf3_change_to_arm
                0x0010f010                ____fixsfsi_from_thumb
                0x0010eff0                ____floatsisf_from_thumb
                0x0010efe4                __exit_and_dispatch_change_to_arm
                0x0010efc0                __disable_int_from_thumb
                0x0010f048                ____gesf2_from_thumb
                0x0010efd8                __start_dispatch_from_thumb
                0x0010f000                ____ltsf2_from_thumb
                0x0010f030                ____fixdfsi_from_thumb
                0x0010f074                ____lesf2_change_to_arm
                0x0010efe8                __start_from_thumb
                0x0010f024                ____muldf3_change_to_arm
                0x0010f06c                ____divsf3_change_to_arm
                0x0010f034                ____fixdfsi_change_to_arm
                0x0010efc8                __enable_int_from_thumb
                0x0010efd0                __dispatch_from_thumb
                0x0010f05c                __interrupts_enable_change_to_arm
                0x0010f008                ____gtsf2_from_thumb
                0x0010f054                __interrupts_get_and_disable_change_to_arm
                0x0010efd4                __dispatch_change_to_arm
                0x0010effc                ____mulsf3_change_to_arm
                0x0010f02c                ____adddf3_change_to_arm
                0x0010f018                ____floatsidf_from_thumb
                0x0010eff4                ____floatsisf_change_to_arm
                0x0010f061                __display_bios_status_from_thumb
                0x0010f038                ____subsf3_from_thumb
                0x0010f028                ____adddf3_from_thumb
                0x0010f00c                ____gtsf2_change_to_arm
                0x0010efc4                __disable_int_change_to_arm
                0x0010f004                ____ltsf2_change_to_arm
                0x0010eff8                ____mulsf3_from_thumb
                0x0010f040                ____addsf3_from_thumb
                0x0010f020                ____muldf3_from_thumb
                0x0010f03c                ____subsf3_change_to_arm
                0x0010efcc                __enable_int_change_to_arm
                0x0010f01c                ____floatsidf_change_to_arm
                0x0010f058                __interrupts_enable_from_thumb
                0x0010f064                __display_bios_status_change_to_arm
                0x0010efdc                __start_dispatch_change_to_arm
                0x0010f080                . = ALIGN (0x10)
 *fill*         0x0010f078        0x8 00
 *(*.rodata *.rodata.*)
 .rodata.search_table.966
                0x0010f080        0xf build/kernel/task.o
 *fill*         0x0010f08f        0x1 00
 .rodata.alminib_cycle
                0x0010f090       0x10 build/./kernel_cfg.o
                0x0010f090                alminib_cycle
 .rodata.alminib_almval
                0x0010f0a0       0x10 build/./kernel_cfg.o
                0x0010f0a0                alminib_almval
 .rodata.alminib_autosta
                0x0010f0b0        0x4 build/./kernel_cfg.o
                0x0010f0b0                alminib_autosta
 .rodata.alminib_cback
                0x0010f0b4       0x10 build/./kernel_cfg.o
                0x0010f0b4                alminib_cback
 .rodata.alminib_cntid
                0x0010f0c4        0x4 build/./kernel_cfg.o
                0x0010f0c4                alminib_cntid
 .rodata.cntinib_tickbase
                0x0010f0c8        0x4 build/./kernel_cfg.o
                0x0010f0c8                cntinib_tickbase
 .rodata.cntinib_maxval2
                0x0010f0cc        0x4 build/./kernel_cfg.o
                0x0010f0cc                cntinib_maxval2
 .rodata.cntinib_maxval
                0x0010f0d0        0x4 build/./kernel_cfg.o
                0x0010f0d0                cntinib_maxval
 .rodata.SysTimerCnt
                0x0010f0d4        0x1 build/./kernel_cfg.o
                0x0010f0d4                SysTimerCnt
 *fill*         0x0010f0d5        0x1 00
 .rodata.tinib_stksz
                0x0010f0d6        0x6 build/./kernel_cfg.o
                0x0010f0d6                tinib_stksz
 .rodata.tinib_stk
                0x0010f0dc        0xc build/./kernel_cfg.o
                0x0010f0dc                tinib_stk
 .rodata.tinib_task
                0x0010f0e8        0xc build/./kernel_cfg.o
                0x0010f0e8                tinib_task
 .rodata.tinib_autoact
                0x0010f0f4        0x3 build/./kernel_cfg.o
                0x0010f0f4                tinib_autoact
 .rodata.tinib_maxact
                0x0010f0f7        0x3 build/./kernel_cfg.o
                0x0010f0f7                tinib_maxact
 .rodata.tinib_exepri
                0x0010f0fa        0x3 build/./kernel_cfg.o
                0x0010f0fa                tinib_exepri
 .rodata.tinib_inipri
                0x0010f0fd        0x3 build/./kernel_cfg.o
                0x0010f0fd                tinib_inipri
 .rodata.tnum_exttask
                0x0010f100        0x1 build/./kernel_cfg.o
                0x0010f100                tnum_exttask
 .rodata.tnum_task
                0x0010f101        0x1 build/./kernel_cfg.o
                0x0010f101                tnum_task
 .rodata.tnum_counter
                0x0010f102        0x1 build/./kernel_cfg.o
                0x0010f102                tnum_counter
 .rodata.tnum_alarm
                0x0010f103        0x1 build/./kernel_cfg.o
                0x0010f103                tnum_alarm
 .rodata.exec_addr
                0x0010f104        0x4 build/ecrobot_base.o
                0x0010f104                exec_addr
 .rodata.str1.4
                0x0010f108       0x80 build/ecrobot_base.o
 .rodata.BATTERY_OFFSET
                0x0010f188        0x4 build/com/balancer_param.o
                0x0010f188                BATTERY_OFFSET
 .rodata.BATTERY_GAIN
                0x0010f18c        0x4 build/com/balancer_param.o
                0x0010f18c                BATTERY_GAIN
 .rodata.bd_addr
                0x0010f190        0x7 build/controller/Runner.o
 *fill*         0x0010f197        0x1 00
 .rodata.RN_do_run
                0x0010f198       0x14 build/controller/Runner.o
 .rodata.str1.4
                0x0010f1ac       0x28 build/controller/Monitor.o
 .rodata.CU_pass
                0x0010f1d4        0xc build/unit/CommunicationUnit.o
                0x0010f1d4                CU_pass
                0x0010f1e0                . = ALIGN (0x10)
 *(*.gnu.linkonce.* .gcc_except_table)
                0x0010f1e0                . = ALIGN (0x10)

.tors           0x0010f1e0        0x0
                0x0010f1e0                . = ALIGN (0x10)
                0x0010f1e0                __ctor_begin = .
 *(*.ctors*)
                0x0010f1e0                __ctor_end = .
                0x0010f1e0                . = ALIGN (0x10)
                0x0010f1e0                __dtor_begin = .
 *(*.dtors*)
                0x0010f1e0                __dtor_end = .
                0x0010f1e0                . = ALIGN (0x10)
                0x0010f1e0                __rom_end__ = __dtor_end

.bss            0x00203650     0x18b4
 *(*.bss *.bss.*)
 .bss.ready_primap
                0x00203650        0x2 build/kernel/task.o
 .bss.ready_queue_last
                0x00203652       0x10 build/kernel/task.o
 .bss.ready_queue_first
                0x00203662       0x10 build/kernel/task.o
 *fill*         0x00203672        0x2 00
 .bss._stack_DisplayTask
                0x00203674      0x200 build/./kernel_cfg.o
 .bss._stack_ActionTask
                0x00203874      0x200 build/./kernel_cfg.o
 .bss._stack_BalanceTask
                0x00203a74      0x200 build/./kernel_cfg.o
 .bss.receiveBuf
                0x00203c74       0xfe build/ecrobot_bluetooth.o
 .bss.sendBuf   0x00203d72       0xfe build/ecrobot_bluetooth.o
 .bss.handle    0x00203e70        0x1 build/ecrobot_bluetooth.o
 *fill*         0x00203e71        0x3 00
 .bss.status_bar_position
                0x00203e74        0x4 build/ecrobot_base.o
 .bss.last_act_time.2537
                0x00203e78        0x4 build/ecrobot_base.o
 .bss.lcd.2466  0x00203e7c      0x320 build/ecrobot_base.o
 .bss.OS_flag   0x0020419c        0x4 build/ecrobot_base.o
 .bss.status_bar
                0x002041a0       0x10 build/ecrobot_base.o
 .bss.RN_state  0x002041b0        0x4 build/controller/Runner.o
 .bss.RN_state.3020
                0x002041b4        0x4 build/controller/Monitor.o
 .bss.flag.2977
                0x002041b8        0x4 build/controller/RunActions.o
 .bss.click_state
                0x002041bc        0x4 build/unit/BumperUnit.o
 .bss.LMU_gray_value
                0x002041c0        0x4 build/unit/LineMonitorUnit.o
 .bss.LMU_threshold
                0x002041c4        0x4 build/unit/LineMonitorUnit.o
 .bss.LMU_black_value
                0x002041c8        0x4 build/unit/LineMonitorUnit.o
 .bss.LMU_white_value
                0x002041cc        0x4 build/unit/LineMonitorUnit.o
 .bss.TU_timerResult
                0x002041d0        0x4 build/unit/TimerUnit.o
 .bss.TU_timeOut
                0x002041d4        0x4 build/unit/TimerUnit.o
 .bss.TU_timerCount
                0x002041d8        0x4 build/unit/TimerUnit.o
 .bss.TU_timerStart
                0x002041dc        0x4 build/unit/TimerUnit.o
 .bss.CU_mode   0x002041e0        0x4 build/unit/CommunicationUnit.o
 .bss.CU_recvMSG
                0x002041e4        0x4 build/unit/CommunicationUnit.o
 .bss.CU_sendMSG
                0x002041e8        0x4 build/unit/CommunicationUnit.o
 .bss.bd_addr   0x002041ec        0x7 build/unit/CommunicationUnit.o
 *fill*         0x002041f3        0x1 00
 .bss.BLNU_balance_startflg
                0x002041f4        0x4 build/unit/BalancerUnit.o
 .bss.BLNU_gyro_offset
                0x002041f8        0x4 build/unit/BalancerUnit.o
 .bss.BLNU_cmd_turn
                0x002041fc        0x1 build/unit/BalancerUnit.o
 .bss.BLNU_cmd_forward
                0x002041fd        0x1 build/unit/BalancerUnit.o
 *fill*         0x002041fe        0x2 00
 .bss.BLNU_motor_angle_control
                0x00204200        0x4 build/unit/BalancerUnit.o
 .bss.buttons_i
                0x00204204        0x4 ../../../ecrobot/../ecrobot/libecrobot.a(ecrobot_interface.o)
 .bss.buttons_states
                0x00204208       0x14 ../../../ecrobot/../ecrobot/libecrobot.a(ecrobot_interface.o)
 .bss.ecrobot_inputs
                0x0020421c        0x8 ../../../ecrobot/../ecrobot/libecrobot.a(ecrobot_interface.o)
 .bss.systick_ms
                0x00204224        0x4 ../../../ecrobot/../ecrobot/libecrobot.a(systick.oram)
 .bss.delayedEnable
                0x00204228        0x1 ../../../ecrobot/../ecrobot/libecrobot.a(udp.oram)
 *fill*         0x00204229        0x3 00
 .bss.outCnt    0x0020422c        0x4 ../../../ecrobot/../ecrobot/libecrobot.a(udp.oram)
 .bss.outPtr    0x00204230        0x4 ../../../ecrobot/../ecrobot/libecrobot.a(udp.oram)
 .bss.newAddress
                0x00204234        0x4 ../../../ecrobot/../ecrobot/libecrobot.a(udp.oram)
 .bss.currentRxBank
                0x00204238        0x4 ../../../ecrobot/../ecrobot/libecrobot.a(udp.oram)
 .bss.currentFeatures
                0x0020423c        0x4 ../../../ecrobot/../ecrobot/libecrobot.a(udp.oram)
 .bss.currentConfig
                0x00204240        0x1 ../../../ecrobot/../ecrobot/libecrobot.a(udp.oram)
 *fill*         0x00204241        0x3 00
 .bss.twi_mask  0x00204244        0x4 ../../../ecrobot/../ecrobot/libecrobot.a(twi.oram)
 .bss.twi_ptr   0x00204248        0x4 ../../../ecrobot/../ecrobot/libecrobot.a(twi.oram)
 .bss.twi_pending
                0x0020424c        0x4 ../../../ecrobot/../ecrobot/libecrobot.a(twi.oram)
 .bss.twi_state
                0x00204250        0x4 ../../../ecrobot/../ecrobot/libecrobot.a(twi.oram)
 .bss.page      0x00204254        0x1 ../../../ecrobot/../ecrobot/libecrobot.a(nxt_spi.oram)
                0x00204254                page
 .bss.dirty     0x00204255        0x1 ../../../ecrobot/../ecrobot/libecrobot.a(nxt_spi.oram)
                0x00204255                dirty
 *fill*         0x00204256        0x2 00
 .bss.display   0x00204258        0x4 ../../../ecrobot/../ecrobot/libecrobot.a(nxt_spi.oram)
                0x00204258                display
 .bss.interrupts_this_period
                0x0020425c        0x4 ../../../ecrobot/../ecrobot/libecrobot.a(nxt_motors.oram)
 .bss.nxt_motor_initialised
                0x00204260        0x4 ../../../ecrobot/../ecrobot/libecrobot.a(nxt_motors.oram)
 .bss.motor     0x00204264       0x30 ../../../ecrobot/../ecrobot/libecrobot.a(nxt_motors.oram)
 .bss.display_tick
                0x00204294        0x4 ../../../ecrobot/../ecrobot/libecrobot.a(display.oram)
                0x00204294                display_tick
 .bss.display_array
                0x00204298      0x388 ../../../ecrobot/../ecrobot/libecrobot.a(display.oram)
 .bss.i2c_int_count
                0x00204620        0x4 ../../../ecrobot/../ecrobot/libecrobot.a(i2c.oram)
 .bss.i2c_port  0x00204624      0x170 ../../../ecrobot/../ecrobot/libecrobot.a(i2c.oram)
 .bss.sound_mode
                0x00204794        0x1 ../../../ecrobot/../ecrobot/libecrobot.a(sound.oram)
                0x00204794                sound_mode
 *fill*         0x00204795        0x3 00
 .bss.in_buf_idx
                0x00204798        0x4 ../../../ecrobot/../ecrobot/libecrobot.a(bt.oram)
 .bss.buf_ptr   0x0020479c        0x4 ../../../ecrobot/../ecrobot/libecrobot.a(bt.oram)
 .bss.out_buf   0x002047a0      0x200 ../../../ecrobot/../ecrobot/libecrobot.a(bt.oram)
 .bss.out_buf_ptr
                0x002049a0        0x1 ../../../ecrobot/../ecrobot/libecrobot.a(bt.oram)
 .bss.in_buf_in_ptr
                0x002049a1        0x1 ../../../ecrobot/../ecrobot/libecrobot.a(bt.oram)
 .bss.in_buf    0x002049a2      0x100 ../../../ecrobot/../ecrobot/libecrobot.a(bt.oram)
 *fill*         0x00204aa2        0x2 00
 .bss.link_state
                0x00204aa4        0x4 ../../../ecrobot/../ecrobot/libecrobot.a(nxt_avr.oram)
 .bss.update_count
                0x00204aa8        0x4 ../../../ecrobot/../ecrobot/libecrobot.a(nxt_avr.oram)
 .bss.nxt_avr_stats
                0x00204aac       0x14 ../../../ecrobot/../ecrobot/libecrobot.a(nxt_avr.oram)
 .bss.debounce_cnt
                0x00204ac0        0x2 ../../../ecrobot/../ecrobot/libecrobot.a(nxt_avr.oram)
 .bss.debounce_state
                0x00204ac2        0x2 ../../../ecrobot/../ecrobot/libecrobot.a(nxt_avr.oram)
 .bss.button_state
                0x00204ac4        0x2 ../../../ecrobot/../ecrobot/libecrobot.a(nxt_avr.oram)
 .bss.prev_buttons
                0x00204ac6        0x2 ../../../ecrobot/../ecrobot/libecrobot.a(nxt_avr.oram)
 .bss.from_buf  0x00204ac8        0x4 ../../../ecrobot/../ecrobot/libecrobot.a(nxt_avr.oram)
 .bss.io_from_avr
                0x00204acc        0x4 ../../../ecrobot/../ecrobot/libecrobot.a(nxt_avr.oram)
 .bss.data_from_avr
                0x00204ad0       0x1a ../../../ecrobot/../ecrobot/libecrobot.a(nxt_avr.oram)
 .bss.data_to_avr
                0x00204aea        0x9 ../../../ecrobot/../ecrobot/libecrobot.a(nxt_avr.oram)
 .bss.io_to_avr
                0x00204af3        0x8 ../../../ecrobot/../ecrobot/libecrobot.a(nxt_avr.oram)
 *fill*         0x00204afb        0x1 00
 .bss.display   0x00204afc        0x4 ../../../ecrobot/../ecrobot/libecrobot.a(nxt_lcd.oram)
 .bss.ud_thetadot_cmd_lpf
                0x00204b00        0x4 ../../../ecrobot/../ecrobot/libnxtway_gs_balancer.a(balancer.o)
 .bss.ud_theta_ref
                0x00204b04        0x4 ../../../ecrobot/../ecrobot/libnxtway_gs_balancer.a(balancer.o)
 .bss.ud_theta_lpf
                0x00204b08        0x4 ../../../ecrobot/../ecrobot/libnxtway_gs_balancer.a(balancer.o)
 .bss.ud_psi    0x00204b0c        0x4 ../../../ecrobot/../ecrobot/libnxtway_gs_balancer.a(balancer.o)
 .bss.ud_err_theta
                0x00204b10        0x4 ../../../ecrobot/../ecrobot/libnxtway_gs_balancer.a(balancer.o)
                0x00204b20                . = ALIGN (0x10)
 *fill*         0x00204b14        0xc 00
                0x00204b20                __bss_end__ = .
 COMMON         0x00204b20        0x2 build/kernel/interrupt.o
                0x00204b20                runisr
                0x00204b21                sus_all_cnt
 *fill*         0x00204b22        0x2 00
 COMMON         0x00204b24       0x10 build/kernel/osctl.o
                0x00204b24                callevel
                0x00204b25                _errorhook_svcid
                0x00204b26                appmode
                0x00204b28                _errorhook_par1
                0x00204b2c                _errorhook_par3
                0x00204b30                _errorhook_par2
 COMMON         0x00204b34        0x3 build/kernel/task.o
                0x00204b34                runtsk
                0x00204b35                schedtsk
                0x00204b36                nextpri
 *fill*         0x00204b37        0x1 00
 COMMON         0x00204b38       0x60 build/./kernel_cfg.o
                0x00204b38                tcb_waievt
                0x00204b3c                rescb_prevpri
                0x00204b3d                almcb_prev
                0x00204b41                tcb_lastres
                0x00204b44                almcb_almval
                0x00204b54                tcxb_pc
                0x00204b60                tcb_next
                0x00204b63                tcb_curpri
                0x00204b66                tcb_tstat
                0x00204b69                isrcb_lastres
                0x00204b6a                cntcb_almque
                0x00204b6b                rescb_prevres
                0x00204b6c                tcb_actcnt
                0x00204b70                tcb_curevt
                0x00204b74                almcb_cycle
                0x00204b84                tcxb_sp
                0x00204b90                almcb_next
                0x00204b94                cntcb_curval
 COMMON         0x00204b98       0x44 ../../../ecrobot/../ecrobot/libecrobot.a(uart.oram)
                0x00204b98                uart
 COMMON         0x00204bdc        0x4 ../../../ecrobot/../ecrobot/libecrobot.a(data_abort.oram)
                0x00204bdc                data_abort_pc
 COMMON         0x00204be0        0x8 ../../../ecrobot/../ecrobot/libecrobot.a(display.oram)
                0x00204be0                display_x
                0x00204be4                display_y
 COMMON         0x00204be8      0x31c ../../../ecrobot/../ecrobot/libecrobot.a(sound.oram)
                0x00204be8                sample
                0x00203650                __bss_start__ = ADDR (.bss)
                0x00204f04                __bss_end__ = (ADDR (.bss) + SIZEOF (.bss))
                0x00204f04                PROVIDE (end, .)

.heap_area      0x00204f04     0xac74
                0x0020fb78                . = (. + (0x20fb78 - end))
 *fill*         0x00204f04     0xac74 00

.stack          0x0020fb78      0x488
                0x0020fbf8                . = (. + 0x80)
 *fill*         0x0020fb78       0x80 00
                0x0020fc00                . = ALIGN (0x10)
 *fill*         0x0020fbf8        0x8 00
                0x0020fc00                __irq_stack__ = .
                0x0020fc00                __system_stack_bottom__ = .
                0x00210000                . = (. + 0x400)
 *fill*         0x0020fc00      0x400 00
                0x00210000                . = ALIGN (0x10)
                0x00210000                __system_stack__ = .
                0x00210000                __system_stack_top__ = .
                0x0020fb78                __stack_start__ = ADDR (.stack)
                0x00210000                __stack_end__ = (ADDR (.stack) + SIZEOF (.stack))
OUTPUT(Runner2_rom.elf elf32-littlearm)

.comment        0x00000000      0x438
 .comment       0x00000000       0x12 build/kernel/alarm.o
 .comment       0x00000012       0x12 build/kernel/event.o
 .comment       0x00000024       0x12 build/kernel/interrupt.o
 .comment       0x00000036       0x12 build/kernel/osctl.o
 .comment       0x00000048       0x12 build/kernel/resource.o
 .comment       0x0000005a       0x12 build/kernel/task.o
 .comment       0x0000006c       0x12 build/kernel/task_manage.o
 .comment       0x0000007e       0x12 build/config/at91sam7s-gnu/cpu_config.o
 .comment       0x00000090       0x12 build/config/at91sam7s-gnu/lego_nxt/sys_config.o
 .comment       0x000000a2       0x12 build/./kernel_cfg.o
 .comment       0x000000b4       0x12 build/syscalls.o
 .comment       0x000000c6       0x12 build/ecrobot_bluetooth.o
 .comment       0x000000d8       0x12 build/ecrobot_base.o
 .comment       0x000000ea       0x12 build/ecrobot.o
 .comment       0x000000fc       0x12 build/com/balancer_param.o
 .comment       0x0000010e       0x12 build/controller/Runner.o
 .comment       0x00000120       0x12 build/controller/Monitor.o
 .comment       0x00000132       0x12 build/controller/RunActions.o
 .comment       0x00000144       0x12 build/controller/CalibrateActions.o
 .comment       0x00000156       0x12 build/unit/BumperUnit.o
 .comment       0x00000168       0x12 build/unit/LineMonitorUnit.o
 .comment       0x0000017a       0x12 build/unit/DisplayUnit.o
 .comment       0x0000018c       0x12 build/unit/HornUnit.o
 .comment       0x0000019e       0x12 build/unit/TimerUnit.o
 .comment       0x000001b0       0x12 build/unit/CommunicationUnit.o
 .comment       0x000001c2       0x12 build/unit/BalancerUnit.o
 .comment       0x000001d4       0x12 build/unit/BlockMonitorUnit.o
 .comment       0x000001e6       0x12 build/controller/initDevice.o
 .comment       0x000001f8       0x12 build/syslib/at91sam7s-gnu/lego_nxt/hw_sys_timer.oram
 .comment       0x0000020a       0x12 ../../../ecrobot/../ecrobot/libecrobot.a(ecrobot_HiTechnic.o)
 .comment       0x0000021c       0x12 ../../../ecrobot/../ecrobot/libecrobot.a(ecrobot_interface.o)
 .comment       0x0000022e       0x12 ../../../ecrobot/../ecrobot/libecrobot.a(uart.oram)
 .comment       0x00000240       0x12 ../../../ecrobot/../ecrobot/libecrobot.a(systick.oram)
 .comment       0x00000252       0x12 ../../../ecrobot/../ecrobot/libecrobot.a(byte_fifo.oram)
 .comment       0x00000264       0x12 ../../../ecrobot/../ecrobot/libecrobot.a(aic.oram)
 .comment       0x00000276       0x12 ../../../ecrobot/../ecrobot/libecrobot.a(udp.oram)
 .comment       0x00000288       0x12 ../../../ecrobot/../ecrobot/libecrobot.a(twi.oram)
 .comment       0x0000029a       0x12 ../../../ecrobot/../ecrobot/libecrobot.a(nxt_spi.oram)
 .comment       0x000002ac       0x12 ../../../ecrobot/../ecrobot/libecrobot.a(nxt_motors.oram)
 .comment       0x000002be       0x12 ../../../ecrobot/../ecrobot/libecrobot.a(data_abort.oram)
 .comment       0x000002d0       0x12 ../../../ecrobot/../ecrobot/libecrobot.a(display.oram)
 .comment       0x000002e2       0x12 ../../../ecrobot/../ecrobot/libecrobot.a(i2c.oram)
 .comment       0x000002f4       0x12 ../../../ecrobot/../ecrobot/libecrobot.a(sound.oram)
 .comment       0x00000306       0x12 ../../../ecrobot/../ecrobot/libecrobot.a(bt.oram)
 .comment       0x00000318       0x12 ../../../ecrobot/../ecrobot/libecrobot.a(nxt_avr.oram)
 .comment       0x0000032a       0x12 ../../../ecrobot/../ecrobot/libecrobot.a(sensors.oram)
 .comment       0x0000033c       0x12 ../../../ecrobot/../ecrobot/libecrobot.a(nxt_lcd.oram)
 .comment       0x0000034e       0x12 ../../../ecrobot/../ecrobot/libecrobot.a(flash_loader.oram)
 .comment       0x00000360       0x12 ../../../ecrobot/../ecrobot/libecrobot.a(ecrobot_usb.o)
 .comment       0x00000372       0x12 ../../../ecrobot/../ecrobot/libecrobot.a(flashprog.oram)
 .comment       0x00000384       0x12 ../../../ecrobot/../ecrobot/libnxtway_gs_balancer.a(balancer.o)
 .comment       0x00000396       0x12 /cygdrive/C/cygwin/GNUARM/bin/../lib/gcc/arm-elf/4.0.2/thumb/interwork/libgcc.a(_muldi3.o)
 .comment       0x000003a8       0x12 /cygdrive/C/cygwin/GNUARM/bin/../lib/gcc/arm-elf/4.0.2/thumb/interwork/libgcc.a(_divdi3.o)
 .comment       0x000003ba       0x12 /cygdrive/C/cygwin/GNUARM/bin/../lib/gcc/arm-elf/4.0.2/thumb/interwork/libgcc.a(_clz.o)
 .comment       0x000003cc       0x12 /cygdrive/C/cygwin/GNUARM/bin/../lib/gcc/arm-elf/4.0.2/../../../../arm-elf/lib/thumb/interwork/libc.a(memcpy.o)
 .comment       0x000003de       0x12 /cygdrive/C/cygwin/GNUARM/bin/../lib/gcc/arm-elf/4.0.2/../../../../arm-elf/lib/thumb/interwork/libc.a(memset.o)
 .comment       0x000003f0       0x12 /cygdrive/C/cygwin/GNUARM/bin/../lib/gcc/arm-elf/4.0.2/../../../../arm-elf/lib/thumb/interwork/libc.a(strcmp.o)
 .comment       0x00000402       0x12 /cygdrive/C/cygwin/GNUARM/bin/../lib/gcc/arm-elf/4.0.2/../../../../arm-elf/lib/thumb/interwork/libc.a(strcpy.o)
 .comment       0x00000414       0x12 /cygdrive/C/cygwin/GNUARM/bin/../lib/gcc/arm-elf/4.0.2/../../../../arm-elf/lib/thumb/interwork/libc.a(strlen.o)
 .comment       0x00000426       0x12 /cygdrive/C/cygwin/GNUARM/bin/../lib/gcc/arm-elf/4.0.2/../../../../arm-elf/lib/thumb/interwork/libc.a(strncpy.o)

.debug_line     0x00000000      0xe73
 .debug_line    0x00000000       0x70 /cygdrive/C/cygwin/GNUARM/bin/../lib/gcc/arm-elf/4.0.2/thumb/interwork/libgcc.a(_udivsi3.o)
 .debug_line    0x00000070       0x7c /cygdrive/C/cygwin/GNUARM/bin/../lib/gcc/arm-elf/4.0.2/thumb/interwork/libgcc.a(_divsi3.o)
 .debug_line    0x000000ec       0x68 /cygdrive/C/cygwin/GNUARM/bin/../lib/gcc/arm-elf/4.0.2/thumb/interwork/libgcc.a(_umodsi3.o)
 .debug_line    0x00000154       0x71 /cygdrive/C/cygwin/GNUARM/bin/../lib/gcc/arm-elf/4.0.2/thumb/interwork/libgcc.a(_modsi3.o)
 .debug_line    0x000001c5       0x5a /cygdrive/C/cygwin/GNUARM/bin/../lib/gcc/arm-elf/4.0.2/thumb/interwork/libgcc.a(_dvmd_tls.o)
 .debug_line    0x0000021f      0x162 /cygdrive/C/cygwin/GNUARM/bin/../lib/gcc/arm-elf/4.0.2/thumb/interwork/libgcc.a(_addsubdf3.o)
 .debug_line    0x00000381      0x177 /cygdrive/C/cygwin/GNUARM/bin/../lib/gcc/arm-elf/4.0.2/thumb/interwork/libgcc.a(_muldivdf3.o)
 .debug_line    0x000004f8       0x6f /cygdrive/C/cygwin/GNUARM/bin/../lib/gcc/arm-elf/4.0.2/thumb/interwork/libgcc.a(_fixdfsi.o)
 .debug_line    0x00000567      0x110 /cygdrive/C/cygwin/GNUARM/bin/../lib/gcc/arm-elf/4.0.2/thumb/interwork/libgcc.a(_addsubsf3.o)
 .debug_line    0x00000677      0x11a /cygdrive/C/cygwin/GNUARM/bin/../lib/gcc/arm-elf/4.0.2/thumb/interwork/libgcc.a(_muldivsf3.o)
 .debug_line    0x00000791       0x98 /cygdrive/C/cygwin/GNUARM/bin/../lib/gcc/arm-elf/4.0.2/thumb/interwork/libgcc.a(_cmpsf2.o)
 .debug_line    0x00000829       0x6f /cygdrive/C/cygwin/GNUARM/bin/../lib/gcc/arm-elf/4.0.2/thumb/interwork/libgcc.a(_fixsfsi.o)
 .debug_line    0x00000898       0x61 /cygdrive/C/cygwin/GNUARM/bin/../lib/gcc/arm-elf/4.0.2/thumb/interwork/libgcc.a(_muldi3.o)
 .debug_line    0x000008f9      0x122 /cygdrive/C/cygwin/GNUARM/bin/../lib/gcc/arm-elf/4.0.2/thumb/interwork/libgcc.a(_divdi3.o)
 .debug_line    0x00000a1b       0x48 /cygdrive/C/cygwin/GNUARM/bin/../lib/gcc/arm-elf/4.0.2/thumb/interwork/libgcc.a(_clz.o)
 .debug_line    0x00000a63       0xc3 /cygdrive/C/cygwin/GNUARM/bin/../lib/gcc/arm-elf/4.0.2/../../../../arm-elf/lib/thumb/interwork/libc.a(memcpy.o)
 .debug_line    0x00000b26       0xd4 /cygdrive/C/cygwin/GNUARM/bin/../lib/gcc/arm-elf/4.0.2/../../../../arm-elf/lib/thumb/interwork/libc.a(memset.o)
 .debug_line    0x00000bfa       0x88 /cygdrive/C/cygwin/GNUARM/bin/../lib/gcc/arm-elf/4.0.2/../../../../arm-elf/lib/thumb/interwork/libc.a(strcmp.o)
 .debug_line    0x00000c82       0x80 /cygdrive/C/cygwin/GNUARM/bin/../lib/gcc/arm-elf/4.0.2/../../../../arm-elf/lib/thumb/interwork/libc.a(strcpy.o)
 .debug_line    0x00000d02       0xaf /cygdrive/C/cygwin/GNUARM/bin/../lib/gcc/arm-elf/4.0.2/../../../../arm-elf/lib/thumb/interwork/libc.a(strlen.o)
 .debug_line    0x00000db1       0xc2 /cygdrive/C/cygwin/GNUARM/bin/../lib/gcc/arm-elf/4.0.2/../../../../arm-elf/lib/thumb/interwork/libc.a(strncpy.o)

.debug_info     0x00000000     0x151e
 .debug_info    0x00000000       0x6a /cygdrive/C/cygwin/GNUARM/bin/../lib/gcc/arm-elf/4.0.2/thumb/interwork/libgcc.a(_udivsi3.o)
 .debug_info    0x0000006a       0x6a /cygdrive/C/cygwin/GNUARM/bin/../lib/gcc/arm-elf/4.0.2/thumb/interwork/libgcc.a(_divsi3.o)
 .debug_info    0x000000d4       0x6a /cygdrive/C/cygwin/GNUARM/bin/../lib/gcc/arm-elf/4.0.2/thumb/interwork/libgcc.a(_umodsi3.o)
 .debug_info    0x0000013e       0x6a /cygdrive/C/cygwin/GNUARM/bin/../lib/gcc/arm-elf/4.0.2/thumb/interwork/libgcc.a(_modsi3.o)
 .debug_info    0x000001a8       0x6a /cygdrive/C/cygwin/GNUARM/bin/../lib/gcc/arm-elf/4.0.2/thumb/interwork/libgcc.a(_dvmd_tls.o)
 .debug_info    0x00000212       0x69 /cygdrive/C/cygwin/GNUARM/bin/../lib/gcc/arm-elf/4.0.2/thumb/interwork/libgcc.a(_addsubdf3.o)
 .debug_info    0x0000027b       0x69 /cygdrive/C/cygwin/GNUARM/bin/../lib/gcc/arm-elf/4.0.2/thumb/interwork/libgcc.a(_muldivdf3.o)
 .debug_info    0x000002e4       0x69 /cygdrive/C/cygwin/GNUARM/bin/../lib/gcc/arm-elf/4.0.2/thumb/interwork/libgcc.a(_fixdfsi.o)
 .debug_info    0x0000034d       0x69 /cygdrive/C/cygwin/GNUARM/bin/../lib/gcc/arm-elf/4.0.2/thumb/interwork/libgcc.a(_addsubsf3.o)
 .debug_info    0x000003b6       0x69 /cygdrive/C/cygwin/GNUARM/bin/../lib/gcc/arm-elf/4.0.2/thumb/interwork/libgcc.a(_muldivsf3.o)
 .debug_info    0x0000041f       0x69 /cygdrive/C/cygwin/GNUARM/bin/../lib/gcc/arm-elf/4.0.2/thumb/interwork/libgcc.a(_cmpsf2.o)
 .debug_info    0x00000488       0x69 /cygdrive/C/cygwin/GNUARM/bin/../lib/gcc/arm-elf/4.0.2/thumb/interwork/libgcc.a(_fixsfsi.o)
 .debug_info    0x000004f1      0x20e /cygdrive/C/cygwin/GNUARM/bin/../lib/gcc/arm-elf/4.0.2/thumb/interwork/libgcc.a(_muldi3.o)
 .debug_info    0x000006ff      0x758 /cygdrive/C/cygwin/GNUARM/bin/../lib/gcc/arm-elf/4.0.2/thumb/interwork/libgcc.a(_divdi3.o)
 .debug_info    0x00000e57       0xc9 /cygdrive/C/cygwin/GNUARM/bin/../lib/gcc/arm-elf/4.0.2/thumb/interwork/libgcc.a(_clz.o)
 .debug_info    0x00000f20      0x10d /cygdrive/C/cygwin/GNUARM/bin/../lib/gcc/arm-elf/4.0.2/../../../../arm-elf/lib/thumb/interwork/libc.a(memcpy.o)
 .debug_info    0x0000102d      0x111 /cygdrive/C/cygwin/GNUARM/bin/../lib/gcc/arm-elf/4.0.2/../../../../arm-elf/lib/thumb/interwork/libc.a(memset.o)
 .debug_info    0x0000113e       0xd9 /cygdrive/C/cygwin/GNUARM/bin/../lib/gcc/arm-elf/4.0.2/../../../../arm-elf/lib/thumb/interwork/libc.a(strcmp.o)
 .debug_info    0x00001217      0x10c /cygdrive/C/cygwin/GNUARM/bin/../lib/gcc/arm-elf/4.0.2/../../../../arm-elf/lib/thumb/interwork/libc.a(strcpy.o)
 .debug_info    0x00001323       0xd5 /cygdrive/C/cygwin/GNUARM/bin/../lib/gcc/arm-elf/4.0.2/../../../../arm-elf/lib/thumb/interwork/libc.a(strlen.o)
 .debug_info    0x000013f8      0x126 /cygdrive/C/cygwin/GNUARM/bin/../lib/gcc/arm-elf/4.0.2/../../../../arm-elf/lib/thumb/interwork/libc.a(strncpy.o)

.debug_abbrev   0x00000000      0x6ed
 .debug_abbrev  0x00000000       0x14 /cygdrive/C/cygwin/GNUARM/bin/../lib/gcc/arm-elf/4.0.2/thumb/interwork/libgcc.a(_udivsi3.o)
 .debug_abbrev  0x00000014       0x14 /cygdrive/C/cygwin/GNUARM/bin/../lib/gcc/arm-elf/4.0.2/thumb/interwork/libgcc.a(_divsi3.o)
 .debug_abbrev  0x00000028       0x14 /cygdrive/C/cygwin/GNUARM/bin/../lib/gcc/arm-elf/4.0.2/thumb/interwork/libgcc.a(_umodsi3.o)
 .debug_abbrev  0x0000003c       0x14 /cygdrive/C/cygwin/GNUARM/bin/../lib/gcc/arm-elf/4.0.2/thumb/interwork/libgcc.a(_modsi3.o)
 .debug_abbrev  0x00000050       0x14 /cygdrive/C/cygwin/GNUARM/bin/../lib/gcc/arm-elf/4.0.2/thumb/interwork/libgcc.a(_dvmd_tls.o)
 .debug_abbrev  0x00000064       0x14 /cygdrive/C/cygwin/GNUARM/bin/../lib/gcc/arm-elf/4.0.2/thumb/interwork/libgcc.a(_addsubdf3.o)
 .debug_abbrev  0x00000078       0x14 /cygdrive/C/cygwin/GNUARM/bin/../lib/gcc/arm-elf/4.0.2/thumb/interwork/libgcc.a(_muldivdf3.o)
 .debug_abbrev  0x0000008c       0x14 /cygdrive/C/cygwin/GNUARM/bin/../lib/gcc/arm-elf/4.0.2/thumb/interwork/libgcc.a(_fixdfsi.o)
 .debug_abbrev  0x000000a0       0x14 /cygdrive/C/cygwin/GNUARM/bin/../lib/gcc/arm-elf/4.0.2/thumb/interwork/libgcc.a(_addsubsf3.o)
 .debug_abbrev  0x000000b4       0x14 /cygdrive/C/cygwin/GNUARM/bin/../lib/gcc/arm-elf/4.0.2/thumb/interwork/libgcc.a(_muldivsf3.o)
 .debug_abbrev  0x000000c8       0x14 /cygdrive/C/cygwin/GNUARM/bin/../lib/gcc/arm-elf/4.0.2/thumb/interwork/libgcc.a(_cmpsf2.o)
 .debug_abbrev  0x000000dc       0x14 /cygdrive/C/cygwin/GNUARM/bin/../lib/gcc/arm-elf/4.0.2/thumb/interwork/libgcc.a(_fixsfsi.o)
 .debug_abbrev  0x000000f0       0xec /cygdrive/C/cygwin/GNUARM/bin/../lib/gcc/arm-elf/4.0.2/thumb/interwork/libgcc.a(_muldi3.o)
 .debug_abbrev  0x000001dc      0x174 /cygdrive/C/cygwin/GNUARM/bin/../lib/gcc/arm-elf/4.0.2/thumb/interwork/libgcc.a(_divdi3.o)
 .debug_abbrev  0x00000350       0x61 /cygdrive/C/cygwin/GNUARM/bin/../lib/gcc/arm-elf/4.0.2/thumb/interwork/libgcc.a(_clz.o)
 .debug_abbrev  0x000003b1       0x99 /cygdrive/C/cygwin/GNUARM/bin/../lib/gcc/arm-elf/4.0.2/../../../../arm-elf/lib/thumb/interwork/libc.a(memcpy.o)
 .debug_abbrev  0x0000044a       0x9a /cygdrive/C/cygwin/GNUARM/bin/../lib/gcc/arm-elf/4.0.2/../../../../arm-elf/lib/thumb/interwork/libc.a(memset.o)
 .debug_abbrev  0x000004e4       0x71 /cygdrive/C/cygwin/GNUARM/bin/../lib/gcc/arm-elf/4.0.2/../../../../arm-elf/lib/thumb/interwork/libc.a(strcmp.o)
 .debug_abbrev  0x00000555       0x80 /cygdrive/C/cygwin/GNUARM/bin/../lib/gcc/arm-elf/4.0.2/../../../../arm-elf/lib/thumb/interwork/libc.a(strcpy.o)
 .debug_abbrev  0x000005d5       0x8b /cygdrive/C/cygwin/GNUARM/bin/../lib/gcc/arm-elf/4.0.2/../../../../arm-elf/lib/thumb/interwork/libc.a(strlen.o)
 .debug_abbrev  0x00000660       0x8d /cygdrive/C/cygwin/GNUARM/bin/../lib/gcc/arm-elf/4.0.2/../../../../arm-elf/lib/thumb/interwork/libc.a(strncpy.o)

.debug_aranges  0x00000000      0x280
 .debug_aranges
                0x00000000       0x20 /cygdrive/C/cygwin/GNUARM/bin/../lib/gcc/arm-elf/4.0.2/thumb/interwork/libgcc.a(_udivsi3.o)
 .debug_aranges
                0x00000020       0x20 /cygdrive/C/cygwin/GNUARM/bin/../lib/gcc/arm-elf/4.0.2/thumb/interwork/libgcc.a(_divsi3.o)
 .debug_aranges
                0x00000040       0x20 /cygdrive/C/cygwin/GNUARM/bin/../lib/gcc/arm-elf/4.0.2/thumb/interwork/libgcc.a(_umodsi3.o)
 .debug_aranges
                0x00000060       0x20 /cygdrive/C/cygwin/GNUARM/bin/../lib/gcc/arm-elf/4.0.2/thumb/interwork/libgcc.a(_modsi3.o)
 .debug_aranges
                0x00000080       0x20 /cygdrive/C/cygwin/GNUARM/bin/../lib/gcc/arm-elf/4.0.2/thumb/interwork/libgcc.a(_dvmd_tls.o)
 .debug_aranges
                0x000000a0       0x20 /cygdrive/C/cygwin/GNUARM/bin/../lib/gcc/arm-elf/4.0.2/thumb/interwork/libgcc.a(_addsubdf3.o)
 .debug_aranges
                0x000000c0       0x20 /cygdrive/C/cygwin/GNUARM/bin/../lib/gcc/arm-elf/4.0.2/thumb/interwork/libgcc.a(_muldivdf3.o)
 .debug_aranges
                0x000000e0       0x20 /cygdrive/C/cygwin/GNUARM/bin/../lib/gcc/arm-elf/4.0.2/thumb/interwork/libgcc.a(_fixdfsi.o)
 .debug_aranges
                0x00000100       0x20 /cygdrive/C/cygwin/GNUARM/bin/../lib/gcc/arm-elf/4.0.2/thumb/interwork/libgcc.a(_addsubsf3.o)
 .debug_aranges
                0x00000120       0x20 /cygdrive/C/cygwin/GNUARM/bin/../lib/gcc/arm-elf/4.0.2/thumb/interwork/libgcc.a(_muldivsf3.o)
 .debug_aranges
                0x00000140       0x20 /cygdrive/C/cygwin/GNUARM/bin/../lib/gcc/arm-elf/4.0.2/thumb/interwork/libgcc.a(_cmpsf2.o)
 .debug_aranges
                0x00000160       0x20 /cygdrive/C/cygwin/GNUARM/bin/../lib/gcc/arm-elf/4.0.2/thumb/interwork/libgcc.a(_fixsfsi.o)
 .debug_aranges
                0x00000180       0x20 /cygdrive/C/cygwin/GNUARM/bin/../lib/gcc/arm-elf/4.0.2/thumb/interwork/libgcc.a(_muldi3.o)
 .debug_aranges
                0x000001a0       0x20 /cygdrive/C/cygwin/GNUARM/bin/../lib/gcc/arm-elf/4.0.2/thumb/interwork/libgcc.a(_divdi3.o)
 .debug_aranges
                0x000001c0       0x20 /cygdrive/C/cygwin/GNUARM/bin/../lib/gcc/arm-elf/4.0.2/../../../../arm-elf/lib/thumb/interwork/libc.a(memcpy.o)
 .debug_aranges
                0x000001e0       0x20 /cygdrive/C/cygwin/GNUARM/bin/../lib/gcc/arm-elf/4.0.2/../../../../arm-elf/lib/thumb/interwork/libc.a(memset.o)
 .debug_aranges
                0x00000200       0x20 /cygdrive/C/cygwin/GNUARM/bin/../lib/gcc/arm-elf/4.0.2/../../../../arm-elf/lib/thumb/interwork/libc.a(strcmp.o)
 .debug_aranges
                0x00000220       0x20 /cygdrive/C/cygwin/GNUARM/bin/../lib/gcc/arm-elf/4.0.2/../../../../arm-elf/lib/thumb/interwork/libc.a(strcpy.o)
 .debug_aranges
                0x00000240       0x20 /cygdrive/C/cygwin/GNUARM/bin/../lib/gcc/arm-elf/4.0.2/../../../../arm-elf/lib/thumb/interwork/libc.a(strlen.o)
 .debug_aranges
                0x00000260       0x20 /cygdrive/C/cygwin/GNUARM/bin/../lib/gcc/arm-elf/4.0.2/../../../../arm-elf/lib/thumb/interwork/libc.a(strncpy.o)

.debug_frame    0x00000000      0x180
 .debug_frame   0x00000000       0x38 /cygdrive/C/cygwin/GNUARM/bin/../lib/gcc/arm-elf/4.0.2/thumb/interwork/libgcc.a(_muldi3.o)
 .debug_frame   0x00000038       0x3c /cygdrive/C/cygwin/GNUARM/bin/../lib/gcc/arm-elf/4.0.2/thumb/interwork/libgcc.a(_divdi3.o)
 .debug_frame   0x00000074       0x2c /cygdrive/C/cygwin/GNUARM/bin/../lib/gcc/arm-elf/4.0.2/../../../../arm-elf/lib/thumb/interwork/libc.a(memcpy.o)
 .debug_frame   0x000000a0       0x2c /cygdrive/C/cygwin/GNUARM/bin/../lib/gcc/arm-elf/4.0.2/../../../../arm-elf/lib/thumb/interwork/libc.a(memset.o)
 .debug_frame   0x000000cc       0x2c /cygdrive/C/cygwin/GNUARM/bin/../lib/gcc/arm-elf/4.0.2/../../../../arm-elf/lib/thumb/interwork/libc.a(strcmp.o)
 .debug_frame   0x000000f8       0x2c /cygdrive/C/cygwin/GNUARM/bin/../lib/gcc/arm-elf/4.0.2/../../../../arm-elf/lib/thumb/interwork/libc.a(strcpy.o)
 .debug_frame   0x00000124       0x2c /cygdrive/C/cygwin/GNUARM/bin/../lib/gcc/arm-elf/4.0.2/../../../../arm-elf/lib/thumb/interwork/libc.a(strlen.o)
 .debug_frame   0x00000150       0x30 /cygdrive/C/cygwin/GNUARM/bin/../lib/gcc/arm-elf/4.0.2/../../../../arm-elf/lib/thumb/interwork/libc.a(strncpy.o)

.debug_loc      0x00000000     0x13c0
 .debug_loc     0x00000000      0x156 /cygdrive/C/cygwin/GNUARM/bin/../lib/gcc/arm-elf/4.0.2/thumb/interwork/libgcc.a(_muldi3.o)
 .debug_loc     0x00000156      0xd45 /cygdrive/C/cygwin/GNUARM/bin/../lib/gcc/arm-elf/4.0.2/thumb/interwork/libgcc.a(_divdi3.o)
 .debug_loc     0x00000e9b      0x127 /cygdrive/C/cygwin/GNUARM/bin/../lib/gcc/arm-elf/4.0.2/../../../../arm-elf/lib/thumb/interwork/libc.a(memcpy.o)
 .debug_loc     0x00000fc2      0x12a /cygdrive/C/cygwin/GNUARM/bin/../lib/gcc/arm-elf/4.0.2/../../../../arm-elf/lib/thumb/interwork/libc.a(memset.o)
 .debug_loc     0x000010ec       0x8e /cygdrive/C/cygwin/GNUARM/bin/../lib/gcc/arm-elf/4.0.2/../../../../arm-elf/lib/thumb/interwork/libc.a(strcmp.o)
 .debug_loc     0x0000117a       0xb4 /cygdrive/C/cygwin/GNUARM/bin/../lib/gcc/arm-elf/4.0.2/../../../../arm-elf/lib/thumb/interwork/libc.a(strcpy.o)
 .debug_loc     0x0000122e       0x3c /cygdrive/C/cygwin/GNUARM/bin/../lib/gcc/arm-elf/4.0.2/../../../../arm-elf/lib/thumb/interwork/libc.a(strlen.o)
 .debug_loc     0x0000126a      0x156 /cygdrive/C/cygwin/GNUARM/bin/../lib/gcc/arm-elf/4.0.2/../../../../arm-elf/lib/thumb/interwork/libc.a(strncpy.o)

.debug_pubnames
                0x00000000      0x10d
 .debug_pubnames
                0x00000000       0x1f /cygdrive/C/cygwin/GNUARM/bin/../lib/gcc/arm-elf/4.0.2/thumb/interwork/libgcc.a(_muldi3.o)
 .debug_pubnames
                0x0000001f       0x1f /cygdrive/C/cygwin/GNUARM/bin/../lib/gcc/arm-elf/4.0.2/thumb/interwork/libgcc.a(_divdi3.o)
 .debug_pubnames
                0x0000003e       0x20 /cygdrive/C/cygwin/GNUARM/bin/../lib/gcc/arm-elf/4.0.2/thumb/interwork/libgcc.a(_clz.o)
 .debug_pubnames
                0x0000005e       0x1d /cygdrive/C/cygwin/GNUARM/bin/../lib/gcc/arm-elf/4.0.2/../../../../arm-elf/lib/thumb/interwork/libc.a(memcpy.o)
 .debug_pubnames
                0x0000007b       0x1d /cygdrive/C/cygwin/GNUARM/bin/../lib/gcc/arm-elf/4.0.2/../../../../arm-elf/lib/thumb/interwork/libc.a(memset.o)
 .debug_pubnames
                0x00000098       0x1d /cygdrive/C/cygwin/GNUARM/bin/../lib/gcc/arm-elf/4.0.2/../../../../arm-elf/lib/thumb/interwork/libc.a(strcmp.o)
 .debug_pubnames
                0x000000b5       0x1d /cygdrive/C/cygwin/GNUARM/bin/../lib/gcc/arm-elf/4.0.2/../../../../arm-elf/lib/thumb/interwork/libc.a(strcpy.o)
 .debug_pubnames