Archive member included because of file (symbol)

/nxtOSEK/ecrobot/../ecrobot/libecrobot.a(ecrobot_HiTechnic.o)
                              build/unit/BalancerUnit.o (ecrobot_get_gyro_sensor)
/nxtOSEK/ecrobot/../ecrobot/libecrobot.a(ecrobot_interface.o)
                              build/unit/BalancerUnit.o (ecrobot_set_motor_rev)
/nxtOSEK/ecrobot/../ecrobot/libecrobot.a(colorsensor.o)
                              /nxtOSEK/ecrobot/../ecrobot/libecrobot.a(ecrobot_interface.o) (colorsensor_init)
/nxtOSEK/ecrobot/../ecrobot/libecrobot.a(uart.oram)
                              build/config/at91sam7s-gnu/irq.oram (uart_isr_C_0)
/nxtOSEK/ecrobot/../ecrobot/libecrobot.a(systick.oram)
                              build/syslib/at91sam7s-gnu/lego_nxt/hw_sys_timer.oram (systick_low_priority_C)
/nxtOSEK/ecrobot/../ecrobot/libecrobot.a(byte_fifo.oram)
                              /nxtOSEK/ecrobot/../ecrobot/libecrobot.a(uart.oram) (byte_fifo_put)
/nxtOSEK/ecrobot/../ecrobot/libecrobot.a(aic.oram)
                              /nxtOSEK/ecrobot/../ecrobot/libecrobot.a(uart.oram) (aic_set_vector)
/nxtOSEK/ecrobot/../ecrobot/libecrobot.a(udp.oram)
                              build/config/at91sam7s-gnu/irq.oram (udp_isr_C)
/nxtOSEK/ecrobot/../ecrobot/libecrobot.a(twi.oram)
                              build/config/at91sam7s-gnu/irq.oram (twi_isr_C)
/nxtOSEK/ecrobot/../ecrobot/libecrobot.a(nxt_spi.oram)
                              build/config/at91sam7s-gnu/irq.oram (spi_isr_C)
/nxtOSEK/ecrobot/../ecrobot/libecrobot.a(nxt_motors.oram)
                              build/unit/BalancerUnit.o (nxt_motor_get_count)
/nxtOSEK/ecrobot/../ecrobot/libecrobot.a(data_abort.oram)
                              build/ecrobot_init.o (data_abort_C)
/nxtOSEK/ecrobot/../ecrobot/libecrobot.a(display.oram)
                              build/ecrobot_base.o (display_update)
/nxtOSEK/ecrobot/../ecrobot/libecrobot.a(i2c.oram)
                              build/config/at91sam7s-gnu/irq.oram (i2c_timer_isr_C)
/nxtOSEK/ecrobot/../ecrobot/libecrobot.a(sound.oram)
                              /nxtOSEK/ecrobot/../ecrobot/libecrobot.a(ecrobot_interface.o) (sound_get_time)
/nxtOSEK/ecrobot/../ecrobot/libecrobot.a(bt.oram)
                              build/ecrobot_bluetooth.o (bt_send)
/nxtOSEK/ecrobot/../ecrobot/libecrobot.a(nxt_avr.oram)
                              build/ecrobot_base.o (nxt_avr_power_down)
/nxtOSEK/ecrobot/../ecrobot/libecrobot.a(sensors.oram)
                              /nxtOSEK/ecrobot/../ecrobot/libecrobot.a(ecrobot_interface.o) (unset_digi0)
/nxtOSEK/ecrobot/../ecrobot/libecrobot.a(sensors1.oram)
                              /nxtOSEK/ecrobot/../ecrobot/libecrobot.a(colorsensor.o) (sensor_pins)
/nxtOSEK/ecrobot/../ecrobot/libecrobot.a(nxt_lcd.oram)
                              /nxtOSEK/ecrobot/../ecrobot/libecrobot.a(display.oram) (nxt_lcd_force_update)
/nxtOSEK/ecrobot/../ecrobot/libecrobot.a(flash_loader.oram)
                              build/ecrobot_base.o (set_flash_request)
/nxtOSEK/ecrobot/../ecrobot/libecrobot.a(interrupts.oram)
                              /nxtOSEK/ecrobot/../ecrobot/libecrobot.a(uart.oram) (interrupts_get_and_disable)
/nxtOSEK/ecrobot/../ecrobot/libecrobot.a(nxtosek_splash.obmp)
                              build/ecrobot_base.o (nxtosek_splash_bmp_start)
/nxtOSEK/ecrobot/../ecrobot/libecrobot.a(ecrobot_usb.o)
                              /nxtOSEK/ecrobot/../ecrobot/libecrobot.a(flash_loader.oram) (ecrobot_init_usb)
/nxtOSEK/ecrobot/../ecrobot/libecrobot.a(flashprog.oram)
                              /nxtOSEK/ecrobot/../ecrobot/libecrobot.a(flash_loader.oram) (flash_write_page)
/nxtOSEK/ecrobot/../ecrobot/libnxtway_gs_balancer.a(balancer.o)
                              build/unit/BalancerUnit.o (balance_control)
/cygdrive/C/cygwin/GNUARM/bin/../lib/gcc/arm-elf/4.0.2/thumb/interwork/libgcc.a(_udivsi3.o)
                              build/ecrobot_base.o (__udivsi3)
/cygdrive/C/cygwin/GNUARM/bin/../lib/gcc/arm-elf/4.0.2/thumb/interwork/libgcc.a(_divsi3.o)
                              build/unit/TimerUnit.o (__divsi3)
/cygdrive/C/cygwin/GNUARM/bin/../lib/gcc/arm-elf/4.0.2/thumb/interwork/libgcc.a(_umodsi3.o)
                              /nxtOSEK/ecrobot/../ecrobot/libecrobot.a(display.oram) (__umodsi3)
/cygdrive/C/cygwin/GNUARM/bin/../lib/gcc/arm-elf/4.0.2/thumb/interwork/libgcc.a(_modsi3.o)
                              /nxtOSEK/ecrobot/../ecrobot/libecrobot.a(sound.oram) (__modsi3)
/cygdrive/C/cygwin/GNUARM/bin/../lib/gcc/arm-elf/4.0.2/thumb/interwork/libgcc.a(_dvmd_tls.o)
                              /cygdrive/C/cygwin/GNUARM/bin/../lib/gcc/arm-elf/4.0.2/thumb/interwork/libgcc.a(_udivsi3.o) (__div0)
/cygdrive/C/cygwin/GNUARM/bin/../lib/gcc/arm-elf/4.0.2/thumb/interwork/libgcc.a(_addsubdf3.o)
                              /nxtOSEK/ecrobot/../ecrobot/libecrobot.a(colorsensor.o) (__floatsidf)
[...]
Memory Configuration

Name             Origin             Length             Attributes
vector_ram       0x00200000         0x00000040
ram              0x00200040         0x0000ffc0
*default*        0x00000000         0xffffffff

Linker script and memory map

LOAD build/kernel/alarm.o
LOAD build/kernel/event.o
LOAD build/kernel/interrupt.o
LOAD build/kernel/osctl.o
LOAD build/kernel/resource.o
LOAD build/kernel/task.o
LOAD build/kernel/task_manage.o
LOAD build/config/at91sam7s-gnu/cpu_config.o
LOAD build/config/at91sam7s-gnu/lego_nxt/sys_config.o
LOAD build/./kernel_cfg.o
LOAD build/syscalls.o
LOAD build/ecrobot_bluetooth.o
LOAD build/ecrobot_base.o
LOAD build/ecrobot.o
LOAD build/com/balancer_param.o
LOAD build/controller/Runner.o
LOAD build/controller/Monitor.o
LOAD build/controller/RunActions.o
LOAD build/controller/CalibrateActions.o
LOAD build/unit/BumperUnit.o
LOAD build/unit/LineMonitorUnit.o
LOAD build/unit/DisplayUnit.o
LOAD build/unit/HornUnit.o
LOAD build/unit/TimerUnit.o
LOAD build/unit/CommunicationUnit.o
LOAD build/unit/BalancerUnit.o
LOAD build/unit/BlockMonitorUnit.o
LOAD build/controller/initDevice.o
LOAD build/syslib/at91sam7s-gnu/lego_nxt/hw_sys_timer.oram
LOAD build/nxtvm/platform/nxt/vectors.o
LOAD build/config/at91sam7s-gnu/debug.o
LOAD build/config/at91sam7s-gnu/lego_nxt/sys_support.o
LOAD build/nxt_binary_header.o
LOAD build/nxt_entry_point.o
LOAD build/ecrobot_init.o
LOAD build/config/at91sam7s-gnu/cpu_support.oram
LOAD build/config/at91sam7s-gnu/irq.oram
LOAD /nxtOSEK/ecrobot/../c++/liblejososek.a
LOAD /nxtOSEK/ecrobot/../ecrobot/libecrobot.a
LOAD /nxtOSEK/ecrobot/../ecrobot/libnxtway_gs_balancer.a
LOAD /cygdrive/C/cygwin/GNUARM/bin/../lib/gcc/arm-elf/4.0.2/../../../../arm-elf/lib/thumb/interwork/libstdc++.a
LOAD /cygdrive/C/cygwin/GNUARM/bin/../lib/gcc/arm-elf/4.0.2/../../../../arm-elf/lib/thumb/interwork/libm.a
LOAD /cygdrive/C/cygwin/GNUARM/bin/../lib/gcc/arm-elf/4.0.2/thumb/interwork/libgcc.a
LOAD /cygdrive/C/cygwin/GNUARM/bin/../lib/gcc/arm-elf/4.0.2/../../../../arm-elf/lib/thumb/interwork/libc.a
LOAD /cygdrive/C/cygwin/GNUARM/bin/../lib/gcc/arm-elf/4.0.2/thumb/interwork/libgcc.a
                0x00200000                RAM_BASE = 0x200000
                0x00010000                RAM_SIZE = 0x10000

.samba_reserved
                0x00200040     0x1fc0
                0x00202000                . = 0x1fc0
 *fill*         0x00200040     0x1fc0 00
                0x00200040                __samba_ram_start__ = ADDR (.samba_reserved)
                0x00202000                __samba_ram_end__ = (__samba_ram_start__ + SIZEOF (.samba_reserved))

.vectors        0x00200000       0x40 load address 0x00202000
 vectors.o(*.text *.text.*)
 .text          0x00200000       0x38 build/nxtvm/platform/nxt/vectors.o
                0x00200040                . = ALIGN (0x10)
 *fill*         0x00200038        0x8 00
                0x00200000                __vectors_ram_start__ = ADDR (.vectors)
                0x00200040                __vectors_ram_end__ = (ADDR (.vectors) + SIZEOF (.vectors))
                0x00202000                __vectors_load_start__ = LOADADDR (.vectors)
                0x00202040                __vectors_load_end__ = (LOADADDR (.vectors) + SIZEOF (.vectors))

.init           0x00202040      0x280
 *ecrobot_init.o(*.text *.text.*)
 .text          0x00202040      0x280 build/ecrobot_init.o
                0x002021ac                undef_handler
                0x002021b4                prefetch_abort_handler
                0x002021b8                data_abort_handler
                0x002021b0                swi_handler
                0x00202040                start
                0x002021d4                reserved_handler
                0x002022c0                . = ALIGN (0x10)

.ram_text       0x002022c0     0x36f0
                0x002022c0                . = ALIGN (0x10)
 *.oram(*.text *.text.* *.glue*)
 .text.systick_isr_C1
                0x002022c0       0x28 build/syslib/at91sam7s-gnu/lego_nxt/hw_sys_timer.oram
                0x002022c0                systick_isr_C1
 *fill*         0x002022e8        0x8 00
 .text          0x002022f0      0x230 build/config/at91sam7s-gnu/cpu_support.oram
                0x002024d0                enable_int
                0x00202370                start_dispatch
                0x00202330                activate_r
                0x002024c8                disable_int
                0x002022f0                dispatch
                0x0020249c                int_return
                0x0020242c                _interrupt
                0x00202360                exit_and_dispatch
                0x002024d8                nop
 .text          0x00202520      0x2c0 build/config/at91sam7s-gnu/irq.oram
                0x00202520                default_isr
                0x002026ac                uart_isr_entry_0
                0x0020262c                twi_isr_entry
                0x002026ec                uart_isr_entry_1
                0x002025ec                spi_isr_entry
                0x0020256c                systick_low_priority_entry
                0x0020272c                nxt_motor_isr_entry
                0x0020276c                i2c_timer_isr_entry
                0x00202520                default_fiq
                0x00202524                systick_isr_entry
                0x00202520                spurious_isr
                0x0020266c                sound_isr_entry
                0x002025ac                udp_isr_entry
 .text.uart_process_isr
                0x002027e0       0x88 /nxtOSEK/ecrobot/../ecrobot/libecrobot.a(uart.oram)
 .text.uart_isr_C_0
                0x00202868        0xc /nxtOSEK/ecrobot/../ecrobot/libecrobot.a(uart.oram)
                0x00202868                uart_isr_C_0
 .text.uart_isr_C_1
                0x00202874        0xc /nxtOSEK/ecrobot/../ecrobot/libecrobot.a(uart.oram)
                0x00202874                uart_isr_C_1
 .text.systick_low_priority_C
                0x00202880       0x1c /nxtOSEK/ecrobot/../ecrobot/libecrobot.a(systick.oram)
                0x00202880                systick_low_priority_C
 .text.systick_isr_C
                0x0020289c       0x24 /nxtOSEK/ecrobot/../ecrobot/libecrobot.a(systick.oram)
                0x0020289c                systick_isr_C
 .text.systick_get_ms
                0x002028c0        0xc /nxtOSEK/ecrobot/../ecrobot/libecrobot.a(systick.oram)
                0x002028c0                systick_get_ms
 .text.systick_wait_ms
                0x002028cc       0x1c /nxtOSEK/ecrobot/../ecrobot/libecrobot.a(systick.oram)
                0x002028cc                systick_wait_ms
 .text.systick_wait_ns
                0x002028e8       0x1c /nxtOSEK/ecrobot/../ecrobot/libecrobot.a(systick.oram)
                0x002028e8                systick_wait_ns
 .text.systick_init
                0x00202904       0x58 /nxtOSEK/ecrobot/../ecrobot/libecrobot.a(systick.oram)
                0x00202904                systick_init
 .text.systick_suspend
                0x0020295c        0xc /nxtOSEK/ecrobot/../ecrobot/libecrobot.a(systick.oram)
                0x0020295c                systick_suspend
 .text.systick_resume
                0x00202968        0xc /nxtOSEK/ecrobot/../ecrobot/libecrobot.a(systick.oram)
                0x00202968                systick_resume
 .text.byte_fifo_put
                0x00202974       0x58 /nxtOSEK/ecrobot/../ecrobot/libecrobot.a(byte_fifo.oram)
                0x00202974                byte_fifo_put
 .text.byte_fifo_get
                0x002029cc       0x2c /nxtOSEK/ecrobot/../ecrobot/libecrobot.a(byte_fifo.oram)
                0x002029cc                byte_fifo_get
 .text.aic_initialise
                0x002029f8       0x5c /nxtOSEK/ecrobot/../ecrobot/libecrobot.a(aic.oram)
                0x002029f8                aic_initialise
 .text.aic_set_vector
                0x00202a54       0x30 /nxtOSEK/ecrobot/../ecrobot/libecrobot.a(aic.oram)
                0x00202a54                aic_set_vector
 .text.aic_mask_on
                0x00202a84       0x24 /nxtOSEK/ecrobot/../ecrobot/libecrobot.a(aic.oram)
                0x00202a84                aic_mask_on
 .text.aic_mask_off
                0x00202aa8       0x24 /nxtOSEK/ecrobot/../ecrobot/libecrobot.a(aic.oram)
                0x00202aa8                aic_mask_off
 .text.aic_clear
                0x00202acc       0x24 /nxtOSEK/ecrobot/../ecrobot/libecrobot.a(aic.oram)
                0x00202acc                aic_clear
 .text.reset    0x00202af0       0x4c /nxtOSEK/ecrobot/../ecrobot/libecrobot.a(udp.oram)
 .text.udp_send_null
                0x00202b3c       0x2c /nxtOSEK/ecrobot/../ecrobot/libecrobot.a(udp.oram)
 .text.udp_send_stall
                0x00202b68       0x2c /nxtOSEK/ecrobot/../ecrobot/libecrobot.a(udp.oram)
 .text.udp_send_control
                0x00202b94       0x60 /nxtOSEK/ecrobot/../ecrobot/libecrobot.a(udp.oram)
 .text.udp_isr_C
                0x00202bf4      0x7d0 /nxtOSEK/ecrobot/../ecrobot/libecrobot.a(udp.oram)
                0x00202bf4                udp_isr_C
 .text.twi_status
                0x002033c4       0x20 /nxtOSEK/ecrobot/../ecrobot/libecrobot.a(twi.oram)
                0x002033c4                twi_status
 .text.twi_isr_C
                0x002033e4       0xc4 /nxtOSEK/ecrobot/../ecrobot/libecrobot.a(twi.oram)
                0x002033e4                twi_isr_C
 .text.twi_reset
                0x002034a8       0xb4 /nxtOSEK/ecrobot/../ecrobot/libecrobot.a(twi.oram)
                0x002034a8                twi_reset
 .text.twi_init
                0x0020355c       0x4c /nxtOSEK/ecrobot/../ecrobot/libecrobot.a(twi.oram)
                0x0020355c                twi_init
 .text.twi_start_read
                0x002035a8       0x60 /nxtOSEK/ecrobot/../ecrobot/libecrobot.a(twi.oram)
                0x002035a8                twi_start_read
 .text.twi_start_write
                0x00203608       0x64 /nxtOSEK/ecrobot/../ecrobot/libecrobot.a(twi.oram)
                0x00203608                twi_start_write
 .text.spi_set_mode
                0x0020366c       0x40 /nxtOSEK/ecrobot/../ecrobot/libecrobot.a(nxt_spi.oram)
 .text.spi_isr_C
                0x002036ac       0x8c /nxtOSEK/ecrobot/../ecrobot/libecrobot.a(nxt_spi.oram)
                0x002036ac                spi_isr_C
 .text.nxt_spi_init
                0x00203738      0x12c /nxtOSEK/ecrobot/../ecrobot/libecrobot.a(nxt_spi.oram)
                0x00203738                nxt_spi_init
 .text.nxt_spi_write
                0x00203864       0x44 /nxtOSEK/ecrobot/../ecrobot/libecrobot.a(nxt_spi.oram)
                0x00203864                nxt_spi_write
 .text.nxt_spi_set_display
                0x002038a8       0x10 /nxtOSEK/ecrobot/../ecrobot/libecrobot.a(nxt_spi.oram)
                0x002038a8                nxt_spi_set_display
 .text.nxt_spi_refresh
                0x002038b8       0x24 /nxtOSEK/ecrobot/../ecrobot/libecrobot.a(nxt_spi.oram)
                0x002038b8                nxt_spi_refresh
 .text.nxt_motor_get_count
                0x002038dc       0x14 /nxtOSEK/ecrobot/../ecrobot/libecrobot.a(nxt_motors.oram)
                0x002038dc                nxt_motor_get_count
 .text.nxt_motor_set_count
                0x002038f0       0x10 /nxtOSEK/ecrobot/../ecrobot/libecrobot.a(nxt_motors.oram)
                0x002038f0                nxt_motor_set_count
 .text.nxt_motor_set_speed
                0x00203900       0x34 /nxtOSEK/ecrobot/../ecrobot/libecrobot.a(nxt_motors.oram)
                0x00203900                nxt_motor_set_speed
 .text.nxt_motor_1kHz_process
                0x00203934       0x28 /nxtOSEK/ecrobot/../ecrobot/libecrobot.a(nxt_motors.oram)
                0x00203934                nxt_motor_1kHz_process
 .text.nxt_motor_quad_decode
                0x0020395c       0x30 /nxtOSEK/ecrobot/../ecrobot/libecrobot.a(nxt_motors.oram)
                0x0020395c                nxt_motor_quad_decode
 .text.nxt_motor_isr_C
                0x0020398c       0x88 /nxtOSEK/ecrobot/../ecrobot/libecrobot.a(nxt_motors.oram)
                0x0020398c                nxt_motor_isr_C
 .text.nxt_motor_init
                0x00203a14       0x68 /nxtOSEK/ecrobot/../ecrobot/libecrobot.a(nxt_motors.oram)
                0x00203a14                nxt_motor_init
 .text.data_abort_C
                0x00203a7c       0x7c /nxtOSEK/ecrobot/../ecrobot/libecrobot.a(data_abort.oram)
                0x00203a7c                data_abort_C
 .text.display_update
                0x00203af8       0x14 /nxtOSEK/ecrobot/../ecrobot/libecrobot.a(display.oram)
                0x00203af8                display_update
 .text.display_force_update
                0x00203b0c        0xc /nxtOSEK/ecrobot/../ecrobot/libecrobot.a(display.oram)
                0x00203b0c                display_force_update
 .text.display_clear
                0x00203b18       0x24 /nxtOSEK/ecrobot/../ecrobot/libecrobot.a(display.oram)
                0x00203b18                display_clear
 .text.display_goto_xy
                0x00203b3c       0x14 /nxtOSEK/ecrobot/../ecrobot/libecrobot.a(display.oram)
                0x00203b3c                display_goto_xy
 .text.display_char
                0x00203b50       0x60 /nxtOSEK/ecrobot/../ecrobot/libecrobot.a(display.oram)
                0x00203b50                display_char
 .text.display_string
                0x00203bb0       0x3c /nxtOSEK/ecrobot/../ecrobot/libecrobot.a(display.oram)
                0x00203bb0                display_string
 .text.display_hex
                0x00203bec       0x50 /nxtOSEK/ecrobot/../ecrobot/libecrobot.a(display.oram)
                0x00203bec                display_hex
 .text.display_unsigned_worker
                0x00203c3c       0x70 /nxtOSEK/ecrobot/../ecrobot/libecrobot.a(display.oram)
 .text.display_unsigned
                0x00203cac        0xc /nxtOSEK/ecrobot/../ecrobot/libecrobot.a(display.oram)
                0x00203cac                display_unsigned
 .text.display_bitmap_copy
                0x00203cb8       0x5c /nxtOSEK/ecrobot/../ecrobot/libecrobot.a(display.oram)
                0x00203cb8                display_bitmap_copy
 .text.display_init
                0x00203d14       0x50 /nxtOSEK/ecrobot/../ecrobot/libecrobot.a(display.oram)
                0x00203d14                display_init
 .text.i2c_timer_isr_C
                0x00203d64      0x314 /nxtOSEK/ecrobot/../ecrobot/libecrobot.a(i2c.oram)
                0x00203d64                i2c_timer_isr_C
 .text.i2c_disable
                0x00204078       0x20 /nxtOSEK/ecrobot/../ecrobot/libecrobot.a(i2c.oram)
                0x00204078                i2c_disable
 .text.i2c_enable
                0x00204098       0x40 /nxtOSEK/ecrobot/../ecrobot/libecrobot.a(i2c.oram)
                0x00204098                i2c_enable
 .text.i2c_init
                0x002040d8       0xa4 /nxtOSEK/ecrobot/../ecrobot/libecrobot.a(i2c.oram)
                0x002040d8                i2c_init
 .text.i2c_busy
                0x0020417c       0x24 /nxtOSEK/ecrobot/../ecrobot/libecrobot.a(i2c.oram)
                0x0020417c                i2c_busy
 .text.i2c_start_transaction
                0x002041a0      0x108 /nxtOSEK/ecrobot/../ecrobot/libecrobot.a(i2c.oram)
                0x002041a0                i2c_start_transaction
 .text.set_vol  0x002042a8       0xa4 /nxtOSEK/ecrobot/../ecrobot/libecrobot.a(sound.oram)
 .text.sound_fill_sample_buffer
                0x0020434c       0xe4 /nxtOSEK/ecrobot/../ecrobot/libecrobot.a(sound.oram)
                0x0020434c                sound_fill_sample_buffer
 .text.sound_freq_vol
                0x00204430      0x1e4 /nxtOSEK/ecrobot/../ecrobot/libecrobot.a(sound.oram)
                0x00204430                sound_freq_vol
 .text.sound_init
                0x00204614       0xa0 /nxtOSEK/ecrobot/../ecrobot/libecrobot.a(sound.oram)
                0x00204614                sound_init
 .text.sound_isr_C
                0x002046b4      0x144 /nxtOSEK/ecrobot/../ecrobot/libecrobot.a(sound.oram)
                0x002046b4                sound_isr_C
 .text.bt_init  0x002047f8      0x1c0 /nxtOSEK/ecrobot/../ecrobot/libecrobot.a(bt.oram)
                0x002047f8                bt_init
 .text.bt_send  0x002049b8       0x5c /nxtOSEK/ecrobot/../ecrobot/libecrobot.a(bt.oram)
                0x002049b8                bt_send
 .text.bt_write
                0x00204a14       0x70 /nxtOSEK/ecrobot/../ecrobot/libecrobot.a(bt.oram)
                0x00204a14                bt_write
 .text.bt_pending
                0x00204a84       0x50 /nxtOSEK/ecrobot/../ecrobot/libecrobot.a(bt.oram)
                0x00204a84                bt_pending
 .text.bt_clear_arm7_cmd
                0x00204ad4       0x10 /nxtOSEK/ecrobot/../ecrobot/libecrobot.a(bt.oram)
                0x00204ad4                bt_clear_arm7_cmd
 .text.bt_set_arm7_cmd
                0x00204ae4       0x10 /nxtOSEK/ecrobot/../ecrobot/libecrobot.a(bt.oram)
                0x00204ae4                bt_set_arm7_cmd
 .text.bt_receive
                0x00204af4      0x160 /nxtOSEK/ecrobot/../ecrobot/libecrobot.a(bt.oram)
                0x00204af4                bt_receive
 .text.bt_reset
                0x00204c54       0x84 /nxtOSEK/ecrobot/../ecrobot/libecrobot.a(bt.oram)
                0x00204c54                bt_reset
 .text.nxt_avr_power_down
                0x00204cd8       0x10 /nxtOSEK/ecrobot/../ecrobot/libecrobot.a(nxt_avr.oram)
                0x00204cd8                nxt_avr_power_down
 .text.nxt_avr_link_init
                0x00204ce8       0x20 /nxtOSEK/ecrobot/../ecrobot/libecrobot.a(nxt_avr.oram)
                0x00204ce8                nxt_avr_link_init
 .text.nxt_avr_init
                0x00204d08       0x6c /nxtOSEK/ecrobot/../ecrobot/libecrobot.a(nxt_avr.oram)
                0x00204d08                nxt_avr_init
 .text.nxt_avr_1kHz_update
                0x00204d74      0x1cc /nxtOSEK/ecrobot/../ecrobot/libecrobot.a(nxt_avr.oram)
                0x00204d74                nxt_avr_1kHz_update
 .text.buttons_get
                0x00204f40        0xc /nxtOSEK/ecrobot/../ecrobot/libecrobot.a(nxt_avr.oram)
                0x00204f40                buttons_get
 .text.battery_voltage
                0x00204f4c       0x28 /nxtOSEK/ecrobot/../ecrobot/libecrobot.a(nxt_avr.oram)
                0x00204f4c                battery_voltage
 .text.sensor_adc
                0x00204f74       0x20 /nxtOSEK/ecrobot/../ecrobot/libecrobot.a(nxt_avr.oram)
                0x00204f74                sensor_adc
 .text.nxt_avr_set_motor
                0x00204f94       0x34 /nxtOSEK/ecrobot/../ecrobot/libecrobot.a(nxt_avr.oram)
                0x00204f94                nxt_avr_set_motor
 .text.nxt_avr_set_input_power
                0x00204fc8       0x3c /nxtOSEK/ecrobot/../ecrobot/libecrobot.a(nxt_avr.oram)
                0x00204fc8                nxt_avr_set_input_power
 .text.unset_digi0
                0x00205004       0x44 /nxtOSEK/ecrobot/../ecrobot/libecrobot.a(sensors.oram)
                0x00205004                unset_digi0
 .text.unset_digi1
                0x00205048       0x44 /nxtOSEK/ecrobot/../ecrobot/libecrobot.a(sensors.oram)
                0x00205048                unset_digi1
 .text.init_sensors
                0x0020508c       0x4c /nxtOSEK/ecrobot/../ecrobot/libecrobot.a(sensors.oram)
                0x0020508c                init_sensors
 .text.set_digi0
                0x002050d8       0x44 /nxtOSEK/ecrobot/../ecrobot/libecrobot.a(sensors.oram)
                0x002050d8                set_digi0
 .text.nxt_lcd_command
                0x0020511c       0x18 /nxtOSEK/ecrobot/../ecrobot/libecrobot.a(nxt_lcd.oram)
                0x0020511c                nxt_lcd_command
 .text.nxt_lcd_set_col
                0x00205134       0x24 /nxtOSEK/ecrobot/../ecrobot/libecrobot.a(nxt_lcd.oram)
                0x00205134                nxt_lcd_set_col
 .text.nxt_lcd_set_multiplex_rate
                0x00205158       0x18 /nxtOSEK/ecrobot/../ecrobot/libecrobot.a(nxt_lcd.oram)
                0x00205158                nxt_lcd_set_multiplex_rate
 .text.nxt_lcd_set_page_address
                0x00205170       0x18 /nxtOSEK/ecrobot/../ecrobot/libecrobot.a(nxt_lcd.oram)
                0x00205170                nxt_lcd_set_page_address
 .text.nxt_lcd_set_pot
                0x00205188       0x1c /nxtOSEK/ecrobot/../ecrobot/libecrobot.a(nxt_lcd.oram)
                0x00205188                nxt_lcd_set_pot
 .text.nxt_lcd_set_ram_address_control
                0x002051a4       0x18 /nxtOSEK/ecrobot/../ecrobot/libecrobot.a(nxt_lcd.oram)
                0x002051a4                nxt_lcd_set_ram_address_control
 .text.nxt_lcd_enable
                0x002051bc       0x14 /nxtOSEK/ecrobot/../ecrobot/libecrobot.a(nxt_lcd.oram)
                0x002051bc                nxt_lcd_enable
 .text.nxt_lcd_set_map_control
                0x002051d0       0x18 /nxtOSEK/ecrobot/../ecrobot/libecrobot.a(nxt_lcd.oram)
                0x002051d0                nxt_lcd_set_map_control
 .text.nxt_lcd_reset
                0x002051e8        0xc /nxtOSEK/ecrobot/../ecrobot/libecrobot.a(nxt_lcd.oram)
                0x002051e8                nxt_lcd_reset
 .text.nxt_lcd_set_bias_ratio
                0x002051f4       0x18 /nxtOSEK/ecrobot/../ecrobot/libecrobot.a(nxt_lcd.oram)
                0x002051f4                nxt_lcd_set_bias_ratio
 .text.nxt_lcd_force_update
                0x0020520c       0x30 /nxtOSEK/ecrobot/../ecrobot/libecrobot.a(nxt_lcd.oram)
                0x0020520c                nxt_lcd_force_update
 .text.nxt_lcd_update
                0x0020523c        0xc /nxtOSEK/ecrobot/../ecrobot/libecrobot.a(nxt_lcd.oram)
                0x0020523c                nxt_lcd_update
 .text.nxt_lcd_power_up
                0x00205248       0x48 /nxtOSEK/ecrobot/../ecrobot/libecrobot.a(nxt_lcd.oram)
                0x00205248                nxt_lcd_power_up
 .text.nxt_lcd_power_down
                0x00205290        0xc /nxtOSEK/ecrobot/../ecrobot/libecrobot.a(nxt_lcd.oram)
                0x00205290                nxt_lcd_power_down
 .text.nxt_lcd_init
                0x0020529c       0x18 /nxtOSEK/ecrobot/../ecrobot/libecrobot.a(nxt_lcd.oram)
                0x0020529c                nxt_lcd_init
 .text.verify_flash_page
                0x002052b4       0x34 /nxtOSEK/ecrobot/../ecrobot/libecrobot.a(flash_loader.oram)
 .text.set_flash_request
                0x002052e8       0x38 /nxtOSEK/ecrobot/../ecrobot/libecrobot.a(flash_loader.oram)
                0x002052e8                set_flash_request
 .text.nxt_device_init
                0x00205320       0x38 /nxtOSEK/ecrobot/../ecrobot/libecrobot.a(flash_loader.oram)
                0x00205320                nxt_device_init
 .text          0x00205358       0x68 /nxtOSEK/ecrobot/../ecrobot/libecrobot.a(interrupts.oram)
                0x002053b0                fiq_enable
                0x00205358                interrupts_get_and_disable
                0x0020538c                fiq_get_and_disable
                0x0020537c                interrupts_enable
 .text.flash_write_page
                0x002053c0       0xc0 /nxtOSEK/ecrobot/../ecrobot/libecrobot.a(flashprog.oram)
                0x002053c0                flash_write_page
                0x00205480                . = ALIGN (0x10)
 *.oram(*.rodata *.rodata.*)
 .rodata.ld     0x00205480        0x4 /nxtOSEK/ecrobot/../ecrobot/libecrobot.a(udp.oram)
 .rodata.cfd    0x00205484       0x20 /nxtOSEK/ecrobot/../ecrobot/libecrobot.a(udp.oram)
 .rodata.dd     0x002054a4       0x12 /nxtOSEK/ecrobot/../ecrobot/libecrobot.a(udp.oram)
 *fill*         0x002054b6        0x2 00
 .rodata.str1.4
                0x002054b8       0x22 /nxtOSEK/ecrobot/../ecrobot/libecrobot.a(data_abort.oram)
                                 0x24 (size before relaxing)
 .rodata.font   0x002054da      0x280 /nxtOSEK/ecrobot/../ecrobot/libecrobot.a(display.oram)
 *fill*         0x0020575a        0x2 00
 .rodata.str1.4
                0x0020575c       0x76 /nxtOSEK/ecrobot/../ecrobot/libecrobot.a(display.oram)
                                 0x78 (size before relaxing)
 *fill*         0x002057d2        0x2 00
 .rodata.i2c_pin
                0x002057d4       0x20 /nxtOSEK/ecrobot/../ecrobot/libecrobot.a(i2c.oram)
 .rodata.i2c_timer_isr_C
                0x002057f4       0x38 /nxtOSEK/ecrobot/../ecrobot/libecrobot.a(i2c.oram)
 .rodata.logvol
                0x0020582c        0xc /nxtOSEK/ecrobot/../ecrobot/libecrobot.a(sound.oram)
                0x0020582c                logvol
 .rodata.silence
                0x00205838       0x40 /nxtOSEK/ecrobot/../ecrobot/libecrobot.a(sound.oram)
                0x00205838                silence
 .rodata.sine   0x00205878       0x10 /nxtOSEK/ecrobot/../ecrobot/libecrobot.a(sound.oram)
                0x00205878                sine
 .rodata.sample_pattern
                0x00205888       0x84 /nxtOSEK/ecrobot/../ecrobot/libecrobot.a(sound.oram)
                0x00205888                sample_pattern
 .rodata        0x0020590c        0xc /nxtOSEK/ecrobot/../ecrobot/libecrobot.a(sound.oram)
 .rodata.avr_brainwash_string
                0x00205918       0x30 /nxtOSEK/ecrobot/../ecrobot/libecrobot.a(nxt_avr.oram)
                0x00205918                avr_brainwash_string
 .rodata.nxt_avr_1kHz_update
                0x00205948       0x14 /nxtOSEK/ecrobot/../ecrobot/libecrobot.a(nxt_avr.oram)
 .rodata.C.33.1823
                0x0020595c       0x10 /nxtOSEK/ecrobot/../ecrobot/libecrobot.a(sensors.oram)
 .rodata.C.37.1857
                0x0020596c       0x10 /nxtOSEK/ecrobot/../ecrobot/libecrobot.a(sensors.oram)
 .rodata.C.31.1806
                0x0020597c       0x10 /nxtOSEK/ecrobot/../ecrobot/libecrobot.a(sensors.oram)
 .rodata.str1.4
                0x0020598c       0x23 /nxtOSEK/ecrobot/../ecrobot/libecrobot.a(flash_loader.oram)
                                 0x24 (size before relaxing)
                0x002059b0                . = ALIGN (0x10)
 *fill*         0x002059af        0x1 00
                0x002022c0                __ramtext_ram_start__ = ADDR (.ram_text)
                0x002059b0                __ramtext_ram_end__ = (ADDR (.ram_text) + SIZEOF (.ram_text))
                0x002022c0                __ramtext_load_start__ = LOADADDR (.ram_text)
                0x002059b0                __ramtext_load_end__ = (__ramtext_load_start__ + SIZEOF (.ram_text))

.wav_data       0x002059b0        0x0
 *.owav(*.data *.data.*)
                0x002059b0                . = ALIGN (0x10)

.bmp_data       0x002059b0      0x440
 *.obmp(*.data *.data.*)
 .data          0x002059b0      0x43e /nxtOSEK/ecrobot/../ecrobot/libecrobot.a(nxtosek_splash.obmp)
                0x002059b0                nxtosek_splash_bmp_start
                0x00205dee                nxtosek_splash_bmp_end
                0x00205df0                . = ALIGN (0x10)
 *fill*         0x00205dee        0x2 00

.spr_data       0x00205df0        0x0
 *.ospr(*.data *.data.*)
                0x00205df0                . = ALIGN (0x10)

.data           0x00205df0       0xa0
 *(*.data *.data.*)
 .data.bt_status
                0x00205df0        0x1 build/ecrobot_bluetooth.o
 *fill*         0x00205df1        0x3 00
 .data.K_THETADOT
                0x00205df4        0x4 build/com/balancer_param.o
                0x00205df4                K_THETADOT
 .data.K_PHIDOT
                0x00205df8        0x4 build/com/balancer_param.o
                0x00205df8                K_PHIDOT
 .data.K_I      0x00205dfc        0x4 build/com/balancer_param.o
                0x00205dfc                K_I
 .data.K_F      0x00205e00       0x10 build/com/balancer_param.o
                0x00205e00                K_F
 .data.A_R      0x00205e10        0x4 build/com/balancer_param.o
                0x00205e10                A_R
 .data.A_D      0x00205e14        0x4 build/com/balancer_param.o
                0x00205e14                A_D
 .data.TU_interval
                0x00205e18        0x4 build/unit/TimerUnit.o
 .data.distance_state
                0x00205e1c       0x10 /nxtOSEK/ecrobot/../ecrobot/libecrobot.a(ecrobot_interface.o)
 .data.deviceStatus
                0x00205e2c        0x1 /nxtOSEK/ecrobot/../ecrobot/libecrobot.a(ecrobot_interface.o)
 .bss.data.2752
                0x00205e2d        0x4 /nxtOSEK/ecrobot/../ecrobot/libecrobot.a(ecrobot_interface.o)
 .data.named    0x00205e31       0x22 /nxtOSEK/ecrobot/../ecrobot/libecrobot.a(udp.oram)
 .data.snd      0x00205e53       0x1a /nxtOSEK/ecrobot/../ecrobot/libecrobot.a(udp.oram)
 *fill*         0x00205e6d        0x3 00
 .data.configured
                0x00205e70        0x4 /nxtOSEK/ecrobot/../ecrobot/libecrobot.a(udp.oram)
 .data.mode     0x00205e74        0x1 /nxtOSEK/ecrobot/../ecrobot/libecrobot.a(nxt_spi.oram)
                0x00205e74                mode
 *fill*         0x00205e75        0x3 00
 .bss.data      0x00205e78        0x4 /nxtOSEK/ecrobot/../ecrobot/libecrobot.a(nxt_spi.oram)
                0x00205e78                data
 .data.display_auto_update
                0x00205e7c        0x4 /nxtOSEK/ecrobot/../ecrobot/libecrobot.a(display.oram)
                0x00205e7c                display_auto_update
 .data.display_buffer
                0x00205e80        0x4 /nxtOSEK/ecrobot/../ecrobot/libecrobot.a(display.oram)
                0x00205e90                . = ALIGN (0x10)
 *fill*         0x00205e84        0xc 00
                0x00205df0                __data_ram_start__ = ADDR (.data)
                0x00205e90                __data_ram_end__ = (ADDR (.data) + SIZEOF (.data))
                0x00205df0                __data_load_start__ = LOADADDR (.data)
                0x00205e90                __data_load_end__ = (__data_load_start__ + SIZEOF (.data))

.text           0x00205e90     0x2db0
                0x00205e90                . = ALIGN (0x10)
 *(*.text *.text.* *.glue*)
 .text.enqueue_alarm
                0x00205e90       0x90 build/kernel/alarm.o
 .text.alarm_initialize
                0x00205f20       0x98 build/kernel/alarm.o
                0x00205f20                alarm_initialize
 .text.SignalCounter
                0x00205fb8      0x134 build/kernel/alarm.o
                0x00205fb8                SignalCounter
 .text.StartOS  0x002060ec       0x58 build/kernel/osctl.o
                0x002060ec                StartOS
 .text.ShutdownOS
                0x00206144       0x4c build/kernel/osctl.o
                0x00206144                ShutdownOS
 .text.call_pretaskhook
                0x00206190       0x24 build/kernel/osctl.o
                0x00206190                call_pretaskhook
 .text.call_errorhook
                0x002061b4       0x78 build/kernel/osctl.o
                0x002061b4                call_errorhook
 .text.call_posttaskhook
                0x0020622c       0x24 build/kernel/osctl.o
                0x0020622c                call_posttaskhook
 .text.search_schedtsk
                0x00206250       0x94 build/kernel/task.o
                0x00206250                search_schedtsk
 .text.make_runnable
                0x002062e4       0xac build/kernel/task.o
                0x002062e4                make_runnable
 .text.make_active
                0x00206390       0x78 build/kernel/task.o
                0x00206390                make_active
 .text.task_initialize
                0x00206408       0x90 build/kernel/task.o
                0x00206408                task_initialize
 .text.ActivateTask
                0x00206498       0x8c build/kernel/task_manage.o
                0x00206498                ActivateTask
 .text.TerminateTask
                0x00206524       0x74 build/kernel/task_manage.o
                0x00206524                TerminateTask
 .text.cpu_initialize
                0x00206598        0x4 build/config/at91sam7s-gnu/cpu_config.o
                0x00206598                cpu_initialize
 .text.cpu_terminate
                0x0020659c        0x4 build/config/at91sam7s-gnu/cpu_config.o
                0x0020659c                cpu_terminate
 .text.sys_initialize
                0x002065a0        0x4 build/config/at91sam7s-gnu/lego_nxt/sys_config.o
                0x002065a0                sys_initialize
 .text.sys_exit
                0x002065a4        0x4 build/config/at91sam7s-gnu/lego_nxt/sys_config.o
                0x002065a4                sys_exit
 .text._activate_alarm_task_balance
                0x002065a8        0xc build/./kernel_cfg.o
 .text._activate_alarm_task_action
                0x002065b4        0xc build/./kernel_cfg.o
 .text._activate_alarm_task_display
                0x002065c0        0xc build/./kernel_cfg.o
 .text.object_initialize
                0x002065cc       0x10 build/./kernel_cfg.o
                0x002065cc                object_initialize
 .text.close_bt_stream
                0x002065dc       0x2c build/ecrobot_bluetooth.o
 .text.ecrobot_send_bt_packet
                0x00206608       0x54 build/ecrobot_bluetooth.o
                0x00206608                ecrobot_send_bt_packet
 .text.ecrobot_read_bt_packet
                0x0020665c       0x4c build/ecrobot_bluetooth.o
                0x0020665c                ecrobot_read_bt_packet
 .text.send_bt_command
                0x002066a8       0x40 build/ecrobot_bluetooth.o
 .text.ecrobot_term_bt_connection
                0x002066e8       0x48 build/ecrobot_bluetooth.o
                0x002066e8                ecrobot_term_bt_connection
 .text.read_bt_command
                0x00206730       0x5c build/ecrobot_bluetooth.o
 .text.open_bt_stream
                0x0020678c       0x50 build/ecrobot_bluetooth.o
 .text.ecrobot_get_bt_device_address
                0x002067dc       0x6c build/ecrobot_bluetooth.o
                0x002067dc                ecrobot_get_bt_device_address
 .text.ecrobot_init_bt_master
                0x00206848      0x108 build/ecrobot_bluetooth.o
                0x00206848                ecrobot_init_bt_master
 .text.ecrobot_init_bt_slave
                0x00206950      0x12c build/ecrobot_bluetooth.o
                0x00206950                ecrobot_init_bt_slave
 .text.init_OS_flag
                0x00206a7c        0xc build/ecrobot_base.o
                0x00206a7c                init_OS_flag
 .text.set_OS_flag
                0x00206a88        0xc build/ecrobot_base.o
                0x00206a88                set_OS_flag
 .text.get_OS_flag
                0x00206a94        0xc build/ecrobot_base.o
                0x00206a94                get_OS_flag
 .text.cpp_constructor
                0x00206aa0       0x28 build/ecrobot_base.o
                0x00206aa0                cpp_constructor
 .text.cpp_destructor
                0x00206ac8       0x28 build/ecrobot_base.o
                0x00206ac8                cpp_destructor
 .text.execution_mode
                0x00206af0       0x24 build/ecrobot_base.o
                0x00206af0                execution_mode
 .text.show_main_screen
                0x00206b14       0x48 build/ecrobot_base.o
                0x00206b14                show_main_screen
 .text.display_status_bar
                0x00206b5c       0x5c build/ecrobot_base.o
                0x00206b5c                display_status_bar
 .text.restart_NXT
                0x00206bb8       0x2c build/ecrobot_base.o
                0x00206bb8                restart_NXT
 .text.shutdown_NXT
                0x00206be4       0x2c build/ecrobot_base.o
                0x00206be4                shutdown_NXT
 .text.check_NXT_buttons
                0x00206c10       0x38 build/ecrobot_base.o
                0x00206c10                check_NXT_buttons
 .text.show_bd_addr
                0x00206c48       0x44 build/ecrobot_base.o
                0x00206c48                show_bd_addr
 .text.show_bd_addr_err
                0x00206c8c       0x3c build/ecrobot_base.o
                0x00206c8c                show_bd_addr_err
 .text.add_status_info
                0x00206cc8       0x68 build/ecrobot_base.o
                0x00206cc8                add_status_info
 .text.show_splash_screen
                0x00206d30       0x90 build/ecrobot_base.o
                0x00206d30                show_splash_screen
 .text.main     0x00206dc0      0x10c build/ecrobot.o
                0x00206dc0                main
 .text.RN_post  0x00206ecc       0x10 build/controller/Runner.o
                0x00206ecc                RN_post
 .text.RN_get_state
                0x00206edc        0xc build/controller/Runner.o
                0x00206edc                RN_get_state
 .text.RN_pre   0x00206ee8       0x18 build/controller/Runner.o
                0x00206ee8                RN_pre
 .text.RN_calibrate
                0x00206f00       0x18 build/controller/Runner.o
                0x00206f00                RN_calibrate
 .text.RN_rady  0x00206f18       0x18 build/controller/Runner.o
                0x00206f18                RN_rady
 .text.RN_run   0x00206f30       0x1c build/controller/Runner.o
                0x00206f30                RN_run
 .text.RN_do_run
                0x00206f4c       0x2c build/controller/Runner.o
                0x00206f4c                RN_do_run
 .text.TaskMainActionTask
                0x00206f78       0x10 build/controller/Runner.o
                0x00206f78                TaskMainActionTask
 .text.M_inform
                0x00206f88       0xc0 build/controller/Monitor.o
                0x00206f88                M_inform
 .text.TaskMainDisplayTask
                0x00207048       0x10 build/controller/Monitor.o
                0x00207048                TaskMainDisplayTask
 .text.RA_post  0x00207058       0x10 build/controller/RunActions.o
                0x00207058                RA_post
 .text.RA_get_state
                0x00207068        0xc build/controller/RunActions.o
                0x00207068                RA_get_state
 .text.RA_is_exit
                0x00207074       0x14 build/controller/RunActions.o
                0x00207074                RA_is_exit
 .text.RA_linetrace
                0x00207088       0x2c build/controller/RunActions.o
                0x00207088                RA_linetrace
 .text.RA_stop  0x002070b4        0xc build/controller/RunActions.o
                0x002070b4                RA_stop
 .text.RA_turn_right
                0x002070c0       0x14 build/controller/RunActions.o
                0x002070c0                RA_turn_right
 .text.RA_pre   0x002070d4       0x2c build/controller/RunActions.o
                0x002070d4                RA_pre
 .text.RA_watch_block_tracing
                0x00207100       0x30 build/controller/RunActions.o
                0x00207100                RA_watch_block_tracing
 .text.RA_turn  0x00207130       0x24 build/controller/RunActions.o
                0x00207130                RA_turn
 .text.RA_turn_in_white
                0x00207154       0x28 build/controller/RunActions.o
                0x00207154                RA_turn_in_white
 .text.RA_watch_goal_tracing
                0x0020717c       0x30 build/controller/RunActions.o
                0x0020717c                RA_watch_goal_tracing
 .text.RA_wait_pre_start_conf
                0x002071ac       0x20 build/controller/RunActions.o
                0x002071ac                RA_wait_pre_start_conf
 .text.RA_wait_start_conf
                0x002071cc       0x20 build/controller/RunActions.o
                0x002071cc                RA_wait_start_conf
 .text.RA_do_running
                0x002071ec       0x40 build/controller/RunActions.o
                0x002071ec                RA_do_running
 .text.CA_pre   0x0020722c       0x10 build/controller/CalibrateActions.o
                0x0020722c                CA_pre
 .text.CA_post  0x0020723c       0x10 build/controller/CalibrateActions.o
                0x0020723c                CA_post
 .text.CA_set_threshold
                0x0020724c       0x2c build/controller/CalibrateActions.o
                0x0020724c                CA_set_threshold
 .text.BU_is_touched
                0x00207278        0xc build/unit/BumperUnit.o
                0x00207278                BU_is_touched
 .text.BU_is_clicked
                0x00207284       0x38 build/unit/BumperUnit.o
                0x00207284                BU_is_clicked
 .text.LMU_set_threshold
                0x002072bc        0xc build/unit/LineMonitorUnit.o
                0x002072bc                LMU_set_threshold
 .text.LMU_set_white_value
                0x002072c8        0xc build/unit/LineMonitorUnit.o
                0x002072c8                LMU_set_white_value
 .text.LMU_get_white_value
                0x002072d4        0xc build/unit/LineMonitorUnit.o
                0x002072d4                LMU_get_white_value
 .text.LMU_set_gray_value
                0x002072e0        0xc build/unit/LineMonitorUnit.o
                0x002072e0                LMU_set_gray_value
 .text.LMU_get_gray_value
                0x002072ec        0xc build/unit/LineMonitorUnit.o
                0x002072ec                LMU_get_gray_value
 .text.LMU_set_black_value
                0x002072f8        0xc build/unit/LineMonitorUnit.o
                0x002072f8                LMU_set_black_value
 .text.LMU_get_black_value
                0x00207304        0xc build/unit/LineMonitorUnit.o
                0x00207304                LMU_get_black_value
 .text.LMU_is_online
                0x00207310       0x2c build/unit/LineMonitorUnit.o
                0x00207310                LMU_is_online
 .text.LMU_is_line_value
                0x0020733c        0xc build/unit/LineMonitorUnit.o
                0x0020733c                LMU_is_line_value
 .text.LMU_pre  0x00207348        0xc build/unit/LineMonitorUnit.o
                0x00207348                LMU_pre
 .text.LMU_post
                0x00207354        0xc build/unit/LineMonitorUnit.o
                0x00207354                LMU_post
 .text.DU_show_string
                0x00207360       0x18 build/unit/DisplayUnit.o
                0x00207360                DU_show_string
 .text.DU_show_number
                0x00207378       0x1c build/unit/DisplayUnit.o
                0x00207378                DU_show_number
 .text.HU_ok_sound
                0x00207394       0x48 build/unit/HornUnit.o
                0x00207394                HU_ok_sound
 .text.AlarmMainCountTimer
                0x002073dc       0x4c build/unit/TimerUnit.o
                0x002073dc                AlarmMainCountTimer
 .text.CU_set_sendMSG
                0x00207428        0xc build/unit/CommunicationUnit.o
                0x00207428                CU_set_sendMSG
 .text.CU_set_recvMSG
                0x00207434        0xc build/unit/CommunicationUnit.o
                0x00207434                CU_set_recvMSG
 .text.CU_set_mode
                0x00207440       0x28 build/unit/CommunicationUnit.o
                0x00207440                CU_set_mode
 .text.CU_send_mail
                0x00207468       0x28 build/unit/CommunicationUnit.o
                0x00207468                CU_send_mail
 .text.CU_is_received
                0x00207490       0x34 build/unit/CommunicationUnit.o
                0x00207490                CU_is_received
 .text.CU_pre   0x002074c4       0x2c build/unit/CommunicationUnit.o
                0x002074c4                CU_pre
 .text.CU_post  0x002074f0        0xc build/unit/CommunicationUnit.o
                0x002074f0                CU_post
 .text.BLNU_pre
                0x002074fc       0x24 build/unit/BalancerUnit.o
                0x002074fc                BLNU_pre
 .text.BLNU_post
                0x00207520        0x4 build/unit/BalancerUnit.o
                0x00207520                BLNU_post
 .text.BLNU_forward
                0x00207524       0x24 build/unit/BalancerUnit.o
                0x00207524                BLNU_forward
 .text.BLNU_backward
                0x00207548       0x28 build/unit/BalancerUnit.o
                0x00207548                BLNU_backward
 .text.BLNU_turn_right
                0x00207570       0x24 build/unit/BalancerUnit.o
                0x00207570                BLNU_turn_right
 .text.BLNU_turn_left
                0x00207594       0x28 build/unit/BalancerUnit.o
                0x00207594                BLNU_turn_left
 .text.BLNU_stop
                0x002075bc       0x14 build/unit/BalancerUnit.o
                0x002075bc                BLNU_stop
 .text.BLNU_set_gyro_offset
                0x002075d0       0x14 build/unit/BalancerUnit.o
                0x002075d0                BLNU_set_gyro_offset
 .text.BLNU_angle_turn_right
                0x002075e4       0xb0 build/unit/BalancerUnit.o
                0x002075e4                BLNU_angle_turn_right
 .text.BLNU_balance_control
                0x00207694       0xf4 build/unit/BalancerUnit.o
                0x00207694                BLNU_balance_control
 .text.BLNU_balance_start
                0x00207788        0xc build/unit/BalancerUnit.o
                0x00207788                BLNU_balance_start
 .text.TaskMainBalanceTask
                0x00207794       0x1c build/unit/BalancerUnit.o
                0x00207794                TaskMainBalanceTask
 .text.BMU_set_threshold
                0x002077b0        0xc build/unit/BlockMonitorUnit.o
                0x002077b0                BMU_set_threshold
 .text.BMU_is_found
                0x002077bc       0x34 build/unit/BlockMonitorUnit.o
                0x002077bc                BMU_is_found
 .text.BMU_pre  0x002077f0        0xc build/unit/BlockMonitorUnit.o
                0x002077f0                BMU_pre
 .text.BMU_post
                0x002077fc        0xc build/unit/BlockMonitorUnit.o
                0x002077fc                BMU_post
 .text.ecrobot_device_initialize
                0x00207808        0xc build/controller/initDevice.o
                0x00207808                ecrobot_device_initialize
 .text.ecrobot_device_terminate
                0x00207814        0xc build/controller/initDevice.o
                0x00207814                ecrobot_device_terminate
 .text.StartupHook
                0x00207820        0x4 build/controller/initDevice.o
                0x00207820                StartupHook
 .text.ShutdownHook
                0x00207824        0x4 build/controller/initDevice.o
                0x00207824                ShutdownHook
 .text.PreTaskHook
                0x00207828        0x4 build/controller/initDevice.o
                0x00207828                PreTaskHook
 .text.PostTaskHook
                0x0020782c        0x4 build/controller/initDevice.o
                0x0020782c                PostTaskHook
 .text.ErrorHook
                0x00207830        0x4 build/controller/initDevice.o
                0x00207830                ErrorHook
 .text.user_1ms_isr_type2
                0x00207834       0x1c build/controller/initDevice.o
                0x00207834                user_1ms_isr_type2
 .text.ecrobot_get_gyro_sensor
                0x00207850       0x14 /nxtOSEK/ecrobot/../ecrobot/libecrobot.a(ecrobot_HiTechnic.o)
                0x00207850                ecrobot_get_gyro_sensor
 .text.ecrobot_set_motor_rev
                0x00207864       0x10 /nxtOSEK/ecrobot/../ecrobot/libecrobot.a(ecrobot_interface.o)
                0x00207864                ecrobot_set_motor_rev
 .text.ecrobot_set_light_sensor_active
                0x00207874       0x10 /nxtOSEK/ecrobot/../ecrobot/libecrobot.a(ecrobot_interface.o)
                0x00207874                ecrobot_set_light_sensor_active
 .text.ecrobot_set_light_sensor_inactive
                0x00207884       0x10 /nxtOSEK/ecrobot/../ecrobot/libecrobot.a(ecrobot_interface.o)
                0x00207884                ecrobot_set_light_sensor_inactive
 .text.ecrobot_get_light_sensor
                0x00207894       0x14 /nxtOSEK/ecrobot/../ecrobot/libecrobot.a(ecrobot_interface.o)
                0x00207894                ecrobot_get_light_sensor
 .text.ecrobot_get_touch_sensor
                0x002078a8       0x20 /nxtOSEK/ecrobot/../ecrobot/libecrobot.a(ecrobot_interface.o)
                0x002078a8                ecrobot_get_touch_sensor
 .text.ecrobot_init_i2c
                0x002078c8       0x2c /nxtOSEK/ecrobot/../ecrobot/libecrobot.a(ecrobot_interface.o)
                0x002078c8                ecrobot_init_i2c
 .text.ecrobot_init_sonar_sensor
                0x002078f4       0x10 /nxtOSEK/ecrobot/../ecrobot/libecrobot.a(ecrobot_interface.o)
                0x002078f4                ecrobot_init_sonar_sensor
 .text.ecrobot_get_sonar_sensor
                0x00207904       0x48 /nxtOSEK/ecrobot/../ecrobot/libecrobot.a(ecrobot_interface.o)
                0x00207904                ecrobot_get_sonar_sensor
 .text.ecrobot_term_sonar_sensor
                0x0020794c       0x20 /nxtOSEK/ecrobot/../ecrobot/libecrobot.a(ecrobot_interface.o)
                0x0020794c                ecrobot_term_sonar_sensor
 .text.ecrobot_get_battery_voltage
                0x0020796c        0xc /nxtOSEK/ecrobot/../ecrobot/libecrobot.a(ecrobot_interface.o)
                0x0020796c                ecrobot_get_battery_voltage
 .text.ecrobot_get_button_state
                0x00207978        0xc /nxtOSEK/ecrobot/../ecrobot/libecrobot.a(ecrobot_interface.o)
                0x00207978                ecrobot_get_button_state
 .text.ecrobot_init_nxtstate
                0x00207984       0x28 /nxtOSEK/ecrobot/../ecrobot/libecrobot.a(ecrobot_interface.o)
                0x00207984                ecrobot_init_nxtstate
 .text.ecrobot_poll_nxtstate
                0x002079ac       0x64 /nxtOSEK/ecrobot/../ecrobot/libecrobot.a(ecrobot_interface.o)
                0x002079ac                ecrobot_poll_nxtstate
 .text.ecrobot_setDeviceInitialized
                0x00207a10       0x18 /nxtOSEK/ecrobot/../ecrobot/libecrobot.a(ecrobot_interface.o)
                0x00207a10                ecrobot_setDeviceInitialized
 .text.ecrobot_initDeviceStatus
                0x00207a28        0xc /nxtOSEK/ecrobot/../ecrobot/libecrobot.a(ecrobot_interface.o)
                0x00207a28                ecrobot_initDeviceStatus
 .text.ecrobot_bmp2lcd
                0x00207a34      0x1c8 /nxtOSEK/ecrobot/../ecrobot/libecrobot.a(ecrobot_interface.o)
                0x00207a34                ecrobot_bmp2lcd
 .text.ecrobot_sound_tone
                0x00207bfc        0xc /nxtOSEK/ecrobot/../ecrobot/libecrobot.a(ecrobot_interface.o)
                0x00207bfc                ecrobot_sound_tone
 .text.balance_control
                0x00207c08      0x254 /nxtOSEK/ecrobot/../ecrobot/libnxtway_gs_balancer.a(balancer.o)
                0x00207c08                balance_control
 .text.balance_init
                0x00207e5c       0x30 /nxtOSEK/ecrobot/../ecrobot/libnxtway_gs_balancer.a(balancer.o)
                0x00207e5c                balance_init
 .text          0x00207e8c       0x8c /cygdrive/C/cygwin/GNUARM/bin/../lib/gcc/arm-elf/4.0.2/thumb/interwork/libgcc.a(_udivsi3.o)
                0x00207e8c                __udivsi3
                0x00207f08                __aeabi_uidivmod
 .text          0x00207f18       0xa4 /cygdrive/C/cygwin/GNUARM/bin/../lib/gcc/arm-elf/4.0.2/thumb/interwork/libgcc.a(_divsi3.o)
                0x00207f18                __divsi3
                0x00207fac                __aeabi_idivmod
 .text          0x00207fbc       0xc8 /cygdrive/C/cygwin/GNUARM/bin/../lib/gcc/arm-elf/4.0.2/thumb/interwork/libgcc.a(_umodsi3.o)
                0x00207fbc                __umodsi3
 .text          0x00208084       0xd8 /cygdrive/C/cygwin/GNUARM/bin/../lib/gcc/arm-elf/4.0.2/thumb/interwork/libgcc.a(_modsi3.o)
                0x00208084                __modsi3
 .text          0x0020815c        0x4 /cygdrive/C/cygwin/GNUARM/bin/../lib/gcc/arm-elf/4.0.2/thumb/interwork/libgcc.a(_dvmd_tls.o)
                0x0020815c                __aeabi_ldiv0
                0x0020815c                __div0
                0x0020815c                __aeabi_idiv0
 .text          0x00208160      0x2ac /cygdrive/C/cygwin/GNUARM/bin/../lib/gcc/arm-elf/4.0.2/thumb/interwork/libgcc.a(_addsubsf3.o)
                0x0020816c                __aeabi_fadd
                0x00208168                __subsf3
                0x00208330                __aeabi_i2f
                0x00208168                __aeabi_fsub
                0x00208360                __floatdisf
                0x00208330                __floatsisf
                0x00208350                __floatundisf
                0x00208328                __aeabi_ui2f
                0x00208360                __aeabi_l2f
                0x00208350                __aeabi_ul2f
                0x00208160                __aeabi_frsub
                0x00208328                __floatunsisf
                0x0020816c                __addsf3
 .text          0x0020840c      0x2f8 /cygdrive/C/cygwin/GNUARM/bin/../lib/gcc/arm-elf/4.0.2/thumb/interwork/libgcc.a(_muldivsf3.o)
                0x002085a4                __divsf3
                0x002085a4                __aeabi_fdiv
                0x0020840c                __mulsf3
                0x0020840c                __aeabi_fmul
 .text          0x00208704      0x110 /cygdrive/C/cygwin/GNUARM/bin/../lib/gcc/arm-elf/4.0.2/thumb/interwork/libgcc.a(_cmpsf2.o)
                0x002087fc                __aeabi_fcmpgt
                0x0020870c                __lesf2
                0x00208714                __nesf2
                0x002087e4                __aeabi_fcmpge
                0x00208704                __gtsf2
                0x002087cc                __aeabi_fcmple
                0x00208714                __eqsf2
                0x00208714                __cmpsf2
                0x0020870c                __ltsf2
                0x00208784                __aeabi_cfcmple
                0x00208704                __gesf2
                0x0020879c                __aeabi_fcmpeq
                0x00208774                __aeabi_cfrcmple
                0x002087b4                __aeabi_fcmplt
                0x00208784                __aeabi_cfcmpeq
 .text          0x00208814       0x5c /cygdrive/C/cygwin/GNUARM/bin/../lib/gcc/arm-elf/4.0.2/thumb/interwork/libgcc.a(_fixsfsi.o)
                0x00208814                __fixsfsi
                0x00208814                __aeabi_f2iz
 .text          0x00208870       0x68 /cygdrive/C/cygwin/GNUARM/bin/../lib/gcc/arm-elf/4.0.2/../../../../arm-elf/lib/thumb/interwork/libc.a(memcpy.o)
                0x00208870                memcpy
 .text          0x002088d8       0x68 /cygdrive/C/cygwin/GNUARM/bin/../lib/gcc/arm-elf/4.0.2/../../../../arm-elf/lib/thumb/interwork/libc.a(memset.o)
                0x002088d8                memset
 .text          0x00208940       0x60 /cygdrive/C/cygwin/GNUARM/bin/../lib/gcc/arm-elf/4.0.2/../../../../arm-elf/lib/thumb/interwork/libc.a(strcpy.o)
                0x00208940                strcpy
 .text          0x002089a0       0x48 /cygdrive/C/cygwin/GNUARM/bin/../lib/gcc/arm-elf/4.0.2/../../../../arm-elf/lib/thumb/interwork/libc.a(strlen.o)
                0x002089a0                strlen
 .glue_7        0x002089e8       0x30 /cygdrive/C/cygwin/GNUARM/bin/../lib/gcc/arm-elf/4.0.2/../../../../arm-elf/lib/thumb/interwork/libc.a(strncpy.o)
                0x00208a00                __call_posttaskhook_from_arm
                0x002089e9                __ecrobot_debug1_from_arm
                0x002089f5                __ecrobot_debug2_from_arm
                0x00208a0c                __call_pretaskhook_from_arm
 .glue_7t       0x00208a18       0xb0 /cygdrive/C/cygwin/GNUARM/bin/../lib/gcc/arm-elf/4.0.2/../../../../arm-elf/lib/thumb/interwork/libc.a(strncpy.o)
                0x00208a44                __start_change_to_arm
                0x00208aa0                __interrupts_get_and_disable_from_thumb
                0x00208ac0                ____lesf2_from_thumb
                0x00208a99                ____gtdf2_from_thumb
                0x00208a38                __exit_and_dispatch_from_thumb
                0x00208ab8                ____divsf3_from_thumb
                0x00208a84                ____gesf2_change_to_arm
                0x00208a6c                ____fixsfsi_change_to_arm
                0x00208a7c                ____addsf3_change_to_arm
                0x00208a68                ____fixsfsi_from_thumb
                0x00208a48                ____floatsisf_from_thumb
                0x00208a3c                __exit_and_dispatch_change_to_arm
                0x00208a18                __disable_int_from_thumb
                0x00208a80                ____gesf2_from_thumb
                0x00208a30                __start_dispatch_from_thumb
                0x00208a59                ____ltsf2_from_thumb
                0x00208ac4                ____lesf2_change_to_arm
                0x00208a40                __start_from_thumb
                0x00208a94                ____muldf3_change_to_arm
                0x00208abc                ____divsf3_change_to_arm
                0x00208a20                __enable_int_from_thumb
                0x00208a28                __dispatch_from_thumb
                0x00208aac                __interrupts_enable_change_to_arm
                0x00208a61                ____gtsf2_from_thumb
                0x00208aa4                __interrupts_get_and_disable_change_to_arm
                0x00208a2c                __dispatch_change_to_arm
                0x00208a54                ____mulsf3_change_to_arm
                0x00208a9c                ____gtdf2_change_to_arm
                0x00208a89                ____floatsidf_from_thumb
                0x00208a4c                ____floatsisf_change_to_arm
                0x00208ab1                __display_bios_status_from_thumb
                0x00208a70                ____subsf3_from_thumb
                0x00208a64                ____gtsf2_change_to_arm
                0x00208a1c                __disable_int_change_to_arm
                0x00208a5c                ____ltsf2_change_to_arm
                0x00208a50                ____mulsf3_from_thumb
                0x00208a78                ____addsf3_from_thumb
                0x00208a91                ____muldf3_from_thumb
                0x00208a74                ____subsf3_change_to_arm
                0x00208a24                __enable_int_change_to_arm
                0x00208a8c                ____floatsidf_change_to_arm
                0x00208aa8                __interrupts_enable_from_thumb
                0x00208ab4                __display_bios_status_change_to_arm
                0x00208a34                __start_dispatch_change_to_arm
                0x00208ad0                . = ALIGN (0x10)
 *fill*         0x00208ac8        0x8 00
 *(*.rodata *.rodata.*)
 .rodata.search_table.966
                0x00208ad0        0xf build/kernel/task.o
 *fill*         0x00208adf        0x1 00
 .rodata.alminib_cycle
                0x00208ae0       0x10 build/./kernel_cfg.o
                0x00208ae0                alminib_cycle
 .rodata.alminib_almval
                0x00208af0       0x10 build/./kernel_cfg.o
                0x00208af0                alminib_almval
 .rodata.alminib_autosta
                0x00208b00        0x4 build/./kernel_cfg.o
                0x00208b00                alminib_autosta
 .rodata.alminib_cback
                0x00208b04       0x10 build/./kernel_cfg.o
                0x00208b04                alminib_cback
 .rodata.alminib_cntid
                0x00208b14        0x4 build/./kernel_cfg.o
                0x00208b14                alminib_cntid
 .rodata.cntinib_tickbase
                0x00208b18        0x4 build/./kernel_cfg.o
                0x00208b18                cntinib_tickbase
 .rodata.cntinib_maxval2
                0x00208b1c        0x4 build/./kernel_cfg.o
                0x00208b1c                cntinib_maxval2
 .rodata.cntinib_maxval
                0x00208b20        0x4 build/./kernel_cfg.o
                0x00208b20                cntinib_maxval
 .rodata.SysTimerCnt
                0x00208b24        0x1 build/./kernel_cfg.o
                0x00208b24                SysTimerCnt
 *fill*         0x00208b25        0x1 00
 .rodata.tinib_stksz
                0x00208b26        0x6 build/./kernel_cfg.o
                0x00208b26                tinib_stksz
 .rodata.tinib_stk
                0x00208b2c        0xc build/./kernel_cfg.o
                0x00208b2c                tinib_stk
 .rodata.tinib_task
                0x00208b38        0xc build/./kernel_cfg.o
                0x00208b38                tinib_task
 .rodata.tinib_autoact
                0x00208b44        0x3 build/./kernel_cfg.o
                0x00208b44                tinib_autoact
 .rodata.tinib_maxact
                0x00208b47        0x3 build/./kernel_cfg.o
                0x00208b47                tinib_maxact
 .rodata.tinib_exepri
                0x00208b4a        0x3 build/./kernel_cfg.o
                0x00208b4a                tinib_exepri
 .rodata.tinib_inipri
                0x00208b4d        0x3 build/./kernel_cfg.o
                0x00208b4d                tinib_inipri
 .rodata.tnum_exttask
                0x00208b50        0x1 build/./kernel_cfg.o
                0x00208b50                tnum_exttask
 .rodata.tnum_task
                0x00208b51        0x1 build/./kernel_cfg.o
                0x00208b51                tnum_task
 .rodata.tnum_counter
                0x00208b52        0x1 build/./kernel_cfg.o
                0x00208b52                tnum_counter
 .rodata.tnum_alarm
                0x00208b53        0x1 build/./kernel_cfg.o
                0x00208b53                tnum_alarm
 .rodata.exec_addr
                0x00208b54        0x4 build/ecrobot_base.o
                0x00208b54                exec_addr
 .rodata.str1.4
                0x00208b58       0x80 build/ecrobot_base.o
 .rodata.BATTERY_OFFSET
                0x00208bd8        0x4 build/com/balancer_param.o
                0x00208bd8                BATTERY_OFFSET
 .rodata.BATTERY_GAIN
                0x00208bdc        0x4 build/com/balancer_param.o
                0x00208bdc                BATTERY_GAIN
 .rodata.str1.4
                0x00208be0       0x30 build/controller/Monitor.o
 .rodata.bd_addr
                0x00208c10        0x7 build/controller/RunActions.o
 *fill*         0x00208c17        0x1 00
 .rodata.RA_do_running
                0x00208c18       0x18 build/controller/RunActions.o
 .rodata.CU_pass
                0x00208c30        0xc build/unit/CommunicationUnit.o
                0x00208c30                CU_pass
                0x00208c40                . = ALIGN (0x10)
 *fill*         0x00208c3c        0x4 00
 *(*.gnu.linkonce.* .gcc_except_table)
                0x00208c40                . = ALIGN (0x10)

.tors           0x00208c40        0x0
                0x00208c40                . = ALIGN (0x10)
                0x00208c40                __ctor_begin = .
 *(*.ctors*)
                0x00208c40                __ctor_end = .
                0x00208c40                . = ALIGN (0x10)
                0x00208c40                __dtor_begin = .
 *(*.dtors*)
                0x00208c40                __dtor_end = .
                0x00208c40                . = ALIGN (0x10)

.bss            0x00208c40     0x1844
 *(*.bss *.bss.*)
 .bss.ready_primap
                0x00208c40        0x2 build/kernel/task.o
 .bss.ready_queue_last
                0x00208c42       0x10 build/kernel/task.o
 .bss.ready_queue_first
                0x00208c52       0x10 build/kernel/task.o
 *fill*         0x00208c62        0x2 00
 .bss._stack_DisplayTask
                0x00208c64      0x200 build/./kernel_cfg.o
 .bss._stack_ActionTask
                0x00208e64      0x200 build/./kernel_cfg.o
 .bss._stack_BalanceTask
                0x00209064      0x200 build/./kernel_cfg.o
 .bss.receiveBuf
                0x00209264       0x80 build/ecrobot_bluetooth.o
 .bss.sendBuf   0x002092e4      0x100 build/ecrobot_bluetooth.o
 .bss.handle    0x002093e4        0x1 build/ecrobot_bluetooth.o
 *fill*         0x002093e5        0x3 00
 .bss.status_bar_position
                0x002093e8        0x4 build/ecrobot_base.o
 .bss.last_act_time.2745
                0x002093ec        0x4 build/ecrobot_base.o
 .bss.lcd.2674  0x002093f0      0x320 build/ecrobot_base.o
 .bss.OS_flag   0x00209710        0x4 build/ecrobot_base.o
 .bss.status_bar
                0x00209714       0x10 build/ecrobot_base.o
 .bss.RN_state  0x00209724        0x4 build/controller/Runner.o
 .bss.RA_state.3195
                0x00209728        0x4 build/controller/Monitor.o
 .bss.RN_state.3194
                0x0020972c        0x4 build/controller/Monitor.o
 .bss.RA_state  0x00209730        0x4 build/controller/RunActions.o
 .bss.click_state
                0x00209734        0x4 build/unit/BumperUnit.o
 .bss.LMU_gray_value
                0x00209738        0x4 build/unit/LineMonitorUnit.o
 .bss.LMU_threshold
                0x0020973c        0x4 build/unit/LineMonitorUnit.o
 .bss.LMU_black_value
                0x00209740        0x4 build/unit/LineMonitorUnit.o
 .bss.LMU_white_value
                0x00209744        0x4 build/unit/LineMonitorUnit.o
 .bss.TU_timerResult
                0x00209748        0x4 build/unit/TimerUnit.o
 .bss.TU_timeOut
                0x0020974c        0x4 build/unit/TimerUnit.o
 .bss.TU_timerCount
                0x00209750        0x4 build/unit/TimerUnit.o
 .bss.TU_timerStart
                0x00209754        0x4 build/unit/TimerUnit.o
 .bss.CU_mode   0x00209758        0x4 build/unit/CommunicationUnit.o
 .bss.CU_recvMSG
                0x0020975c        0x4 build/unit/CommunicationUnit.o
 .bss.CU_sendMSG
                0x00209760        0x4 build/unit/CommunicationUnit.o
 .bss.bd_addr   0x00209764        0x7 build/unit/CommunicationUnit.o
 *fill*         0x0020976b        0x1 00
 .bss.BLNU_balance_startflg
                0x0020976c        0x4 build/unit/BalancerUnit.o
 .bss.BLNU_gyro_offset
                0x00209770        0x4 build/unit/BalancerUnit.o
 .bss.BLNU_cmd_turn
                0x00209774        0x1 build/unit/BalancerUnit.o
 .bss.BLNU_cmd_forward
                0x00209775        0x1 build/unit/BalancerUnit.o
 *fill*         0x00209776        0x2 00
 .bss.finish_motor_rev
                0x00209778        0x4 build/unit/BalancerUnit.o
 .bss.start_r_motor_rev
                0x0020977c        0x4 build/unit/BalancerUnit.o
 .bss.start_l_motor_rev
                0x00209780        0x4 build/unit/BalancerUnit.o
 .bss.BLNU_motor_angle_control
                0x00209784        0x4 build/unit/BalancerUnit.o
 .bss.BMU_threshold
                0x00209788        0x4 build/unit/BlockMonitorUnit.o
 .bss.buttons_i
                0x0020978c        0x4 /nxtOSEK/ecrobot/../ecrobot/libecrobot.a(ecrobot_interface.o)
 .bss.buttons_states
                0x00209790       0x14 /nxtOSEK/ecrobot/../ecrobot/libecrobot.a(ecrobot_interface.o)
 .bss.ecrobot_inputs
                0x002097a4        0x8 /nxtOSEK/ecrobot/../ecrobot/libecrobot.a(ecrobot_interface.o)
 .bss.systick_ms
                0x002097ac        0x4 /nxtOSEK/ecrobot/../ecrobot/libecrobot.a(systick.oram)
 .bss.delayedEnable
                0x002097b0        0x1 /nxtOSEK/ecrobot/../ecrobot/libecrobot.a(udp.oram)
 *fill*         0x002097b1        0x3 00
 .bss.outCnt    0x002097b4        0x4 /nxtOSEK/ecrobot/../ecrobot/libecrobot.a(udp.oram)
 .bss.outPtr    0x002097b8        0x4 /nxtOSEK/ecrobot/../ecrobot/libecrobot.a(udp.oram)
 .bss.newAddress
                0x002097bc        0x4 /nxtOSEK/ecrobot/../ecrobot/libecrobot.a(udp.oram)
 .bss.currentRxBank
                0x002097c0        0x4 /nxtOSEK/ecrobot/../ecrobot/libecrobot.a(udp.oram)
 .bss.currentFeatures
                0x002097c4        0x4 /nxtOSEK/ecrobot/../ecrobot/libecrobot.a(udp.oram)
 .bss.currentConfig
                0x002097c8        0x1 /nxtOSEK/ecrobot/../ecrobot/libecrobot.a(udp.oram)
 *fill*         0x002097c9        0x3 00
 .bss.twi_mask  0x002097cc        0x4 /nxtOSEK/ecrobot/../ecrobot/libecrobot.a(twi.oram)
 .bss.twi_ptr   0x002097d0        0x4 /nxtOSEK/ecrobot/../ecrobot/libecrobot.a(twi.oram)
 .bss.twi_pending
                0x002097d4        0x4 /nxtOSEK/ecrobot/../ecrobot/libecrobot.a(twi.oram)
 .bss.twi_state
                0x002097d8        0x4 /nxtOSEK/ecrobot/../ecrobot/libecrobot.a(twi.oram)
 .bss.page      0x002097dc        0x1 /nxtOSEK/ecrobot/../ecrobot/libecrobot.a(nxt_spi.oram)
                0x002097dc                page
 .bss.dirty     0x002097dd        0x1 /nxtOSEK/ecrobot/../ecrobot/libecrobot.a(nxt_spi.oram)
                0x002097dd                dirty
 *fill*         0x002097de        0x2 00
 .bss.display   0x002097e0        0x4 /nxtOSEK/ecrobot/../ecrobot/libecrobot.a(nxt_spi.oram)
                0x002097e0                display
 .bss.interrupts_this_period
                0x002097e4        0x4 /nxtOSEK/ecrobot/../ecrobot/libecrobot.a(nxt_motors.oram)
 .bss.nxt_motor_initialised
                0x002097e8        0x4 /nxtOSEK/ecrobot/../ecrobot/libecrobot.a(nxt_motors.oram)
 .bss.motor     0x002097ec       0x30 /nxtOSEK/ecrobot/../ecrobot/libecrobot.a(nxt_motors.oram)
 .bss.display_tick
                0x0020981c        0x4 /nxtOSEK/ecrobot/../ecrobot/libecrobot.a(display.oram)
                0x0020981c                display_tick
 .bss.display_array
                0x00209820      0x388 /nxtOSEK/ecrobot/../ecrobot/libecrobot.a(display.oram)
 .bss.i2c_int_count
                0x00209ba8        0x4 /nxtOSEK/ecrobot/../ecrobot/libecrobot.a(i2c.oram)
 .bss.i2c_port  0x00209bac      0x170 /nxtOSEK/ecrobot/../ecrobot/libecrobot.a(i2c.oram)
 .bss.sound_mode
                0x00209d1c        0x1 /nxtOSEK/ecrobot/../ecrobot/libecrobot.a(sound.oram)
                0x00209d1c                sound_mode
 *fill*         0x00209d1d        0x3 00
 .bss.in_buf_idx
                0x00209d20        0x4 /nxtOSEK/ecrobot/../ecrobot/libecrobot.a(bt.oram)
 .bss.buf_ptr   0x00209d24        0x4 /nxtOSEK/ecrobot/../ecrobot/libecrobot.a(bt.oram)
 .bss.out_buf   0x00209d28      0x200 /nxtOSEK/ecrobot/../ecrobot/libecrobot.a(bt.oram)
 .bss.out_buf_ptr
                0x00209f28        0x1 /nxtOSEK/ecrobot/../ecrobot/libecrobot.a(bt.oram)
 .bss.in_buf_in_ptr
                0x00209f29        0x1 /nxtOSEK/ecrobot/../ecrobot/libecrobot.a(bt.oram)
 .bss.in_buf    0x00209f2a      0x100 /nxtOSEK/ecrobot/../ecrobot/libecrobot.a(bt.oram)
 *fill*         0x0020a02a        0x2 00
 .bss.link_state
                0x0020a02c        0x4 /nxtOSEK/ecrobot/../ecrobot/libecrobot.a(nxt_avr.oram)
 .bss.update_count
                0x0020a030        0x4 /nxtOSEK/ecrobot/../ecrobot/libecrobot.a(nxt_avr.oram)
 .bss.nxt_avr_stats
                0x0020a034       0x14 /nxtOSEK/ecrobot/../ecrobot/libecrobot.a(nxt_avr.oram)
 .bss.debounce_cnt
                0x0020a048        0x2 /nxtOSEK/ecrobot/../ecrobot/libecrobot.a(nxt_avr.oram)
 .bss.debounce_state
                0x0020a04a        0x2 /nxtOSEK/ecrobot/../ecrobot/libecrobot.a(nxt_avr.oram)
 .bss.button_state
                0x0020a04c        0x2 /nxtOSEK/ecrobot/../ecrobot/libecrobot.a(nxt_avr.oram)
 .bss.prev_buttons
                0x0020a04e        0x2 /nxtOSEK/ecrobot/../ecrobot/libecrobot.a(nxt_avr.oram)
 .bss.from_buf  0x0020a050        0x4 /nxtOSEK/ecrobot/../ecrobot/libecrobot.a(nxt_avr.oram)
 .bss.io_from_avr
                0x0020a054        0x4 /nxtOSEK/ecrobot/../ecrobot/libecrobot.a(nxt_avr.oram)
 .bss.data_from_avr
                0x0020a058       0x1a /nxtOSEK/ecrobot/../ecrobot/libecrobot.a(nxt_avr.oram)
 .bss.data_to_avr
                0x0020a072        0x9 /nxtOSEK/ecrobot/../ecrobot/libecrobot.a(nxt_avr.oram)
 .bss.io_to_avr
                0x0020a07b        0x8 /nxtOSEK/ecrobot/../ecrobot/libecrobot.a(nxt_avr.oram)
 *fill*         0x0020a083        0x1 00
 .bss.display   0x0020a084        0x4 /nxtOSEK/ecrobot/../ecrobot/libecrobot.a(nxt_lcd.oram)
 .bss.ud_thetadot_cmd_lpf
                0x0020a088        0x4 /nxtOSEK/ecrobot/../ecrobot/libnxtway_gs_balancer.a(balancer.o)
 .bss.ud_theta_ref
                0x0020a08c        0x4 /nxtOSEK/ecrobot/../ecrobot/libnxtway_gs_balancer.a(balancer.o)
 .bss.ud_theta_lpf
                0x0020a090        0x4 /nxtOSEK/ecrobot/../ecrobot/libnxtway_gs_balancer.a(balancer.o)
 .bss.ud_psi    0x0020a094        0x4 /nxtOSEK/ecrobot/../ecrobot/libnxtway_gs_balancer.a(balancer.o)
 .bss.ud_err_theta
                0x0020a098        0x4 /nxtOSEK/ecrobot/../ecrobot/libnxtway_gs_balancer.a(balancer.o)
                0x0020a0a0                . = ALIGN (0x10)
 *fill*         0x0020a09c        0x4 00
                0x0020a0a0                __bss_end__ = .
 COMMON         0x0020a0a0        0x2 build/kernel/interrupt.o
                0x0020a0a0                runisr
                0x0020a0a1                sus_all_cnt
 *fill*         0x0020a0a2        0x2 00
 COMMON         0x0020a0a4       0x10 build/kernel/osctl.o
                0x0020a0a4                callevel
                0x0020a0a5                _errorhook_svcid
                0x0020a0a6                appmode
                0x0020a0a8                _errorhook_par1
                0x0020a0ac                _errorhook_par3
                0x0020a0b0                _errorhook_par2
 COMMON         0x0020a0b4        0x3 build/kernel/task.o
                0x0020a0b4                runtsk
                0x0020a0b5                schedtsk
                0x0020a0b6                nextpri
 *fill*         0x0020a0b7        0x1 00
 COMMON         0x0020a0b8       0x60 build/./kernel_cfg.o
                0x0020a0b8                tcb_waievt
                0x0020a0bc                rescb_prevpri
                0x0020a0bd                almcb_prev
                0x0020a0c1                tcb_lastres
                0x0020a0c4                almcb_almval
                0x0020a0d4                tcxb_pc
                0x0020a0e0                tcb_next
                0x0020a0e3                tcb_curpri
                0x0020a0e6                tcb_tstat
                0x0020a0e9                isrcb_lastres
                0x0020a0ea                cntcb_almque
                0x0020a0eb                rescb_prevres
                0x0020a0ec                tcb_actcnt
                0x0020a0f0                tcb_curevt
                0x0020a0f4                almcb_cycle
                0x0020a104                tcxb_sp
                0x0020a110                almcb_next
                0x0020a114                cntcb_curval
 COMMON         0x0020a118       0x44 /nxtOSEK/ecrobot/../ecrobot/libecrobot.a(uart.oram)
                0x0020a118                uart
 COMMON         0x0020a15c        0x4 /nxtOSEK/ecrobot/../ecrobot/libecrobot.a(data_abort.oram)
                0x0020a15c                data_abort_pc
 COMMON         0x0020a160        0x8 /nxtOSEK/ecrobot/../ecrobot/libecrobot.a(display.oram)
                0x0020a160                display_x
                0x0020a164                display_y
 COMMON         0x0020a168      0x31c /nxtOSEK/ecrobot/../ecrobot/libecrobot.a(sound.oram)
                0x0020a168                sample
                0x00208c40                __bss_start__ = ADDR (.bss)
                0x0020a484                __bss_end__ = (ADDR (.bss) + SIZEOF (.bss))
                0x0020a484                PROVIDE (end, .)

.heap_area      0x0020a484     0x56f4
                0x0020fb78                . = (. + (0x20fb78 - end))
 *fill*         0x0020a484     0x56f4 00

.stack          0x0020fb78      0x488
                0x0020fbf8                . = (. + 0x80)
 *fill*         0x0020fb78       0x80 00
                0x0020fc00                . = ALIGN (0x10)
 *fill*         0x0020fbf8        0x8 00
                0x0020fc00                __irq_stack__ = .
                0x0020fc00                __system_stack_bottom__ = .
                0x00210000                . = (. + 0x400)
 *fill*         0x0020fc00      0x400 00
                0x00210000                . = ALIGN (0x10)
                0x00210000                __system_stack__ = .
                0x00210000                __system_stack_top__ = .
                0x0020fb78                __stack_start__ = ADDR (.stack)
                0x00210000                __stack_end__ = (ADDR (.stack) + SIZEOF (.stack))
OUTPUT(Runner1_ram.elf elf32-littlearm)

.comment        0x00000000      0x45c
 .comment       0x00000000       0x12 build/kernel/alarm.o
 .comment       0x00000012       0x12 build/kernel/event.o
 .comment       0x00000024       0x12 build/kernel/interrupt.o
 .comment       0x00000036       0x12 build/kernel/osctl.o
 .comment       0x00000048       0x12 build/kernel/resource.o
 .comment       0x0000005a       0x12 build/kernel/task.o
 .comment       0x0000006c       0x12 build/kernel/task_manage.o
 .comment       0x0000007e       0x12 build/config/at91sam7s-gnu/cpu_config.o
 .comment       0x00000090       0x12 build/config/at91sam7s-gnu/lego_nxt/sys_config.o
 .comment       0x000000a2       0x12 build/./kernel_cfg.o
 .comment       0x000000b4       0x12 build/syscalls.o
 .comment       0x000000c6       0x12 build/ecrobot_bluetooth.o
 .comment       0x000000d8       0x12 build/ecrobot_base.o
 .comment       0x000000ea       0x12 build/ecrobot.o
 .comment       0x000000fc       0x12 build/com/balancer_param.o
 .comment       0x0000010e       0x12 build/controller/Runner.o
 .comment       0x00000120       0x12 build/controller/Monitor.o
 .comment       0x00000132       0x12 build/controller/RunActions.o
 .comment       0x00000144       0x12 build/controller/CalibrateActions.o
 .comment       0x00000156       0x12 build/unit/BumperUnit.o
 .comment       0x00000168       0x12 build/unit/LineMonitorUnit.o
 .comment       0x0000017a       0x12 build/unit/DisplayUnit.o
 .comment       0x0000018c       0x12 build/unit/HornUnit.o
 .comment       0x0000019e       0x12 build/unit/TimerUnit.o
 .comment       0x000001b0       0x12 build/unit/CommunicationUnit.o
 .comment       0x000001c2       0x12 build/unit/BalancerUnit.o
 .comment       0x000001d4       0x12 build/unit/BlockMonitorUnit.o
 .comment       0x000001e6       0x12 build/controller/initDevice.o
 .comment       0x000001f8       0x12 build/syslib/at91sam7s-gnu/lego_nxt/hw_sys_timer.oram
 .comment       0x0000020a       0x12 /nxtOSEK/ecrobot/../ecrobot/libecrobot.a(ecrobot_HiTechnic.o)
 .comment       0x0000021c       0x12 /nxtOSEK/ecrobot/../ecrobot/libecrobot.a(ecrobot_interface.o)
 .comment       0x0000022e       0x12 /nxtOSEK/ecrobot/../ecrobot/libecrobot.a(colorsensor.o)
 .comment       0x00000240       0x12 /nxtOSEK/ecrobot/../ecrobot/libecrobot.a(uart.oram)
 .comment       0x00000252       0x12 /nxtOSEK/ecrobot/../ecrobot/libecrobot.a(systick.oram)
 .comment       0x00000264       0x12 /nxtOSEK/ecrobot/../ecrobot/libecrobot.a(byte_fifo.oram)
 .comment       0x00000276       0x12 /nxtOSEK/ecrobot/../ecrobot/libecrobot.a(aic.oram)
 .comment       0x00000288       0x12 /nxtOSEK/ecrobot/../ecrobot/libecrobot.a(udp.oram)
 .comment       0x0000029a       0x12 /nxtOSEK/ecrobot/../ecrobot/libecrobot.a(twi.oram)
 .comment       0x000002ac       0x12 /nxtOSEK/ecrobot/../ecrobot/libecrobot.a(nxt_spi.oram)
 .comment       0x000002be       0x12 /nxtOSEK/ecrobot/../ecrobot/libecrobot.a(nxt_motors.oram)
 .comment       0x000002d0       0x12 /nxtOSEK/ecrobot/../ecrobot/libecrobot.a(data_abort.oram)
 .comment       0x000002e2       0x12 /nxtOSEK/ecrobot/../ecrobot/libecrobot.a(display.oram)
 .comment       0x000002f4       0x12 /nxtOSEK/ecrobot/../ecrobot/libecrobot.a(i2c.oram)
 .comment       0x00000306       0x12 /nxtOSEK/ecrobot/../ecrobot/libecrobot.a(sound.oram)
 .comment       0x00000318       0x12 /nxtOSEK/ecrobot/../ecrobot/libecrobot.a(bt.oram)
 .comment       0x0000032a       0x12 /nxtOSEK/ecrobot/../ecrobot/libecrobot.a(nxt_avr.oram)
 .comment       0x0000033c       0x12 /nxtOSEK/ecrobot/../ecrobot/libecrobot.a(sensors.oram)
 .comment       0x0000034e       0x12 /nxtOSEK/ecrobot/../ecrobot/libecrobot.a(sensors1.oram)
 .comment       0x00000360       0x12 /nxtOSEK/ecrobot/../ecrobot/libecrobot.a(nxt_lcd.oram)
 .comment       0x00000372       0x12 /nxtOSEK/ecrobot/../ecrobot/libecrobot.a(flash_loader.oram)
 .comment       0x00000384       0x12 /nxtOSEK/ecrobot/../ecrobot/libecrobot.a(ecrobot_usb.o)
 .comment       0x00000396       0x12 /nxtOSEK/ecrobot/../ecrobot/libecrobot.a(flashprog.oram)
 .comment       0x000003a8       0x12 /nxtOSEK/ecrobot/../ecrobot/libnxtway_gs_balancer.a(balancer.o)
 .comment       0x000003ba       0x12 /cygdrive/C/cygwin/GNUARM/bin/../lib/gcc/arm-elf/4.0.2/thumb/interwork/libgcc.a(_muldi3.o)
 .comment       0x000003cc       0x12 /cygdrive/C/cygwin/GNUARM/bin/../lib/gcc/arm-elf/4.0.2/thumb/interwork/libgcc.a(_divdi3.o)
 .comment       0x000003de       0x12 /cygdrive/C/cygwin/GNUARM/bin/../lib/gcc/arm-elf/4.0.2/thumb/interwork/libgcc.a(_clz.o)
 .comment       0x000003f0       0x12 /cygdrive/C/cygwin/GNUARM/bin/../lib/gcc/arm-elf/4.0.2/../../../../arm-elf/lib/thumb/interwork/libc.a(memcpy.o)
 .comment       0x00000402       0x12 /cygdrive/C/cygwin/GNUARM/bin/../lib/gcc/arm-elf/4.0.2/../../../../arm-elf/lib/thumb/interwork/libc.a(memset.o)
 .comment       0x00000414       0x12 /cygdrive/C/cygwin/GNUARM/bin/../lib/gcc/arm-elf/4.0.2/../../../../arm-elf/lib/thumb/interwork/libc.a(strcmp.o)
 .comment       0x00000426       0x12 /cygdrive/C/cygwin/GNUARM/bin/../lib/gcc/arm-elf/4.0.2/../../../../arm-elf/lib/thumb/interwork/libc.a(strcpy.o)
 .comment       0x00000438       0x12 /cygdrive/C/cygwin/GNUARM/bin/../lib/gcc/arm-elf/4.0.2/../../../../arm-elf/lib/thumb/interwork/libc.a(strlen.o)
 .comment       0x0000044a       0x12 /cygdrive/C/cygwin/GNUARM/bin/../lib/gcc/arm-elf/4.0.2/../../../../arm-elf/lib/thumb/interwork/libc.a(strncpy.o)

.debug_line     0x00000000      0xea8
 .debug_line    0x00000000       0x70 /cygdrive/C/cygwin/GNUARM/bin/../lib/gcc/arm-elf/4.0.2/thumb/interwork/libgcc.a(_udivsi3.o)
 .debug_line    0x00000070       0x7c /cygdrive/C/cygwin/GNUARM/bin/../lib/gcc/arm-elf/4.0.2/thumb/interwork/libgcc.a(_divsi3.o)
 .debug_line    0x000000ec       0x68 /cygdrive/C/cygwin/GNUARM/bin/../lib/gcc/arm-elf/4.0.2/thumb/interwork/libgcc.a(_umodsi3.o)
 .debug_line    0x00000154       0x71 /cygdrive/C/cygwin/GNUARM/bin/../lib/gcc/arm-elf/4.0.2/thumb/interwork/libgcc.a(_modsi3.o)
 .debug_line    0x000001c5       0x5a /cygdrive/C/cygwin/GNUARM/bin/../lib/gcc/arm-elf/4.0.2/thumb/interwork/libgcc.a(_dvmd_tls.o)
 .debug_line    0x0000021f      0x162 /cygdrive/C/cygwin/GNUARM/bin/../lib/gcc/arm-elf/4.0.2/thumb/interwork/libgcc.a(_addsubdf3.o)
 .debug_line    0x00000381      0x177 /cygdrive/C/cygwin/GNUARM/bin/../lib/gcc/arm-elf/4.0.2/thumb/interwork/libgcc.a(_muldivdf3.o)
 .debug_line    0x000004f8       0xa4 /cygdrive/C/cygwin/GNUARM/bin/../lib/gcc/arm-elf/4.0.2/thumb/interwork/libgcc.a(_cmpdf2.o)
 .debug_line    0x0000059c      0x110 /cygdrive/C/cygwin/GNUARM/bin/../lib/gcc/arm-elf/4.0.2/thumb/interwork/libgcc.a(_addsubsf3.o)
 .debug_line    0x000006ac      0x11a /cygdrive/C/cygwin/GNUARM/bin/../lib/gcc/arm-elf/4.0.2/thumb/interwork/libgcc.a(_muldivsf3.o)
 .debug_line    0x000007c6       0x98 /cygdrive/C/cygwin/GNUARM/bin/../lib/gcc/arm-elf/4.0.2/thumb/interwork/libgcc.a(_cmpsf2.o)
 .debug_line    0x0000085e       0x6f /cygdrive/C/cygwin/GNUARM/bin/../lib/gcc/arm-elf/4.0.2/thumb/interwork/libgcc.a(_fixsfsi.o)
 .debug_line    0x000008cd       0x61 /cygdrive/C/cygwin/GNUARM/bin/../lib/gcc/arm-elf/4.0.2/thumb/interwork/libgcc.a(_muldi3.o)
 .debug_line    0x0000092e      0x122 /cygdrive/C/cygwin/GNUARM/bin/../lib/gcc/arm-elf/4.0.2/thumb/interwork/libgcc.a(_divdi3.o)
 .debug_line    0x00000a50       0x48 /cygdrive/C/cygwin/GNUARM/bin/../lib/gcc/arm-elf/4.0.2/thumb/interwork/libgcc.a(_clz.o)
 .debug_line    0x00000a98       0xc3 /cygdrive/C/cygwin/GNUARM/bin/../lib/gcc/arm-elf/4.0.2/../../../../arm-elf/lib/thumb/interwork/libc.a(memcpy.o)
 .debug_line    0x00000b5b       0xd4 /cygdrive/C/cygwin/GNUARM/bin/../lib/gcc/arm-elf/4.0.2/../../../../arm-elf/lib/thumb/interwork/libc.a(memset.o)
 .debug_line    0x00000c2f       0x88 /cygdrive/C/cygwin/GNUARM/bin/../lib/gcc/arm-elf/4.0.2/../../../../arm-elf/lib/thumb/interwork/libc.a(strcmp.o)
 .debug_line    0x00000cb7       0x80 /cygdrive/C/cygwin/GNUARM/bin/../lib/gcc/arm-elf/4.0.2/../../../../arm-elf/lib/thumb/interwork/libc.a(strcpy.o)
 .debug_line    0x00000d37       0xaf /cygdrive/C/cygwin/GNUARM/bin/../lib/gcc/arm-elf/4.0.2/../../../../arm-elf/lib/thumb/interwork/libc.a(strlen.o)
 .debug_line    0x00000de6       0xc2 /cygdrive/C/cygwin/GNUARM/bin/../lib/gcc/arm-elf/4.0.2/../../../../arm-elf/lib/thumb/interwork/libc.a(strncpy.o)

.debug_info     0x00000000     0x151e
 .debug_info    0x00000000       0x6a /cygdrive/C/cygwin/GNUARM/bin/../lib/gcc/arm-elf/4.0.2/thumb/interwork/libgcc.a(_udivsi3.o)
 .debug_info    0x0000006a       0x6a /cygdrive/C/cygwin/GNUARM/bin/../lib/gcc/arm-elf/4.0.2/thumb/interwork/libgcc.a(_divsi3.o)
 .debug_info    0x000000d4       0x6a /cygdrive/C/cygwin/GNUARM/bin/../lib/gcc/arm-elf/4.0.2/thumb/interwork/libgcc.a(_umodsi3.o)
 .debug_info    0x0000013e       0x6a /cygdrive/C/cygwin/GNUARM/bin/../lib/gcc/arm-elf/4.0.2/thumb/interwork/libgcc.a(_modsi3.o)
 .debug_info    0x000001a8       0x6a /cygdrive/C/cygwin/GNUARM/bin/../lib/gcc/arm-elf/4.0.2/thumb/interwork/libgcc.a(_dvmd_tls.o)
 .debug_info    0x00000212       0x69 /cygdrive/C/cygwin/GNUARM/bin/../lib/gcc/arm-elf/4.0.2/thumb/interwork/libgcc.a(_addsubdf3.o)
 .debug_info    0x0000027b       0x69 /cygdrive/C/cygwin/GNUARM/bin/../lib/gcc/arm-elf/4.0.2/thumb/interwork/libgcc.a(_muldivdf3.o)
 .debug_info    0x000002e4       0x69 /cygdrive/C/cygwin/GNUARM/bin/../lib/gcc/arm-elf/4.0.2/thumb/interwork/libgcc.a(_cmpdf2.o)
 .debug_info    0x0000034d       0x69 /cygdrive/C/cygwin/GNUARM/bin/../lib/gcc/arm-elf/4.0.2/thumb/interwork/libgcc.a(_addsubsf3.o)
 .debug_info    0x000003b6       0x69 /cygdrive/C/cygwin/GNUARM/bin/../lib/gcc/arm-elf/4.0.2/thumb/interwork/libgcc.a(_muldivsf3.o)
 .debug_info    0x0000041f       0x69 /cygdrive/C/cygwin/GNUARM/bin/../lib/gcc/arm-elf/4.0.2/thumb/interwork/libgcc.a(_cmpsf2.o)
 .debug_info    0x00000488       0x69 /cygdrive/C/cygwin/GNUARM/bin/../lib/gcc/arm-elf/4.0.2/thumb/interwork/libgcc.a(_fixsfsi.o)
 .debug_info    0x000004f1      0x20e /cygdrive/C/cygwin/GNUARM/bin/../lib/gcc/arm-elf/4.0.2/thumb/interwork/libgcc.a(_muldi3.o)
 .debug_info    0x000006ff      0x758 /cygdrive/C/cygwin/GNUARM/bin/../lib/gcc/arm-elf/4.0.2/thumb/interwork/libgcc.a(_divdi3.o)
 .debug_info    0x00000e57       0xc9 /cygdrive/C/cygwin/GNUARM/bin/../lib/gcc/arm-elf/4.0.2/thumb/interwork/libgcc.a(_clz.o)
 .debug_info    0x00000f20      0x10d /cygdrive/C/cygwin/GNUARM/bin/../lib/gcc/arm-elf/4.0.2/../../../../arm-elf/lib/thumb/interwork/libc.a(memcpy.o)
 .debug_info    0x0000102d      0x111 /cygdrive/C/cygwin/GNUARM/bin/../lib/gcc/arm-elf/4.0.2/../../../../arm-elf/lib/thumb/interwork/libc.a(memset.o)
 .debug_info    0x0000113e       0xd9 /cygdrive/C/cygwin/GNUARM/bin/../lib/gcc/arm-elf/4.0.2/../../../../arm-elf/lib/thumb/interwork/libc.a(strcmp.o)
 .debug_info    0x00001217      0x10c /cygdrive/C/cygwin/GNUARM/bin/../lib/gcc/arm-elf/4.0.2/../../../../arm-elf/lib/thumb/interwork/libc.a(strcpy.o)
 .debug_info    0x00001323       0xd5 /cygdrive/C/cygwin/GNUARM/bin/../lib/gcc/arm-elf/4.0.2/../../../../arm-elf/lib/thumb/interwork/libc.a(strlen.o)
 .debug_info    0x000013f8      0x126 /cygdrive/C/cygwin/GNUARM/bin/../lib/gcc/arm-elf/4.0.2/../../../../arm-elf/lib/thumb/interwork/libc.a(strncpy.o)

.debug_abbrev   0x00000000      0x6ed
 .debug_abbrev  0x00000000       0x14 /cygdrive/C/cygwin/GNUARM/bin/../lib/gcc/arm-elf/4.0.2/thumb/interwork/libgcc.a(_udivsi3.o)
 .debug_abbrev  0x00000014       0x14 /cygdrive/C/cygwin/GNUARM/bin/../lib/gcc/arm-elf/4.0.2/thumb/interwork/libgcc.a(_divsi3.o)
 .debug_abbrev  0x00000028       0x14 /cygdrive/C/cygwin/GNUARM/bin/../lib/gcc/arm-elf/4.0.2/thumb/interwork/libgcc.a(_umodsi3.o)
 .debug_abbrev  0x0000003c       0x14 /cygdrive/C/cygwin/GNUARM/bin/../lib/gcc/arm-elf/4.0.2/thumb/interwork/libgcc.a(_modsi3.o)
 .debug_abbrev  0x00000050       0x14 /cygdrive/C/cygwin/GNUARM/bin/../lib/gcc/arm-elf/4.0.2/thumb/interwork/libgcc.a(_dvmd_tls.o)
 .debug_abbrev  0x00000064       0x14 /cygdrive/C/cygwin/GNUARM/bin/../lib/gcc/arm-elf/4.0.2/thumb/interwork/libgcc.a(_addsubdf3.o)
 .debug_abbrev  0x00000078       0x14 /cygdrive/C/cygwin/GNUARM/bin/../lib/gcc/arm-elf/4.0.2/thumb/interwork/libgcc.a(_muldivdf3.o)
 .debug_abbrev  0x0000008c       0x14 /cygdrive/C/cygwin/GNUARM/bin/../lib/gcc/arm-elf/4.0.2/thumb/interwork/libgcc.a(_cmpdf2.o)
 .debug_abbrev  0x000000a0       0x14 /cygdrive/C/cygwin/GNUARM/bin/../lib/gcc/arm-elf/4.0.2/thumb/interwork/libgcc.a(_addsubsf3.o)
 .debug_abbrev  0x000000b4       0x14 /cygdrive/C/cygwin/GNUARM/bin/../lib/gcc/arm-elf/4.0.2/thumb/interwork/libgcc.a(_muldivsf3.o)
 .debug_abbrev  0x000000c8       0x14 /cygdrive/C/cygwin/GNUARM/bin/../lib/gcc/arm-elf/4.0.2/thumb/interwork/libgcc.a(_cmpsf2.o)
 .debug_abbrev  0x000000dc       0x14 /cygdrive/C/cygwin/GNUARM/bin/../lib/gcc/arm-elf/4.0.2/thumb/interwork/libgcc.a(_fixsfsi.o)
 .debug_abbrev  0x000000f0       0xec /cygdrive/C/cygwin/GNUARM/bin/../lib/gcc/arm-elf/4.0.2/thumb/interwork/libgcc.a(_muldi3.o)
 .debug_abbrev  0x000001dc      0x174 /cygdrive/C/cygwin/GNUARM/bin/../lib/gcc/arm-elf/4.0.2/thumb/interwork/libgcc.a(_divdi3.o)
 .debug_abbrev  0x00000350       0x61 /cygdrive/C/cygwin/GNUARM/bin/../lib/gcc/arm-elf/4.0.2/thumb/interwork/libgcc.a(_clz.o)
 .debug_abbrev  0x000003b1       0x99 /cygdrive/C/cygwin/GNUARM/bin/../lib/gcc/arm-elf/4.0.2/../../../../arm-elf/lib/thumb/interwork/libc.a(memcpy.o)
 .debug_abbrev  0x0000044a       0x9a /cygdrive/C/cygwin/GNUARM/bin/../lib/gcc/arm-elf/4.0.2/../../../../arm-elf/lib/thumb/interwork/libc.a(memset.o)
 .debug_abbrev  0x000004e4       0x71 /cygdrive/C/cygwin/GNUARM/bin/../lib/gcc/arm-elf/4.0.2/../../../../arm-elf/lib/thumb/interwork/libc.a(strcmp.o)
 .debug_abbrev  0x00000555       0x80 /cygdrive/C/cygwin/GNUARM/bin/../lib/gcc/arm-elf/4.0.2/../../../../arm-elf/lib/thumb/interwork/libc.a(strcpy.o)
 .debug_abbrev  0x000005d5       0x8b /cygdrive/C/cygwin/GNUARM/bin/../lib/gcc/arm-elf/4.0.2/../../../../arm-elf/lib/thumb/interwork/libc.a(strlen.o)
 .debug_abbrev  0x00000660       0x8d /cygdrive/C/cygwin/GNUARM/bin/../lib/gcc/arm-elf/4.0.2/../../../../arm-elf/lib/thumb/interwork/libc.a(strncpy.o)

.debug_aranges  0x00000000      0x280
 .debug_aranges
                0x00000000       0x20 /cygdrive/C/cygwin/GNUARM/bin/../lib/gcc/arm-elf/4.0.2/thumb/interwork/libgcc.a(_udivsi3.o)
 .debug_aranges
                0x00000020       0x20 /cygdrive/C/cygwin/GNUARM/bin/../lib/gcc/arm-elf/4.0.2/thumb/interwork/libgcc.a(_divsi3.o)
 .debug_aranges
                0x00000040       0x20 /cygdrive/C/cygwin/GNUARM/bin/../lib/gcc/arm-elf/4.0.2/thumb/interwork/libgcc.a(_umodsi3.o)
 .debug_aranges
                0x00000060       0x20 /cygdrive/C/cygwin/GNUARM/bin/../lib/gcc/arm-elf/4.0.2/thumb/interwork/libgcc.a(_modsi3.o)
 .debug_aranges
                0x00000080       0x20 /cygdrive/C/cygwin/GNUARM/bin/../lib/gcc/arm-elf/4.0.2/thumb/interwork/libgcc.a(_dvmd_tls.o)
 .debug_aranges
                0x000000a0       0x20 /cygdrive/C/cygwin/GNUARM/bin/../lib/gcc/arm-elf/4.0.2/thumb/interwork/libgcc.a(_addsubdf3.o)
 .debug_aranges
                0x000000c0       0x20 /cygdrive/C/cygwin/GNUARM/bin/../lib/gcc/arm-elf/4.0.2/thumb/interwork/libgcc.a(_muldivdf3.o)
 .debug_aranges
                0x000000e0       0x20 /cygdrive/C/cygwin/GNUARM/bin/../lib/gcc/arm-elf/4.0.2/thumb/interwork/libgcc.a(_cmpdf2.o)
 .debug_aranges
                0x00000100       0x20 /cygdrive/C/cygwin/GNUARM/bin/../lib/gcc/arm-elf/4.0.2/thumb/interwork/libgcc.a(_addsubsf3.o)
 .debug_aranges
                0x00000120       0x20 /cygdrive/C/cygwin/GNUARM/bin/../lib/gcc/arm-elf/4.0.2/thumb/interwork/libgcc.a(_muldivsf3.o)
 .debug_aranges
                0x00000140       0x20 /cygdrive/C/cygwin/GNUARM/bin/../lib/gcc/arm-elf/4.0.2/thumb/interwork/libgcc.a(_cmpsf2.o)
 .debug_aranges
                0x00000160       0x20 /cygdrive/C/cygwin/GNUARM/bin/../lib/gcc/arm-elf/4.0.2/thumb/interwork/libgcc.a(_fixsfsi.o)
 .debug_aranges
                0x00000180       0x20 /cygdrive/C/cygwin/GNUARM/bin/../lib/gcc/arm-elf/4.0.2/thumb/interwork/libgcc.a(_muldi3.o)
 .debug_aranges
                0x000001a0       0x20 /cygdrive/C/cygwin/GNUARM/bin/../lib/gcc/arm-elf/4.0.2/thumb/interwork/libgcc.a(_divdi3.o)
 .debug_aranges
                0x000001c0       0x20 /cygdrive/C/cygwin/GNUARM/bin/../lib/gcc/arm-elf/4.0.2/../../../../arm-elf/lib/thumb/interwork/libc.a(memcpy.o)
 .debug_aranges
                0x000001e0       0x20 /cygdrive/C/cygwin/GNUARM/bin/../lib/gcc/arm-elf/4.0.2/../../../../arm-elf/lib/thumb/interwork/libc.a(memset.o)
 .debug_aranges
                0x00000200       0x20 /cygdrive/C/cygwin/GNUARM/bin/../lib/gcc/arm-elf/4.0.2/../../../../arm-elf/lib/thumb/interwork/libc.a(strcmp.o)
 .debug_aranges
                0x00000220       0x20 /cygdrive/C/cygwin/GNUARM/bin/../lib/gcc/arm-elf/4.0.2/../../../../arm-elf/lib/thumb/interwork/libc.a(strcpy.o)
 .debug_aranges
                0x00000240       0x20 /cygdrive/C/cygwin/GNUARM/bin/../lib/gcc/arm-elf/4.0.2/../../../../arm-elf/lib/thumb/interwork/libc.a(strlen.o)
 .debug_aranges
                0x00000260       0x20 /cygdrive/C/cygwin/GNUARM/bin/../lib/gcc/arm-elf/4.0.2/../../../../arm-elf/lib/thumb/interwork/libc.a(strncpy.o)

.debug_frame    0x00000000      0x180
 .debug_frame   0x00000000       0x38 /cygdrive/C/cygwin/GNUARM/bin/../lib/gcc/arm-elf/4.0.2/thumb/interwork/libgcc.a(_muldi3.o)
 .debug_frame   0x00000038       0x3c /cygdrive/C/cygwin/GNUARM/bin/../lib/gcc/arm-elf/4.0.2/thumb/interwork/libgcc.a(_divdi3.o)
 .debug_frame   0x00000074       0x2c /cygdrive/C/cygwin/GNUARM/bin/../lib/gcc/arm-elf/4.0.2/../../../../arm-elf/lib/thumb/interwork/libc.a(memcpy.o)
 .debug_frame   0x000000a0       0x2c /cygdrive/C/cygwin/GNUARM/bin/../lib/gcc/arm-elf/4.0.2/../../../../arm-elf/lib/thumb/interwork/libc.a(memset.o)
 .debug_frame   0x000000cc       0x2c /cygdrive/C/cygwin/GNUARM/bin/../lib/gcc/arm-elf/4.0.2/../../../../arm-elf/lib/thumb/interwork/libc.a(strcmp.o)
 .debug_frame   0x000000f8       0x2c /cygdrive/C/cygwin/GNUARM/bin/../lib/gcc/arm-elf/4.0.2/../../../../arm-elf/lib/thumb/interwork/libc.a(strcpy.o)
 .debug_frame   0x00000124       0x2c /cygdrive/C/cygwin/GNUARM/bin/../lib/gcc/arm-elf/4.0.2/../../../../arm-elf/lib/thumb/interwork/libc.a(strlen.o)
 .debug_frame   0x00000150       0x30 /cygdrive/C/cygwin/GNUARM/bin/../lib/gcc/arm-elf/4.0.2/../../../../arm-elf/lib/thumb/interwork/libc.a(strncpy.o)
